Archive member included because of file (symbol)

C:\Program Files\Raisonance\Ride\Lib\ARM\e_stdio_thumb.a(_sp_printf.o)
                              C:\cortex\gateway\main.o (printf)
C:\Program Files\Raisonance\Ride\Lib\ARM\e_stdio_thumb.a(_sp_vfprintf.o)
                              C:\Program Files\Raisonance\Ride\Lib\ARM\e_stdio_thumb.a(_sp_printf.o) (vfprintf)
C:\Program Files\Raisonance\Ride\Lib\ARM\e_stdio_thumb.a(_sp_puts.o)
                              C:\cortex\gateway\main.o (puts)
C:\Program Files\Raisonance\Ride\Lib\ARM\e_stdio_thumb.a(small_dtoa.o)
                              C:\Program Files\Raisonance\Ride\Lib\ARM\e_stdio_thumb.a(_sp_vfprintf.o) (_dtoa_r)
C:\Program Files\Raisonance\Ride\Lib\ARM\e_stdio_thumb.a(small_wcsrtombs.o)
                              C:\Program Files\Raisonance\Ride\Lib\ARM\e_stdio_thumb.a(_sp_vfprintf.o) (_wcsrtombs_r)
C:\Program Files\Raisonance\Ride\Lib\ARM\e_stdio_thumb.a(small_wcrtomb.o)
                              C:\Program Files\Raisonance\Ride\Lib\ARM\e_stdio_thumb.a(_sp_vfprintf.o) (_wcrtomb_r)
C:\Program Files\Raisonance\Ride\Lib\ARM\e_stdio_thumb.a(small_mprec.o)
                              C:\Program Files\Raisonance\Ride\Lib\ARM\e_stdio_thumb.a(small_dtoa.o) (_small_hi0bits)
C:\Program Files\Raisonance\Ride\Lib\ARM\STM32F10x_thumb.lib(stm32f10x_dma.o)
                              C:\cortex\gateway\main.o (DMA_DeInit)
C:\Program Files\Raisonance\Ride\Lib\ARM\STM32F10x_thumb.lib(stm32f10x_flash.o)
                              C:\cortex\gateway\main.o (FLASH_SetLatency)
C:\Program Files\Raisonance\Ride\Lib\ARM\STM32F10x_thumb.lib(stm32f10x_gpio.o)
                              C:\cortex\gateway\main.o (GPIO_Init)
C:\Program Files\Raisonance\Ride\Lib\ARM\STM32F10x_thumb.lib(stm32f10x_nvic.o)
                              C:\cortex\gateway\main.o (NVIC_PriorityGroupConfig)
C:\Program Files\Raisonance\Ride\Lib\ARM\STM32F10x_thumb.lib(stm32f10x_wwdg.o)
                              C:\cortex\gateway\main.o (WWDG_SetPrescaler)
C:\Program Files\Raisonance\Ride\Lib\ARM\STM32F10x_thumb.lib(cortexm3_macro.o)
                              C:\cortex\gateway\main.o (__WFI)
c:/program files/raisonance/ride/arm-gcc/bin/../lib/gcc/arm-none-eabi/4.3.2/../../../../arm-none-eabi/lib/thumb2\libc.a(lib_a-impure.o)
                              C:\Program Files\Raisonance\Ride\Lib\ARM\e_stdio_thumb.a(_sp_vfprintf.o) (_impure_ptr)
c:/program files/raisonance/ride/arm-gcc/bin/../lib/gcc/arm-none-eabi/4.3.2/../../../../arm-none-eabi/lib/thumb2\libc.a(lib_a-memchr.o)
                              C:\Program Files\Raisonance\Ride\Lib\ARM\e_stdio_thumb.a(_sp_vfprintf.o) (memchr)
c:/program files/raisonance/ride/arm-gcc/bin/../lib/gcc/arm-none-eabi/4.3.2/../../../../arm-none-eabi/lib/thumb2\libc.a(lib_a-memcpy.o)
                              C:\Program Files\Raisonance\Ride\Lib\ARM\e_stdio_thumb.a(small_dtoa.o) (memcpy)
c:/program files/raisonance/ride/arm-gcc/bin/../lib/gcc/arm-none-eabi/4.3.2/../../../../arm-none-eabi/lib/thumb2\libc.a(lib_a-s_isinfd.o)
                              C:\Program Files\Raisonance\Ride\Lib\ARM\e_stdio_thumb.a(_sp_vfprintf.o) (__isinfd)
c:/program files/raisonance/ride/arm-gcc/bin/../lib/gcc/arm-none-eabi/4.3.2/../../../../arm-none-eabi/lib/thumb2\libc.a(lib_a-s_isnand.o)
                              C:\Program Files\Raisonance\Ride\Lib\ARM\e_stdio_thumb.a(_sp_vfprintf.o) (__isnand)
c:/program files/raisonance/ride/arm-gcc/bin/../lib/gcc/arm-none-eabi/4.3.2/../../../../arm-none-eabi/lib/thumb2\libc.a(lib_a-strlen.o)
                              C:\Program Files\Raisonance\Ride\Lib\ARM\e_stdio_thumb.a(_sp_vfprintf.o) (strlen)
c:/program files/raisonance/ride/arm-gcc/bin/../lib/gcc/arm-none-eabi/4.3.2/thumb2\libgcc.a(_udivsi3.o)
                              C:\Program Files\Raisonance\Ride\Lib\ARM\e_stdio_thumb.a(_sp_vfprintf.o) (__aeabi_uidiv)
c:/program files/raisonance/ride/arm-gcc/bin/../lib/gcc/arm-none-eabi/4.3.2/thumb2\libgcc.a(_divsi3.o)
                              C:\Program Files\Raisonance\Ride\Lib\ARM\e_stdio_thumb.a(_sp_vfprintf.o) (__aeabi_idiv)
c:/program files/raisonance/ride/arm-gcc/bin/../lib/gcc/arm-none-eabi/4.3.2/thumb2\libgcc.a(_dvmd_tls.o)
                              c:/program files/raisonance/ride/arm-gcc/bin/../lib/gcc/arm-none-eabi/4.3.2/thumb2\libgcc.a(_udivsi3.o) (__aeabi_idiv0)
c:/program files/raisonance/ride/arm-gcc/bin/../lib/gcc/arm-none-eabi/4.3.2/thumb2\libgcc.a(_arm_addsubdf3.o)
                              C:\Program Files\Raisonance\Ride\Lib\ARM\e_stdio_thumb.a(small_dtoa.o) (__aeabi_dsub)
c:/program files/raisonance/ride/arm-gcc/bin/../lib/gcc/arm-none-eabi/4.3.2/thumb2\libgcc.a(_arm_muldivdf3.o)
                              C:\Program Files\Raisonance\Ride\Lib\ARM\e_stdio_thumb.a(small_dtoa.o) (__aeabi_dmul)
c:/program files/raisonance/ride/arm-gcc/bin/../lib/gcc/arm-none-eabi/4.3.2/thumb2\libgcc.a(_arm_cmpdf2.o)
[...]
Memory Configuration

Name             Origin             Length             Attributes
RAM              0x20000000         0x00008000         xrw
FLASH            0x08000000         0x00008000         xr
STARTFLASH       0x00000000         0x00000000         xr
CRPPATCH         0x00000000         0x00000000         r
FLASHPATCH       0x00000000         0x00000000         r
ENDFLASH         0x00000000         0x00000000         xr
FLASHB1          0x00000000         0x00000000         xr
EXTMEMB0         0x00000000         0x00000000         xr
EXTMEMB1         0x00000000         0x00000000         xr
EXTMEMB2         0x00000000         0x00000000         xr
EXTMEMB3         0x00000000         0x00000000         xr
*default*        0x00000000         0xffffffff

Linker script and memory map

LOAD C:\Program Files\Raisonance\Ride\Lib\ARM\crt0_STM32x_HD.o
LOAD C:\cortex\gateway\stm32f10x_it.o
LOAD C:\cortex\gateway\main.o
LOAD C:\cortex\gateway\stm32f10x_rcc.o
LOAD C:\cortex\gateway\stm32f10x_usart.o
LOAD C:\cortex\gateway\stm32f10x_i2c.o
START GROUP
LOAD C:\Program Files\Raisonance\Ride\Lib\ARM\std_sbrk_thumb.lib
LOAD C:\Program Files\Raisonance\Ride\Lib\ARM\e_stdio_thumb.a
LOAD C:\Program Files\Raisonance\Ride\Lib\ARM\STM32F10x_thumb.lib
LOAD c:/program files/raisonance/ride/arm-gcc/bin/../lib/gcc/arm-none-eabi/4.3.2/../../../../arm-none-eabi/lib/thumb2\libc.a
LOAD c:/program files/raisonance/ride/arm-gcc/bin/../lib/gcc/arm-none-eabi/4.3.2/../../../../arm-none-eabi/lib/thumb2\libm.a
END GROUP
                0x00000400                __Stack_Size = 0x400
                0x00000400                PROVIDE (_Stack_Size, __Stack_Size)
                0x20007c00                __Stack_Init = (_estack - __Stack_Size)
                0x20007c00                PROVIDE (_Stack_Init, __Stack_Init)
                0x00000100                _Minimum_Stack_Size = 0x100
                0x00000000                PROVIDE (Undefined_Handler, 0x0)
                0x00000000                PROVIDE (SWI_Handler, 0x0)
                0x00000000                PROVIDE (IRQ_Handler, 0x0)
                0x00000000                PROVIDE (Prefetch_Handler, 0x0)
                0x00000000                PROVIDE (Abort_Handler, 0x0)
                0x00000000                PROVIDE (FIQ_Handler, 0x0)
                0x00000000                PROVIDE (NMIException, 0x0)
                0x00000000                PROVIDE (NMI_Handler, 0x0)
                0x00000000                PROVIDE (HardFaultException, 0x0)
                0x00000000                PROVIDE (HardFault_Handler, 0x0)
                0x00000000                PROVIDE (MemManageException, 0x0)
                0x00000000                PROVIDE (MemManage_Handler, 0x0)
                0x00000000                PROVIDE (BusFaultException, 0x0)
                0x00000000                PROVIDE (BusFault_Handler, 0x0)
                0x00000000                PROVIDE (UsageFaultException, 0x0)
                0x00000000                PROVIDE (UsageFault_Handler, 0x0)
                0x00000000                PROVIDE (SVCHandler, 0x0)
                0x00000000                PROVIDE (SVC_Handler, 0x0)
                0x00000000                PROVIDE (DebugMonitor, 0x0)
                0x00000000                PROVIDE (DebugMon_Handler, 0x0)
                0x00000000                PROVIDE (PendSVC, 0x0)
                0x00000000                PROVIDE (PendSV_Handler, 0x0)
                0x00000000                PROVIDE (SysTickHandler, 0x0)
                0x00000000                PROVIDE (SysTick_Handler, 0x0)
                0x00000000                PROVIDE (WWDG_IRQHandler, 0x0)
                0x00000000                PROVIDE (PVD_IRQHandler, 0x0)
                0x00000000                PROVIDE (TAMPER_IRQHandler, 0x0)
                0x00000000                PROVIDE (RTC_IRQHandler, 0x0)
                0x00000000                PROVIDE (FLASH_IRQHandler, 0x0)
                0x00000000                PROVIDE (RCC_IRQHandler, 0x0)
                0x00000000                PROVIDE (EXTI0_IRQHandler, 0x0)
                0x00000000                PROVIDE (EXTI1_IRQHandler, 0x0)
                0x00000000                PROVIDE (EXTI2_IRQHandler, 0x0)
                0x00000000                PROVIDE (EXTI3_IRQHandler, 0x0)
                0x00000000                PROVIDE (EXTI4_IRQHandler, 0x0)
                0x00000000                PROVIDE (DMAChannel1_IRQHandler, 0x0)
                0x00000000                PROVIDE (DMAChannel2_IRQHandler, 0x0)
                0x00000000                PROVIDE (DMAChannel3_IRQHandler, 0x0)
                0x00000000                PROVIDE (DMAChannel4_IRQHandler, 0x0)
                0x00000000                PROVIDE (DMAChannel5_IRQHandler, 0x0)
                0x00000000                PROVIDE (DMAChannel6_IRQHandler, 0x0)
                0x00000000                PROVIDE (DMAChannel7_IRQHandler, 0x0)
                0x00000000                PROVIDE (DMA1_Channel1_IRQHandler, 0x0)
                0x00000000                PROVIDE (DMA1_Channel2_IRQHandler, 0x0)
                0x00000000                PROVIDE (DMA1_Channel3_IRQHandler, 0x0)
                0x00000000                PROVIDE (DMA1_Channel4_IRQHandler, 0x0)
                0x00000000                PROVIDE (DMA1_Channel5_IRQHandler, 0x0)
                0x00000000                PROVIDE (DMA1_Channel6_IRQHandler, 0x0)
                0x00000000                PROVIDE (DMA1_Channel7_IRQHandler, 0x0)
                0x00000000                PROVIDE (ADC_IRQHandler, 0x0)
                0x00000000                PROVIDE (ADC1_2_IRQHandler, 0x0)
                0x00000000                PROVIDE (USB_HP_CAN_TX_IRQHandler, 0x0)
                0x00000000                PROVIDE (USB_HP_CAN1_TX_IRQHandler, 0x0)
                0x00000000                PROVIDE (USB_LP_CAN_RX0_IRQHandler, 0x0)
                0x00000000                PROVIDE (USB_LP_CAN1_RX0_IRQHandler, 0x0)
                0x00000000                PROVIDE (CAN_RX1_IRQHandler, 0x0)
                0x00000000                PROVIDE (CAN1_RX1_IRQHandler, 0x0)
                0x00000000                PROVIDE (CAN_SCE_IRQHandler, 0x0)
                0x00000000                PROVIDE (CAN1_SCE_IRQHandler, 0x0)
                0x00000000                PROVIDE (EXTI9_5_IRQHandler, 0x0)
                0x00000000                PROVIDE (TIM1_BRK_IRQHandler, 0x0)
                0x00000000                PROVIDE (TIM1_UP_IRQHandler, 0x0)
                0x00000000                PROVIDE (TIM1_TRG_COM_IRQHandler, 0x0)
                0x00000000                PROVIDE (TIM1_CC_IRQHandler, 0x0)
                0x00000000                PROVIDE (TIM2_IRQHandler, 0x0)
                0x00000000                PROVIDE (TIM3_IRQHandler, 0x0)
                0x00000000                PROVIDE (TIM4_IRQHandler, 0x0)
                0x00000000                PROVIDE (I2C1_EV_IRQHandler, 0x0)
                0x00000000                PROVIDE (I2C1_ER_IRQHandler, 0x0)
                0x00000000                PROVIDE (I2C2_EV_IRQHandler, 0x0)
                0x00000000                PROVIDE (I2C2_ER_IRQHandler, 0x0)
                0x00000000                PROVIDE (SPI1_IRQHandler, 0x0)
                0x00000000                PROVIDE (SPI2_IRQHandler, 0x0)
                0x00000000                PROVIDE (USART1_IRQHandler, 0x0)
                0x00000000                PROVIDE (USART2_IRQHandler, 0x0)
                0x00000000                PROVIDE (USART3_IRQHandler, 0x0)
                0x00000000                PROVIDE (EXTI15_10_IRQHandler, 0x0)
                0x00000000                PROVIDE (RTCAlarm_IRQHandler, 0x0)
                0x00000000                PROVIDE (USBWakeUp_IRQHandler, 0x0)
                0x00000000                PROVIDE (TIM8_BRK_IRQHandler, 0x0)
                0x00000000                PROVIDE (TIM8_UP_IRQHandler, 0x0)
                0x00000000                PROVIDE (TIM8_TRG_COM_IRQHandler, 0x0)
                0x00000000                PROVIDE (TIM8_CC_IRQHandler, 0x0)
                0x00000000                PROVIDE (ADC3_IRQHandler, 0x0)
                0x00000000                PROVIDE (FSMC_IRQHandler, 0x0)
                0x00000000                PROVIDE (SDIO_IRQHandler, 0x0)
                0x00000000                PROVIDE (TIM5_IRQHandler, 0x0)
                0x00000000                PROVIDE (SPI3_IRQHandler, 0x0)
                0x00000000                PROVIDE (UART4_IRQHandler, 0x0)
                0x00000000                PROVIDE (UART5_IRQHandler, 0x0)
                0x00000000                PROVIDE (TIM6_IRQHandler, 0x0)
                0x00000000                PROVIDE (TIM7_IRQHandler, 0x0)
                0x00000000                PROVIDE (DMA2_Channel1_IRQHandler, 0x0)
                0x00000000                PROVIDE (DMA2_Channel2_IRQHandler, 0x0)
                0x00000000                PROVIDE (DMA2_Channel3_IRQHandler, 0x0)
                0x00000000                PROVIDE (DMA2_Channel4_5_IRQHandler, 0x0)
                0x42000000                PERIPH_BB_BASE = 0x42000000
                0x22000000                SRAM_BB_BASE = 0x22000000
                0x20000000                SRAM_BASE = 0x20000000
                0x40000000                PERIPH_BASE = 0x40000000
                0x40022000                PROVIDE (FLASH_BASE, 0x40022000)
                0x1ffff800                PROVIDE (OB_BASE, 0x1ffff800)
                0x40000000                APB1PERIPH_BASE = PERIPH_BASE
                0x40010000                APB2PERIPH_BASE = (PERIPH_BASE + 0x10000)
                0x40020000                AHBPERIPH_BASE = (PERIPH_BASE + 0x20000)
                0x40000000                PROVIDE (TIM2, (APB1PERIPH_BASE + 0x0))
                0x40000400                PROVIDE (TIM3, (APB1PERIPH_BASE + 0x400))
                0x40000800                PROVIDE (TIM4, (APB1PERIPH_BASE + 0x800))
                0x40002800                PROVIDE (RTC, (APB1PERIPH_BASE + 0x2800))
                0x40002c00                PROVIDE (WWDG, (APB1PERIPH_BASE + 0x2c00))
                0x40003000                PROVIDE (IWDG, (APB1PERIPH_BASE + 0x3000))
                0x40003800                PROVIDE (SPI2, (APB1PERIPH_BASE + 0x3800))
                0x40004400                PROVIDE (USART2, (APB1PERIPH_BASE + 0x4400))
                0x40004800                PROVIDE (USART3, (APB1PERIPH_BASE + 0x4800))
                0x40005400                PROVIDE (I2C1, (APB1PERIPH_BASE + 0x5400))
                0x40005800                PROVIDE (I2C2, (APB1PERIPH_BASE + 0x5800))
                0x40006400                PROVIDE (CAN, (APB1PERIPH_BASE + 0x6400))
                0x40006c00                PROVIDE (BKP, (APB1PERIPH_BASE + 0x6c00))
                0x40007000                PROVIDE (PWR, (APB1PERIPH_BASE + 0x7000))
                0x40010000                PROVIDE (AFIO, (APB2PERIPH_BASE + 0x0))
                0x40010400                PROVIDE (EXTI, (APB2PERIPH_BASE + 0x400))
                0x40010800                PROVIDE (GPIOA, (APB2PERIPH_BASE + 0x800))
                0x40010c00                PROVIDE (GPIOB, (APB2PERIPH_BASE + 0xc00))
                0x40011000                PROVIDE (GPIOC, (APB2PERIPH_BASE + 0x1000))
                0x40011400                PROVIDE (GPIOD, (APB2PERIPH_BASE + 0x1400))
                0x40011800                PROVIDE (GPIOE, (APB2PERIPH_BASE + 0x1800))
                0x40012400                PROVIDE (ADC1, (APB2PERIPH_BASE + 0x2400))
                0x40012800                PROVIDE (ADC2, (APB2PERIPH_BASE + 0x2800))
                0x40012c00                PROVIDE (TIM1, (APB2PERIPH_BASE + 0x2c00))
                0x40013000                PROVIDE (SPI1, (APB2PERIPH_BASE + 0x3000))
                0x40013800                PROVIDE (USART1, (APB2PERIPH_BASE + 0x3800))
                0x40020000                PROVIDE (DMA, (AHBPERIPH_BASE + 0x0))
                0x40020008                PROVIDE (DMA_Channel1, (AHBPERIPH_BASE + 0x8))
                0x4002001c                PROVIDE (DMA_Channel2, (AHBPERIPH_BASE + 0x1c))
                0x40020030                PROVIDE (DMA_Channel3, (AHBPERIPH_BASE + 0x30))
                0x40020044                PROVIDE (DMA_Channel4, (AHBPERIPH_BASE + 0x44))
                0x40020058                PROVIDE (DMA_Channel5, (AHBPERIPH_BASE + 0x58))
                0x4002006c                PROVIDE (DMA_Channel6, (AHBPERIPH_BASE + 0x6c))
                0x40020080                PROVIDE (DMA_Channel7, (AHBPERIPH_BASE + 0x80))
                0x40021000                PROVIDE (RCC, (AHBPERIPH_BASE + 0x1000))
                0xe000e000                SCS_BASE = 0xe000e000
                0xe000e010                PROVIDE (SysTick, (SCS_BASE + 0x10))
                0xe000e100                PROVIDE (NVIC, (SCS_BASE + 0x100))
                0xe000ed00                PROVIDE (SCB, (SCS_BASE + 0xd00))
                0x20008000                _estack = 0x20008000

.isr_vector     0x08000000      0x1e4
                0x08000000                . = ALIGN (0x4)
 *(.isr_vector)
 .isr_vector    0x08000000      0x1e4 C:\Program Files\Raisonance\Ride\Lib\ARM\crt0_STM32x_HD.o
                0x08000000                g_pfnVectors
                0x080001e4                . = ALIGN (0x4)

.flash_start    0x00000000        0x0
                0x00000000                . = ALIGN (0x4)
 *(.flash_start)
 *(.flash_start.*)
                0x00000000                . = ALIGN (0x4)

.crp_patch      0x00000000        0x0
                0x00000000                . = ALIGN (0x4)
 *(.crp_patch)
                0x00000000                . = ALIGN (0x4)

.flashtext      0x080001e4        0x0
                0x080001e4                . = ALIGN (0x4)
 *(.flashtext)
                0x080001e4                . = ALIGN (0x4)

.text           0x080001e8     0x47bc
                0x080001e8                . = ALIGN (0x4)
 *(.text)
 .text          0x080001e8       0x7a C:\Program Files\Raisonance\Ride\Lib\ARM\STM32F10x_thumb.lib(cortexm3_macro.o)
                0x0800020a                __MRS_CONTROL
                0x08000254                __GetBASEPRI
                0x08000220                __MSR_PSP
                0x0800023a                __READ_PRIMASK
                0x08000232                __RESETPRIMASK
                0x08000244                __SETFAULTMASK
                0x080001f0                __SEV
                0x080001ec                __WFE
                0x08000240                __RESETFAULTMASK
                0x08000226                __MRS_MSP
                0x0800022c                __MSR_MSP
                0x0800021a                __MRS_PSP
                0x0800025a                __REV_HalfWord
                0x080001e8                __WFI
                0x08000210                __MSR_CONTROL
                0x0800024e                __BASEPRICONFIG
                0x08000236                __SETPRIMASK
                0x0800025e                __REV_Word
                0x08000206                __SVC
                0x080001f4                __ISB
                0x080001fa                __DSB
                0x08000248                __READ_FAULTMASK
                0x08000200                __DMB
 *fill*         0x08000262        0x2 00
 .text          0x08000264       0x80 c:/program files/raisonance/ride/arm-gcc/bin/../lib/gcc/arm-none-eabi/4.3.2/../../../../arm-none-eabi/lib/thumb2\libc.a(lib_a-memchr.o)
                0x08000264                memchr
 .text          0x080002e4       0x98 c:/program files/raisonance/ride/arm-gcc/bin/../lib/gcc/arm-none-eabi/4.3.2/../../../../arm-none-eabi/lib/thumb2\libc.a(lib_a-memcpy.o)
                0x080002e4                memcpy
 .text          0x0800037c       0x24 c:/program files/raisonance/ride/arm-gcc/bin/../lib/gcc/arm-none-eabi/4.3.2/../../../../arm-none-eabi/lib/thumb2\libc.a(lib_a-s_isinfd.o)
                0x0800037c                __isinfd
 .text          0x080003a0       0x20 c:/program files/raisonance/ride/arm-gcc/bin/../lib/gcc/arm-none-eabi/4.3.2/../../../../arm-none-eabi/lib/thumb2\libc.a(lib_a-s_isnand.o)
                0x080003a0                __isnand
 .text          0x080003c0       0x34 c:/program files/raisonance/ride/arm-gcc/bin/../lib/gcc/arm-none-eabi/4.3.2/../../../../arm-none-eabi/lib/thumb2\libc.a(lib_a-strlen.o)
                0x080003c0                strlen
 .text          0x080003f4       0x8c c:/program files/raisonance/ride/arm-gcc/bin/../lib/gcc/arm-none-eabi/4.3.2/thumb2\libgcc.a(_udivsi3.o)
                0x080003f4                __udivsi3
                0x080003f4                __aeabi_uidiv
                0x0800046c                __aeabi_uidivmod
 .text          0x08000480       0xb0 c:/program files/raisonance/ride/arm-gcc/bin/../lib/gcc/arm-none-eabi/4.3.2/thumb2\libgcc.a(_divsi3.o)
                0x08000480                __aeabi_idiv
                0x08000480                __divsi3
                0x0800051c                __aeabi_idivmod
 .text          0x08000530        0x4 c:/program files/raisonance/ride/arm-gcc/bin/../lib/gcc/arm-none-eabi/4.3.2/thumb2\libgcc.a(_dvmd_tls.o)
                0x08000530                __aeabi_ldiv0
                0x08000530                __aeabi_idiv0
 .text          0x08000534      0x370 c:/program files/raisonance/ride/arm-gcc/bin/../lib/gcc/arm-none-eabi/4.3.2/thumb2\libgcc.a(_arm_addsubdf3.o)
                0x08000848                __floatdidf
                0x080007d8                __floatsidf
                0x080007b8                __aeabi_ui2d
                0x08000534                __aeabi_drsub
                0x080007fc                __extendsfdf2
                0x08000540                __adddf3
                0x080007b8                __floatunsidf
                0x08000540                __aeabi_dadd
                0x08000838                __aeabi_ul2d
                0x0800053c                __aeabi_dsub
                0x08000838                __floatundidf
                0x080007d8                __aeabi_i2d
                0x08000848                __aeabi_l2d
                0x080007fc                __aeabi_f2d
                0x0800053c                __subdf3
 .text          0x080008a4      0x424 c:/program files/raisonance/ride/arm-gcc/bin/../lib/gcc/arm-none-eabi/4.3.2/thumb2\libgcc.a(_arm_muldivdf3.o)
                0x08000af8                __aeabi_ddiv
                0x080008a4                __aeabi_dmul
                0x08000af8                __divdf3
                0x080008a4                __muldf3
 .text          0x08000cc8      0x10c c:/program files/raisonance/ride/arm-gcc/bin/../lib/gcc/arm-none-eabi/4.3.2/thumb2\libgcc.a(_arm_cmpdf2.o)
                0x08000d98                __aeabi_dcmple
                0x08000cd8                __cmpdf2
                0x08000cd8                __eqdf2
                0x08000cc8                __gtdf2
                0x08000d60                __aeabi_cdcmple
                0x08000d50                __aeabi_cdrcmple
                0x08000cd0                __ltdf2
                0x08000d84                __aeabi_dcmplt
                0x08000cd0                __ledf2
                0x08000dc0                __aeabi_dcmpgt
                0x08000dac                __aeabi_dcmpge
                0x08000cd8                __nedf2
                0x08000d70                __aeabi_dcmpeq
                0x08000d60                __aeabi_cdcmpeq
                0x08000cc8                __gedf2
 .text          0x08000dd4       0x50 c:/program files/raisonance/ride/arm-gcc/bin/../lib/gcc/arm-none-eabi/4.3.2/thumb2\libgcc.a(_arm_fixdfsi.o)
                0x08000dd4                __fixdfsi
                0x08000dd4                __aeabi_d2iz
 *(.text.*)
 .text.Reset_Handler
                0x08000e24       0x88 C:\Program Files\Raisonance\Ride\Lib\ARM\crt0_STM32x_HD.o
                0x08000e24                Reset_Handler
 .text.NMIException
                0x08000eac        0x4 C:\cortex\gateway\stm32f10x_it.o
                0x08000eac                NMIException
 .text.HardFaultException
                0x08000eb0        0x4 C:\cortex\gateway\stm32f10x_it.o
                0x08000eb0                HardFaultException
 .text.MemManageException
                0x08000eb4        0x4 C:\cortex\gateway\stm32f10x_it.o
                0x08000eb4                MemManageException
 .text.BusFaultException
                0x08000eb8        0x4 C:\cortex\gateway\stm32f10x_it.o
                0x08000eb8                BusFaultException
 .text.UsageFaultException
                0x08000ebc        0x4 C:\cortex\gateway\stm32f10x_it.o
                0x08000ebc                UsageFaultException
 .text.DebugMonitor
                0x08000ec0        0x4 C:\cortex\gateway\stm32f10x_it.o
                0x08000ec0                DebugMonitor
 .text.SVCHandler
                0x08000ec4        0x4 C:\cortex\gateway\stm32f10x_it.o
                0x08000ec4                SVCHandler
 .text.PendSVC  0x08000ec8        0x4 C:\cortex\gateway\stm32f10x_it.o
                0x08000ec8                PendSVC
 .text.SysTickHandler
                0x08000ecc        0x4 C:\cortex\gateway\stm32f10x_it.o
                0x08000ecc                SysTickHandler
 .text.PVD_IRQHandler
                0x08000ed0        0x4 C:\cortex\gateway\stm32f10x_it.o
                0x08000ed0                PVD_IRQHandler
 .text.TAMPER_IRQHandler
                0x08000ed4        0x4 C:\cortex\gateway\stm32f10x_it.o
                0x08000ed4                TAMPER_IRQHandler
 .text.RTC_IRQHandler
                0x08000ed8        0x4 C:\cortex\gateway\stm32f10x_it.o
                0x08000ed8                RTC_IRQHandler
 .text.FLASH_IRQHandler
                0x08000edc        0x4 C:\cortex\gateway\stm32f10x_it.o
                0x08000edc                FLASH_IRQHandler
 .text.RCC_IRQHandler
                0x08000ee0        0x4 C:\cortex\gateway\stm32f10x_it.o
                0x08000ee0                RCC_IRQHandler
 .text.EXTI0_IRQHandler
                0x08000ee4        0x4 C:\cortex\gateway\stm32f10x_it.o
                0x08000ee4                EXTI0_IRQHandler
 .text.EXTI1_IRQHandler
                0x08000ee8        0x4 C:\cortex\gateway\stm32f10x_it.o
                0x08000ee8                EXTI1_IRQHandler
 .text.EXTI2_IRQHandler
                0x08000eec        0x4 C:\cortex\gateway\stm32f10x_it.o
                0x08000eec                EXTI2_IRQHandler
 .text.EXTI3_IRQHandler
                0x08000ef0        0x4 C:\cortex\gateway\stm32f10x_it.o
                0x08000ef0                EXTI3_IRQHandler
 .text.EXTI4_IRQHandler
                0x08000ef4        0x4 C:\cortex\gateway\stm32f10x_it.o
                0x08000ef4                EXTI4_IRQHandler
 .text.DMA1_Channel1_IRQHandler
                0x08000ef8        0x4 C:\cortex\gateway\stm32f10x_it.o
                0x08000ef8                DMA1_Channel1_IRQHandler
 .text.DMA1_Channel2_IRQHandler
                0x08000efc        0x4 C:\cortex\gateway\stm32f10x_it.o
                0x08000efc                DMA1_Channel2_IRQHandler
 .text.DMA1_Channel3_IRQHandler
                0x08000f00        0x4 C:\cortex\gateway\stm32f10x_it.o
                0x08000f00                DMA1_Channel3_IRQHandler
 .text.DMA1_Channel6_IRQHandler
                0x08000f04        0x4 C:\cortex\gateway\stm32f10x_it.o
                0x08000f04                DMA1_Channel6_IRQHandler
 .text.DMA1_Channel7_IRQHandler
                0x08000f08        0x4 C:\cortex\gateway\stm32f10x_it.o
                0x08000f08                DMA1_Channel7_IRQHandler
 .text.ADC1_2_IRQHandler
                0x08000f0c        0x4 C:\cortex\gateway\stm32f10x_it.o
                0x08000f0c                ADC1_2_IRQHandler
 .text.USB_HP_CAN_TX_IRQHandler
                0x08000f10        0x4 C:\cortex\gateway\stm32f10x_it.o
                0x08000f10                USB_HP_CAN_TX_IRQHandler
 .text.USB_LP_CAN_RX0_IRQHandler
                0x08000f14        0x4 C:\cortex\gateway\stm32f10x_it.o
                0x08000f14                USB_LP_CAN_RX0_IRQHandler
 .text.CAN_RX1_IRQHandler
                0x08000f18        0x4 C:\cortex\gateway\stm32f10x_it.o
                0x08000f18                CAN_RX1_IRQHandler
 .text.CAN_SCE_IRQHandler
                0x08000f1c        0x4 C:\cortex\gateway\stm32f10x_it.o
                0x08000f1c                CAN_SCE_IRQHandler
 .text.EXTI9_5_IRQHandler
                0x08000f20        0x4 C:\cortex\gateway\stm32f10x_it.o
                0x08000f20                EXTI9_5_IRQHandler
 .text.TIM1_BRK_IRQHandler
                0x08000f24        0x4 C:\cortex\gateway\stm32f10x_it.o
                0x08000f24                TIM1_BRK_IRQHandler
 .text.TIM1_UP_IRQHandler
                0x08000f28        0x4 C:\cortex\gateway\stm32f10x_it.o
                0x08000f28                TIM1_UP_IRQHandler
 .text.TIM1_TRG_COM_IRQHandler
                0x08000f2c        0x4 C:\cortex\gateway\stm32f10x_it.o
                0x08000f2c                TIM1_TRG_COM_IRQHandler
 .text.TIM1_CC_IRQHandler
                0x08000f30        0x4 C:\cortex\gateway\stm32f10x_it.o
                0x08000f30                TIM1_CC_IRQHandler
 .text.TIM2_IRQHandler
                0x08000f34        0x4 C:\cortex\gateway\stm32f10x_it.o
                0x08000f34                TIM2_IRQHandler
 .text.TIM3_IRQHandler
                0x08000f38        0x4 C:\cortex\gateway\stm32f10x_it.o
                0x08000f38                TIM3_IRQHandler
 .text.TIM4_IRQHandler
                0x08000f3c        0x4 C:\cortex\gateway\stm32f10x_it.o
                0x08000f3c                TIM4_IRQHandler
 .text.I2C1_EV_IRQHandler
                0x08000f40        0x4 C:\cortex\gateway\stm32f10x_it.o
                0x08000f40                I2C1_EV_IRQHandler
 .text.I2C1_ER_IRQHandler
                0x08000f44        0x4 C:\cortex\gateway\stm32f10x_it.o
                0x08000f44                I2C1_ER_IRQHandler
 .text.SPI1_IRQHandler
                0x08000f48        0x4 C:\cortex\gateway\stm32f10x_it.o
                0x08000f48                SPI1_IRQHandler
 .text.SPI2_IRQHandler
                0x08000f4c        0x4 C:\cortex\gateway\stm32f10x_it.o
                0x08000f4c                SPI2_IRQHandler
 .text.USART1_IRQHandler
                0x08000f50        0x4 C:\cortex\gateway\stm32f10x_it.o
                0x08000f50                USART1_IRQHandler
 .text.USART2_IRQHandler
                0x08000f54        0x4 C:\cortex\gateway\stm32f10x_it.o
                0x08000f54                USART2_IRQHandler
 .text.USART3_IRQHandler
                0x08000f58        0x4 C:\cortex\gateway\stm32f10x_it.o
                0x08000f58                USART3_IRQHandler
 .text.EXTI15_10_IRQHandler
                0x08000f5c        0x4 C:\cortex\gateway\stm32f10x_it.o
                0x08000f5c                EXTI15_10_IRQHandler
 .text.RTCAlarm_IRQHandler
                0x08000f60        0x4 C:\cortex\gateway\stm32f10x_it.o
                0x08000f60                RTCAlarm_IRQHandler
 .text.USBWakeUp_IRQHandler
                0x08000f64        0x4 C:\cortex\gateway\stm32f10x_it.o
                0x08000f64                USBWakeUp_IRQHandler
 .text.TIM8_BRK_IRQHandler
                0x08000f68        0x4 C:\cortex\gateway\stm32f10x_it.o
                0x08000f68                TIM8_BRK_IRQHandler
 .text.TIM8_UP_IRQHandler
                0x08000f6c        0x4 C:\cortex\gateway\stm32f10x_it.o
                0x08000f6c                TIM8_UP_IRQHandler
 .text.TIM8_TRG_COM_IRQHandler
                0x08000f70        0x4 C:\cortex\gateway\stm32f10x_it.o
                0x08000f70                TIM8_TRG_COM_IRQHandler
 .text.TIM8_CC_IRQHandler
                0x08000f74        0x4 C:\cortex\gateway\stm32f10x_it.o
                0x08000f74                TIM8_CC_IRQHandler
 .text.ADC3_IRQHandler
                0x08000f78        0x4 C:\cortex\gateway\stm32f10x_it.o
                0x08000f78                ADC3_IRQHandler
 .text.FSMC_IRQHandler
                0x08000f7c        0x4 C:\cortex\gateway\stm32f10x_it.o
                0x08000f7c                FSMC_IRQHandler
 .text.SDIO_IRQHandler
                0x08000f80        0x4 C:\cortex\gateway\stm32f10x_it.o
                0x08000f80                SDIO_IRQHandler
 .text.TIM5_IRQHandler
                0x08000f84        0x4 C:\cortex\gateway\stm32f10x_it.o
                0x08000f84                TIM5_IRQHandler
 .text.SPI3_IRQHandler
                0x08000f88        0x4 C:\cortex\gateway\stm32f10x_it.o
                0x08000f88                SPI3_IRQHandler
 .text.UART4_IRQHandler
                0x08000f8c        0x4 C:\cortex\gateway\stm32f10x_it.o
                0x08000f8c                UART4_IRQHandler
 .text.UART5_IRQHandler
                0x08000f90        0x4 C:\cortex\gateway\stm32f10x_it.o
                0x08000f90                UART5_IRQHandler
 .text.TIM6_IRQHandler
                0x08000f94        0x4 C:\cortex\gateway\stm32f10x_it.o
                0x08000f94                TIM6_IRQHandler
 .text.TIM7_IRQHandler
                0x08000f98        0x4 C:\cortex\gateway\stm32f10x_it.o
                0x08000f98                TIM7_IRQHandler
 .text.DMA2_Channel1_IRQHandler
                0x08000f9c        0x4 C:\cortex\gateway\stm32f10x_it.o
                0x08000f9c                DMA2_Channel1_IRQHandler
 .text.DMA2_Channel2_IRQHandler
                0x08000fa0        0x4 C:\cortex\gateway\stm32f10x_it.o
                0x08000fa0                DMA2_Channel2_IRQHandler
 .text.DMA2_Channel3_IRQHandler
                0x08000fa4        0x4 C:\cortex\gateway\stm32f10x_it.o
                0x08000fa4                DMA2_Channel3_IRQHandler
 .text.DMA2_Channel4_5_IRQHandler
                0x08000fa8        0x4 C:\cortex\gateway\stm32f10x_it.o
                0x08000fa8                DMA2_Channel4_5_IRQHandler
 .text.I2C2_ER_IRQHandler
                0x08000fac       0x60 C:\cortex\gateway\stm32f10x_it.o
                0x08000fac                I2C2_ER_IRQHandler
 .text.I2C2_EV_IRQHandler
                0x0800100c      0x194 C:\cortex\gateway\stm32f10x_it.o
                0x0800100c                I2C2_EV_IRQHandler
 .text.DMA1_Channel5_IRQHandler
                0x080011a0       0x44 C:\cortex\gateway\stm32f10x_it.o
                0x080011a0                DMA1_Channel5_IRQHandler
 .text.DMA1_Channel4_IRQHandler
                0x080011e4       0x48 C:\cortex\gateway\stm32f10x_it.o
                0x080011e4                DMA1_Channel4_IRQHandler
 .text.WWDG_IRQHandler
                0x0800122c       0x10 C:\cortex\gateway\stm32f10x_it.o
                0x0800122c                WWDG_IRQHandler
 .text.__io_putchar
                0x0800123c       0x20 C:\cortex\gateway\main.o
                0x0800123c                __io_putchar
 .text.DMA_Configuration
                0x0800125c       0xa4 C:\cortex\gateway\main.o
                0x0800125c                DMA_Configuration
 .text.NVIC_Configuration
                0x08001300       0x64 C:\cortex\gateway\main.o
                0x08001300                NVIC_Configuration
 .text.GPIO_Configuration
                0x08001364       0xbc C:\cortex\gateway\main.o
                0x08001364                GPIO_Configuration
 .text.RCC_Configuration
                0x08001420       0x98 C:\cortex\gateway\main.o
                0x08001420                RCC_Configuration
 .text.USART_Init1
                0x080014b8       0x84 C:\cortex\gateway\main.o
                0x080014b8                USART_Init1
 .text.I2C_Initialize
                0x0800153c       0x58 C:\cortex\gateway\main.o
                0x0800153c                I2C_Initialize
 .text.main     0x08001594      0x140 C:\cortex\gateway\main.o
                0x08001594                main
 .text.RCC_HSEConfig
                0x080016d4       0x38 C:\cortex\gateway\stm32f10x_rcc.o
                0x080016d4                RCC_HSEConfig
 .text.RCC_PLLConfig
                0x0800170c       0x14 C:\cortex\gateway\stm32f10x_rcc.o
                0x0800170c                RCC_PLLConfig
 .text.RCC_PLLCmd
                0x08001720        0xc C:\cortex\gateway\stm32f10x_rcc.o
                0x08001720                RCC_PLLCmd
 .text.RCC_SYSCLKConfig
                0x0800172c       0x14 C:\cortex\gateway\stm32f10x_rcc.o
                0x0800172c                RCC_SYSCLKConfig
 .text.RCC_GetSYSCLKSource
                0x08001740       0x10 C:\cortex\gateway\stm32f10x_rcc.o
                0x08001740                RCC_GetSYSCLKSource
 .text.RCC_HCLKConfig
                0x08001750       0x14 C:\cortex\gateway\stm32f10x_rcc.o
                0x08001750                RCC_HCLKConfig
 .text.RCC_PCLK1Config
                0x08001764       0x14 C:\cortex\gateway\stm32f10x_rcc.o
                0x08001764                RCC_PCLK1Config
 .text.RCC_PCLK2Config
                0x08001778       0x14 C:\cortex\gateway\stm32f10x_rcc.o
                0x08001778                RCC_PCLK2Config
 .text.RCC_GetClocksFreq
                0x0800178c       0x98 C:\cortex\gateway\stm32f10x_rcc.o
                0x0800178c                RCC_GetClocksFreq
 .text.RCC_AHBPeriphClockCmd
                0x08001824       0x1c C:\cortex\gateway\stm32f10x_rcc.o
                0x08001824                RCC_AHBPeriphClockCmd
 .text.RCC_APB2PeriphClockCmd
                0x08001840       0x1c C:\cortex\gateway\stm32f10x_rcc.o
                0x08001840                RCC_APB2PeriphClockCmd
 .text.RCC_APB1PeriphClockCmd
                0x0800185c       0x1c C:\cortex\gateway\stm32f10x_rcc.o
                0x0800185c                RCC_APB1PeriphClockCmd
 .text.RCC_GetFlagStatus
                0x08001878       0x2c C:\cortex\gateway\stm32f10x_rcc.o
                0x08001878                RCC_GetFlagStatus
 .text.RCC_WaitForHSEStartUp
                0x080018a4       0x2c C:\cortex\gateway\stm32f10x_rcc.o
                0x080018a4                RCC_WaitForHSEStartUp
 .text.USART_Cmd
                0x080018d0       0x1c C:\cortex\gateway\stm32f10x_usart.o
                0x080018d0                USART_Cmd
 .text.USART_DMACmd
                0x080018ec       0x18 C:\cortex\gateway\stm32f10x_usart.o
                0x080018ec                USART_DMACmd
 .text.USART_SendData
                0x08001904        0x8 C:\cortex\gateway\stm32f10x_usart.o
                0x08001904                USART_SendData
 .text.USART_GetFlagStatus
                0x0800190c        0xc C:\cortex\gateway\stm32f10x_usart.o
                0x0800190c                USART_GetFlagStatus
 .text.USART_Init
                0x08001918       0x8c C:\cortex\gateway\stm32f10x_usart.o
                0x08001918                USART_Init
 .text.I2C_Cmd  0x080019a4       0x1c C:\cortex\gateway\stm32f10x_i2c.o
                0x080019a4                I2C_Cmd
 .text.I2C_GenerateSTART
                0x080019c0       0x1c C:\cortex\gateway\stm32f10x_i2c.o
                0x080019c0                I2C_GenerateSTART
 .text.I2C_GenerateSTOP
                0x080019dc       0x1c C:\cortex\gateway\stm32f10x_i2c.o
                0x080019dc                I2C_GenerateSTOP
 .text.I2C_AcknowledgeConfig
                0x080019f8       0x1c C:\cortex\gateway\stm32f10x_i2c.o
                0x080019f8                I2C_AcknowledgeConfig
 .text.I2C_ITConfig
                0x08001a14       0x18 C:\cortex\gateway\stm32f10x_i2c.o
                0x08001a14                I2C_ITConfig
 .text.I2C_SendData
                0x08001a2c        0x4 C:\cortex\gateway\stm32f10x_i2c.o
                0x08001a2c                I2C_SendData
 .text.I2C_ReceiveData
                0x08001a30        0x8 C:\cortex\gateway\stm32f10x_i2c.o
                0x08001a30                I2C_ReceiveData
 .text.I2C_Send7bitAddress
                0x08001a38       0x10 C:\cortex\gateway\stm32f10x_i2c.o
                0x08001a38                I2C_Send7bitAddress
 .text.I2C_StretchClockCmd
                0x08001a48       0x1c C:\cortex\gateway\stm32f10x_i2c.o
                0x08001a48                I2C_StretchClockCmd
 .text.I2C_GetLastEvent
                0x08001a64       0x14 C:\cortex\gateway\stm32f10x_i2c.o
                0x08001a64                I2C_GetLastEvent
 .text.I2C_ClearFlag
                0x08001a78        0x8 C:\cortex\gateway\stm32f10x_i2c.o
                0x08001a78                I2C_ClearFlag
 .text.I2C_GetITStatus
                0x08001a80       0x20 C:\cortex\gateway\stm32f10x_i2c.o
                0x08001a80                I2C_GetITStatus
 .text.I2C_ClearITPendingBit
                0x08001aa0        0x8 C:\cortex\gateway\stm32f10x_i2c.o
                0x08001aa0                I2C_ClearITPendingBit
 .text.I2C_Init
                0x08001aa8       0xdc C:\cortex\gateway\stm32f10x_i2c.o
                0x08001aa8                I2C_Init
 .text.printf   0x08001b84       0x20 C:\Program Files\Raisonance\Ride\Lib\ARM\e_stdio_thumb.a(_sp_printf.o)
                0x08001b84                printf
 *fill*         0x08001ba4        0x4 00
 .text._vfprintf_r
                0x08001ba8      0xcf8 C:\Program Files\Raisonance\Ride\Lib\ARM\e_stdio_thumb.a(_sp_vfprintf.o)
                0x08001ba8                _vfprintf_r
 .text.vfprintf
                0x080028a0       0x20 C:\Program Files\Raisonance\Ride\Lib\ARM\e_stdio_thumb.a(_sp_vfprintf.o)
                0x080028a0                vfprintf
 .text.puts     0x080028c0       0x38 C:\Program Files\Raisonance\Ride\Lib\ARM\e_stdio_thumb.a(_sp_puts.o)
                0x080028c0                puts
 .text._SMALL_PRINTF_puts
                0x080028f8       0x58 C:\Program Files\Raisonance\Ride\Lib\ARM\e_stdio_thumb.a(_sp_puts.o)
                0x080028f8                _SMALL_PRINTF_puts
 .text.quorem   0x08002950      0x17c C:\Program Files\Raisonance\Ride\Lib\ARM\e_stdio_thumb.a(small_dtoa.o)
 *fill*         0x08002acc        0x4 00
 .text._dtoa_r  0x08002ad0      0xf60 C:\Program Files\Raisonance\Ride\Lib\ARM\e_stdio_thumb.a(small_dtoa.o)
                0x08002ad0                _dtoa_r
 .text._wcsrtombs_r
                0x08003a30       0x90 C:\Program Files\Raisonance\Ride\Lib\ARM\e_stdio_thumb.a(small_wcsrtombs.o)
                0x08003a30                _wcsrtombs_r
 .text._wcrtomb_r
                0x08003ac0        0x4 C:\Program Files\Raisonance\Ride\Lib\ARM\e_stdio_thumb.a(small_wcrtomb.o)
                0x08003ac0                _wcrtomb_r
 .text._small_hi0bits
                0x08003ac4       0x54 C:\Program Files\Raisonance\Ride\Lib\ARM\e_stdio_thumb.a(small_mprec.o)
                0x08003ac4                _small_hi0bits
 .text._small_lo0bits
                0x08003b18       0x68 C:\Program Files\Raisonance\Ride\Lib\ARM\e_stdio_thumb.a(small_mprec.o)
                0x08003b18                _small_lo0bits
 .text._small_i2b
                0x08003b80       0x14 C:\Program Files\Raisonance\Ride\Lib\ARM\e_stdio_thumb.a(small_mprec.o)
                0x08003b80                _small_i2b
 .text._small_multiply
                0x08003b94      0x160 C:\Program Files\Raisonance\Ride\Lib\ARM\e_stdio_thumb.a(small_mprec.o)
                0x08003b94                _small_multiply
 .text._small_lshift
                0x08003cf4       0xa4 C:\Program Files\Raisonance\Ride\Lib\ARM\e_stdio_thumb.a(small_mprec.o)
                0x08003cf4                _small_lshift
 .text.__small_mcmp
                0x08003d98       0x44 C:\Program Files\Raisonance\Ride\Lib\ARM\e_stdio_thumb.a(small_mprec.o)
                0x08003d98                __small_mcmp
 .text.__small_mdiff
                0x08003ddc       0xfc C:\Program Files\Raisonance\Ride\Lib\ARM\e_stdio_thumb.a(small_mprec.o)
                0x08003ddc                __small_mdiff
 .text._small_d2b
                0x08003ed8       0xd4 C:\Program Files\Raisonance\Ride\Lib\ARM\e_stdio_thumb.a(small_mprec.o)
                0x08003ed8                _small_d2b
 .text._small_multadd
                0x08003fac       0xa8 C:\Program Files\Raisonance\Ride\Lib\ARM\e_stdio_thumb.a(small_mprec.o)
                0x08003fac                _small_multadd
 .text._small_pow5mult
                0x08004054      0x138 C:\Program Files\Raisonance\Ride\Lib\ARM\e_stdio_thumb.a(small_mprec.o)
                0x08004054                _small_pow5mult
 .text.DMA_DeInit
                0x0800418c      0x18c C:\Program Files\Raisonance\Ride\Lib\ARM\STM32F10x_thumb.lib(stm32f10x_dma.o)
                0x0800418c                DMA_DeInit
 .text.DMA_Init
                0x08004318       0x40 C:\Program Files\Raisonance\Ride\Lib\ARM\STM32F10x_thumb.lib(stm32f10x_dma.o)
                0x08004318                DMA_Init
 .text.DMA_Cmd  0x08004358       0x18 C:\Program Files\Raisonance\Ride\Lib\ARM\STM32F10x_thumb.lib(stm32f10x_dma.o)
                0x08004358                DMA_Cmd
 .text.DMA_ITConfig
                0x08004370       0x18 C:\Program Files\Raisonance\Ride\Lib\ARM\STM32F10x_thumb.lib(stm32f10x_dma.o)
                0x08004370                DMA_ITConfig
 .text.DMA_GetITStatus
                0x08004388       0x28 C:\Program Files\Raisonance\Ride\Lib\ARM\STM32F10x_thumb.lib(stm32f10x_dma.o)
                0x08004388                DMA_GetITStatus
 .text.DMA_ClearITPendingBit
                0x080043b0       0x20 C:\Program Files\Raisonance\Ride\Lib\ARM\STM32F10x_thumb.lib(stm32f10x_dma.o)
                0x080043b0                DMA_ClearITPendingBit
 .text.FLASH_SetLatency
                0x080043d0       0x18 C:\Program Files\Raisonance\Ride\Lib\ARM\STM32F10x_thumb.lib(stm32f10x_flash.o)
                0x080043d0                FLASH_SetLatency
 .text.FLASH_PrefetchBufferCmd
                0x080043e8       0x18 C:\Program Files\Raisonance\Ride\Lib\ARM\STM32F10x_thumb.lib(stm32f10x_flash.o)
                0x080043e8                FLASH_PrefetchBufferCmd
 .text.GPIO_Init
                0x08004400       0xd8 C:\Program Files\Raisonance\Ride\Lib\ARM\STM32F10x_thumb.lib(stm32f10x_gpio.o)
                0x08004400                GPIO_Init
 .text.GPIO_ReadOutputDataBit
                0x080044d8        0xc C:\Program Files\Raisonance\Ride\Lib\ARM\STM32F10x_thumb.lib(stm32f10x_gpio.o)
                0x080044d8                GPIO_ReadOutputDataBit
 .text.GPIO_WriteBit
                0x080044e4        0xc C:\Program Files\Raisonance\Ride\Lib\ARM\STM32F10x_thumb.lib(stm32f10x_gpio.o)
                0x080044e4                GPIO_WriteBit
 .text.NVIC_PriorityGroupConfig
                0x080044f0       0x18 C:\Program Files\Raisonance\Ride\Lib\ARM\STM32F10x_thumb.lib(stm32f10x_nvic.o)
                0x080044f0                NVIC_PriorityGroupConfig
 .text.NVIC_Init
                0x08004508       0x8c C:\Program Files\Raisonance\Ride\Lib\ARM\STM32F10x_thumb.lib(stm32f10x_nvic.o)
                0x08004508                NVIC_Init
 .text.NVIC_SetVectorTable
                0x08004594       0x18 C:\Program Files\Raisonance\Ride\Lib\ARM\STM32F10x_thumb.lib(stm32f10x_nvic.o)
                0x08004594                NVIC_SetVectorTable
 .text.WWDG_SetCounter
                0x080045ac       0x10 C:\Program Files\Raisonance\Ride\Lib\ARM\STM32F10x_thumb.lib(stm32f10x_wwdg.o)
                0x080045ac                WWDG_SetCounter
 .text.WWDG_ClearFlag
                0x080045bc       0x10 C:\Program Files\Raisonance\Ride\Lib\ARM\STM32F10x_thumb.lib(stm32f10x_wwdg.o)
                0x080045bc                WWDG_ClearFlag
 *(.rodata)
 .rodata        0x080045cc       0x14 C:\cortex\gateway\stm32f10x_rcc.o
 .rodata        0x080045e0      0x184 C:\Program Files\Raisonance\Ride\Lib\ARM\e_stdio_thumb.a(_sp_vfprintf.o)
 .rodata        0x08004764       0x18 C:\Program Files\Raisonance\Ride\Lib\ARM\e_stdio_thumb.a(small_dtoa.o)
 *fill*         0x0800477c        0x4 00
 .rodata        0x08004780      0x128 C:\Program Files\Raisonance\Ride\Lib\ARM\e_stdio_thumb.a(small_mprec.o)
                0x08004780                __small_mprec_tens
                0x08004880                __small_mprec_tinytens
                0x08004858                __small_mprec_bigtens
 *(.rodata*)
 .rodata.str1.1
                0x080048a8       0x8e C:\cortex\gateway\main.o
 *fill*         0x08004936        0x2 00
 .rodata.str1.4
                0x08004938       0x5a C:\Program Files\Raisonance\Ride\Lib\ARM\e_stdio_thumb.a(_sp_vfprintf.o)
                                 0x5c (size before relaxing)
 *fill*         0x08004992        0x2 00
 .rodata.str1.4
                0x08004994        0x9 C:\Program Files\Raisonance\Ride\Lib\ARM\e_stdio_thumb.a(small_dtoa.o)
                                 0x14 (size before relaxing)
 *fill*         0x0800499d        0x3 00
 .rodata.str1.4
                0x080049a0        0x4 c:/program files/raisonance/ride/arm-gcc/bin/../lib/gcc/arm-none-eabi/4.3.2/../../../../arm-none-eabi/lib/thumb2\libc.a(lib_a-impure.o)
 *(.glue_7)
 .glue_7        0x080049a4        0x0 C:\Program Files\Raisonance\Ride\Lib\ARM\crt0_STM32x_HD.o
 .glue_7        0x080049a4        0x0 C:\cortex\gateway\stm32f10x_it.o
 .glue_7        0x080049a4        0x0 C:\cortex\gateway\main.o
 .glue_7        0x080049a4        0x0 C:\cortex\gateway\stm32f10x_rcc.o
 .glue_7        0x080049a4        0x0 C:\cortex\gateway\stm32f10x_usart.o
 .glue_7        0x080049a4        0x0 C:\cortex\gateway\stm32f10x_i2c.o
 .glue_7        0x080049a4        0x0 C:\Program Files\Raisonance\Ride\Lib\ARM\e_stdio_thumb.a(_sp_printf.o)
 .glue_7        0x080049a4        0x0 C:\Program Files\Raisonance\Ride\Lib\ARM\e_stdio_thumb.a(_sp_vfprintf.o)
 .glue_7        0x080049a4        0x0 C:\Program Files\Raisonance\Ride\Lib\ARM\e_stdio_thumb.a(_sp_puts.o)
 .glue_7        0x080049a4        0x0 C:\Program Files\Raisonance\Ride\Lib\ARM\e_stdio_thumb.a(small_dtoa.o)
 .glue_7        0x080049a4        0x0 C:\Program Files\Raisonance\Ride\Lib\ARM\e_stdio_thumb.a(small_wcsrtombs.o)
 .glue_7        0x080049a4        0x0 C:\Program Files\Raisonance\Ride\Lib\ARM\e_stdio_thumb.a(small_wcrtomb.o)
 .glue_7        0x080049a4        0x0 C:\Program Files\Raisonance\Ride\Lib\ARM\e_stdio_thumb.a(small_mprec.o)
 .glue_7        0x080049a4        0x0 C:\Program Files\Raisonance\Ride\Lib\ARM\STM32F10x_thumb.lib(stm32f10x_dma.o)
 .glue_7        0x080049a4        0x0 C:\Program Files\Raisonance\Ride\Lib\ARM\STM32F10x_thumb.lib(stm32f10x_flash.o)
 .glue_7        0x080049a4        0x0 C:\Program Files\Raisonance\Ride\Lib\ARM\STM32F10x_thumb.lib(stm32f10x_gpio.o)
 .glue_7        0x080049a4        0x0 C:\Program Files\Raisonance\Ride\Lib\ARM\STM32F10x_thumb.lib(stm32f10x_nvic.o)
 .glue_7        0x080049a4        0x0 C:\Program Files\Raisonance\Ride\Lib\ARM\STM32F10x_thumb.lib(stm32f10x_wwdg.o)
 .glue_7        0x080049a4        0x0 C:\Program Files\Raisonance\Ride\Lib\ARM\STM32F10x_thumb.lib(cortexm3_macro.o)
 .glue_7        0x080049a4        0x0 c:/program files/raisonance/ride/arm-gcc/bin/../lib/gcc/arm-none-eabi/4.3.2/../../../../arm-none-eabi/lib/thumb2\libc.a(lib_a-impure.o)
 .glue_7        0x080049a4        0x0 c:/program files/raisonance/ride/arm-gcc/bin/../lib/gcc/arm-none-eabi/4.3.2/../../../../arm-none-eabi/lib/thumb2\libc.a(lib_a-memchr.o)
 .glue_7        0x080049a4        0x0 c:/program files/raisonance/ride/arm-gcc/bin/../lib/gcc/arm-none-eabi/4.3.2/../../../../arm-none-eabi/lib/thumb2\libc.a(lib_a-memcpy.o)
 .glue_7        0x080049a4        0x0 c:/program files/raisonance/ride/arm-gcc/bin/../lib/gcc/arm-none-eabi/4.3.2/../../../../arm-none-eabi/lib/thumb2\libc.a(lib_a-s_isinfd.o)
 .glue_7        0x080049a4        0x0 c:/program files/raisonance/ride/arm-gcc/bin/../lib/gcc/arm-none-eabi/4.3.2/../../../../arm-none-eabi/lib/thumb2\libc.a(lib_a-s_isnand.o)
 .glue_7        0x080049a4        0x0 c:/program files/raisonance/ride/arm-gcc/bin/../lib/gcc/arm-none-eabi/4.3.2/../../../../arm-none-eabi/lib/thumb2\libc.a(lib_a-strlen.o)
 .glue_7        0x080049a4        0x0 c:/program files/raisonance/ride/arm-gcc/bin/../lib/gcc/arm-none-eabi/4.3.2/thumb2\libgcc.a(_udivsi3.o)
 .glue_7        0x080049a4        0x0 c:/program files/raisonance/ride/arm-gcc/bin/../lib/gcc/arm-none-eabi/4.3.2/thumb2\libgcc.a(_divsi3.o)
 .glue_7        0x080049a4        0x0 c:/program files/raisonance/ride/arm-gcc/bin/../lib/gcc/arm-none-eabi/4.3.2/thumb2\libgcc.a(_dvmd_tls.o)
 .glue_7        0x080049a4        0x0 c:/program files/raisonance/ride/arm-gcc/bin/../lib/gcc/arm-none-eabi/4.3.2/thumb2\libgcc.a(_arm_addsubdf3.o)
 .glue_7        0x080049a4        0x0 c:/program files/raisonance/ride/arm-gcc/bin/../lib/gcc/arm-none-eabi/4.3.2/thumb2\libgcc.a(_arm_muldivdf3.o)
 .glue_7        0x080049a4        0x0 c:/program files/raisonance/ride/arm-gcc/bin/../lib/gcc/arm-none-eabi/4.3.2/thumb2\libgcc.a(_arm_cmpdf2.o)
 .glue_7        0x080049a4        0x0 c:/program files/raisonance/ride/arm-gcc/bin/../lib/gcc/arm-none-eabi/4.3.2/thumb2\libgcc.a(_arm_fixdfsi.o)
 *(.glue_7t)
 .glue_7t       0x080049a4        0x0 C:\Program Files\Raisonance\Ride\Lib\ARM\crt0_STM32x_HD.o
 .glue_7t       0x080049a4        0x0 C:\cortex\gateway\stm32f10x_it.o
 .glue_7t       0x080049a4        0x0 C:\cortex\gateway\main.o
 .glue_7t       0x080049a4        0x0 C:\cortex\gateway\stm32f10x_rcc.o
 .glue_7t       0x080049a4        0x0 C:\cortex\gateway\stm32f10x_usart.o
 .glue_7t       0x080049a4        0x0 C:\cortex\gateway\stm32f10x_i2c.o
 .glue_7t       0x080049a4        0x0 C:\Program Files\Raisonance\Ride\Lib\ARM\e_stdio_thumb.a(_sp_printf.o)
 .glue_7t       0x080049a4        0x0 C:\Program Files\Raisonance\Ride\Lib\ARM\e_stdio_thumb.a(_sp_vfprintf.o)
 .glue_7t       0x080049a4        0x0 C:\Program Files\Raisonance\Ride\Lib\ARM\e_stdio_thumb.a(_sp_puts.o)
 .glue_7t       0x080049a4        0x0 C:\Program Files\Raisonance\Ride\Lib\ARM\e_stdio_thumb.a(small_dtoa.o)
 .glue_7t       0x080049a4        0x0 C:\Program Files\Raisonance\Ride\Lib\ARM\e_stdio_thumb.a(small_wcsrtombs.o)
 .glue_7t       0x080049a4        0x0 C:\Program Files\Raisonance\Ride\Lib\ARM\e_stdio_thumb.a(small_wcrtomb.o)
 .glue_7t       0x080049a4        0x0 C:\Program Files\Raisonance\Ride\Lib\ARM\e_stdio_thumb.a(small_mprec.o)
 .glue_7t       0x080049a4        0x0 C:\Program Files\Raisonance\Ride\Lib\ARM\STM32F10x_thumb.lib(stm32f10x_dma.o)
 .glue_7t       0x080049a4        0x0 C:\Program Files\Raisonance\Ride\Lib\ARM\STM32F10x_thumb.lib(stm32f10x_flash.o)
 .glue_7t       0x080049a4        0x0 C:\Program Files\Raisonance\Ride\Lib\ARM\STM32F10x_thumb.lib(stm32f10x_gpio.o)
 .glue_7t       0x080049a4        0x0 C:\Program Files\Raisonance\Ride\Lib\ARM\STM32F10x_thumb.lib(stm32f10x_nvic.o)
 .glue_7t       0x080049a4        0x0 C:\Program Files\Raisonance\Ride\Lib\ARM\STM32F10x_thumb.lib(stm32f10x_wwdg.o)
 .glue_7t       0x080049a4        0x0 C:\Program Files\Raisonance\Ride\Lib\ARM\STM32F10x_thumb.lib(cortexm3_macro.o)
 .glue_7t       0x080049a4        0x0 c:/program files/raisonance/ride/arm-gcc/bin/../lib/gcc/arm-none-eabi/4.3.2/../../../../arm-none-eabi/lib/thumb2\libc.a(lib_a-impure.o)
 .glue_7t       0x080049a4        0x0 c:/program files/raisonance/ride/arm-gcc/bin/../lib/gcc/arm-none-eabi/4.3.2/../../../../arm-none-eabi/lib/thumb2\libc.a(lib_a-memchr.o)
 .glue_7t       0x080049a4        0x0 c:/program files/raisonance/ride/arm-gcc/bin/../lib/gcc/arm-none-eabi/4.3.2/../../../../arm-none-eabi/lib/thumb2\libc.a(lib_a-memcpy.o)
 .glue_7t       0x080049a4        0x0 c:/program files/raisonance/ride/arm-gcc/bin/../lib/gcc/arm-none-eabi/4.3.2/../../../../arm-none-eabi/lib/thumb2\libc.a(lib_a-s_isinfd.o)
 .glue_7t       0x080049a4        0x0 c:/program files/raisonance/ride/arm-gcc/bin/../lib/gcc/arm-none-eabi/4.3.2/../../../../arm-none-eabi/lib/thumb2\libc.a(lib_a-s_isnand.o)
 .glue_7t       0x080049a4        0x0 c:/program files/raisonance/ride/arm-gcc/bin/../lib/gcc/arm-none-eabi/4.3.2/../../../../arm-none-eabi/lib/thumb2\libc.a(lib_a-strlen.o)
 .glue_7t       0x080049a4        0x0 c:/program files/raisonance/ride/arm-gcc/bin/../lib/gcc/arm-none-eabi/4.3.2/thumb2\libgcc.a(_udivsi3.o)
 .glue_7t       0x080049a4        0x0 c:/program files/raisonance/ride/arm-gcc/bin/../lib/gcc/arm-none-eabi/4.3.2/thumb2\libgcc.a(_divsi3.o)
 .glue_7t       0x080049a4        0x0 c:/program files/raisonance/ride/arm-gcc/bin/../lib/gcc/arm-none-eabi/4.3.2/thumb2\libgcc.a(_dvmd_tls.o)
 .glue_7t       0x080049a4        0x0 c:/program files/raisonance/ride/arm-gcc/bin/../lib/gcc/arm-none-eabi/4.3.2/thumb2\libgcc.a(_arm_addsubdf3.o)
 .glue_7t       0x080049a4        0x0 c:/program files/raisonance/ride/arm-gcc/bin/../lib/gcc/arm-none-eabi/4.3.2/thumb2\libgcc.a(_arm_muldivdf3.o)
 .glue_7t       0x080049a4        0x0 c:/program files/raisonance/ride/arm-gcc/bin/../lib/gcc/arm-none-eabi/4.3.2/thumb2\libgcc.a(_arm_cmpdf2.o)
 .glue_7t       0x080049a4        0x0 c:/program files/raisonance/ride/arm-gcc/bin/../lib/gcc/arm-none-eabi/4.3.2/thumb2\libgcc.a(_arm_fixdfsi.o)
                0x080049a4                . = ALIGN (0x4)
                0x080049a4                _etext = .
                0x080049a4                _sidata = _etext

.vfp11_veneer   0x20000000        0x0
 .vfp11_veneer  0x20000000        0x0 C:\Program Files\Raisonance\Ride\Lib\ARM\crt0_STM32x_HD.o
 .vfp11_veneer  0x20000000        0x0 C:\cortex\gateway\stm32f10x_it.o
 .vfp11_veneer  0x20000000        0x0 C:\cortex\gateway\main.o
 .vfp11_veneer  0x20000000        0x0 C:\cortex\gateway\stm32f10x_rcc.o
 .vfp11_veneer  0x20000000        0x0 C:\cortex\gateway\stm32f10x_usart.o
 .vfp11_veneer  0x20000000        0x0 C:\cortex\gateway\stm32f10x_i2c.o
 .vfp11_veneer  0x20000000        0x0 C:\Program Files\Raisonance\Ride\Lib\ARM\e_stdio_thumb.a(_sp_printf.o)
 .vfp11_veneer  0x20000000        0x0 C:\Program Files\Raisonance\Ride\Lib\ARM\e_stdio_thumb.a(_sp_vfprintf.o)
 .vfp11_veneer  0x20000000        0x0 C:\Program Files\Raisonance\Ride\Lib\ARM\e_stdio_thumb.a(_sp_puts.o)
 .vfp11_veneer  0x20000000        0x0 C:\Program Files\Raisonance\Ride\Lib\ARM\e_stdio_thumb.a(small_dtoa.o)
 .vfp11_veneer  0x20000000        0x0 C:\Program Files\Raisonance\Ride\Lib\ARM\e_stdio_thumb.a(small_wcsrtombs.o)
 .vfp11_veneer  0x20000000        0x0 C:\Program Files\Raisonance\Ride\Lib\ARM\e_stdio_thumb.a(small_wcrtomb.o)
 .vfp11_veneer  0x20000000        0x0 C:\Program Files\Raisonance\Ride\Lib\ARM\e_stdio_thumb.a(small_mprec.o)
 .vfp11_veneer  0x20000000        0x0 C:\Program Files\Raisonance\Ride\Lib\ARM\STM32F10x_thumb.lib(stm32f10x_dma.o)
 .vfp11_veneer  0x20000000        0x0 C:\Program Files\Raisonance\Ride\Lib\ARM\STM32F10x_thumb.lib(stm32f10x_flash.o)
 .vfp11_veneer  0x20000000        0x0 C:\Program Files\Raisonance\Ride\Lib\ARM\STM32F10x_thumb.lib(stm32f10x_gpio.o)
 .vfp11_veneer  0x20000000        0x0 C:\Program Files\Raisonance\Ride\Lib\ARM\STM32F10x_thumb.lib(stm32f10x_nvic.o)
 .vfp11_veneer  0x20000000        0x0 C:\Program Files\Raisonance\Ride\Lib\ARM\STM32F10x_thumb.lib(stm32f10x_wwdg.o)
 .vfp11_veneer  0x20000000        0x0 C:\Program Files\Raisonance\Ride\Lib\ARM\STM32F10x_thumb.lib(cortexm3_macro.o)

.janus_2cc_veneer
                0x20000000        0x0
 .janus_2cc_veneer
                0x20000000        0x0 C:\Program Files\Raisonance\Ride\Lib\ARM\crt0_STM32x_HD.o
 .janus_2cc_veneer
                0x20000000        0x0 C:\cortex\gateway\stm32f10x_it.o
 .janus_2cc_veneer
                0x20000000        0x0 C:\cortex\gateway\main.o
 .janus_2cc_veneer
                0x20000000        0x0 C:\cortex\gateway\stm32f10x_rcc.o
 .janus_2cc_veneer
                0x20000000        0x0 C:\cortex\gateway\stm32f10x_usart.o
 .janus_2cc_veneer
                0x20000000        0x0 C:\cortex\gateway\stm32f10x_i2c.o
 .janus_2cc_veneer
                0x20000000        0x0 C:\Program Files\Raisonance\Ride\Lib\ARM\e_stdio_thumb.a(_sp_printf.o)
 .janus_2cc_veneer
                0x20000000        0x0 C:\Program Files\Raisonance\Ride\Lib\ARM\e_stdio_thumb.a(_sp_vfprintf.o)
 .janus_2cc_veneer
                0x20000000        0x0 C:\Program Files\Raisonance\Ride\Lib\ARM\e_stdio_thumb.a(_sp_puts.o)
 .janus_2cc_veneer
                0x20000000        0x0 C:\Program Files\Raisonance\Ride\Lib\ARM\e_stdio_thumb.a(small_dtoa.o)
 .janus_2cc_veneer
                0x20000000        0x0 C:\Program Files\Raisonance\Ride\Lib\ARM\e_stdio_thumb.a(small_wcsrtombs.o)
 .janus_2cc_veneer
                0x20000000        0x0 C:\Program Files\Raisonance\Ride\Lib\ARM\e_stdio_thumb.a(small_wcrtomb.o)
 .janus_2cc_veneer
                0x20000000        0x0 C:\Program Files\Raisonance\Ride\Lib\ARM\e_stdio_thumb.a(small_mprec.o)
 .janus_2cc_veneer
                0x20000000        0x0 C:\Program Files\Raisonance\Ride\Lib\ARM\STM32F10x_thumb.lib(stm32f10x_dma.o)
 .janus_2cc_veneer
                0x20000000        0x0 C:\Program Files\Raisonance\Ride\Lib\ARM\STM32F10x_thumb.lib(stm32f10x_flash.o)
 .janus_2cc_veneer
                0x20000000        0x0 C:\Program Files\Raisonance\Ride\Lib\ARM\STM32F10x_thumb.lib(stm32f10x_gpio.o)
 .janus_2cc_veneer
                0x20000000        0x0 C:\Program Files\Raisonance\Ride\Lib\ARM\STM32F10x_thumb.lib(stm32f10x_nvic.o)
 .janus_2cc_veneer
                0x20000000        0x0 C:\Program Files\Raisonance\Ride\Lib\ARM\STM32F10x_thumb.lib(stm32f10x_wwdg.o)
 .janus_2cc_veneer
                0x20000000        0x0 C:\Program Files\Raisonance\Ride\Lib\ARM\STM32F10x_thumb.lib(cortexm3_macro.o)

.v4_bx          0x20000000        0x0
 .v4_bx         0x20000000        0x0 C:\Program Files\Raisonance\Ride\Lib\ARM\crt0_STM32x_HD.o
 .v4_bx         0x20000000        0x0 C:\cortex\gateway\stm32f10x_it.o
 .v4_bx         0x20000000        0x0 C:\cortex\gateway\main.o
 .v4_bx         0x20000000        0x0 C:\cortex\gateway\stm32f10x_rcc.o
 .v4_bx         0x20000000        0x0 C:\cortex\gateway\stm32f10x_usart.o
 .v4_bx         0x20000000        0x0 C:\cortex\gateway\stm32f10x_i2c.o
 .v4_bx         0x20000000        0x0 C:\Program Files\Raisonance\Ride\Lib\ARM\e_stdio_thumb.a(_sp_printf.o)
 .v4_bx         0x20000000        0x0 C:\Program Files\Raisonance\Ride\Lib\ARM\e_stdio_thumb.a(_sp_vfprintf.o)
 .v4_bx         0x20000000        0x0 C:\Program Files\Raisonance\Ride\Lib\ARM\e_stdio_thumb.a(_sp_puts.o)
 .v4_bx         0x20000000        0x0 C:\Program Files\Raisonance\Ride\Lib\ARM\e_stdio_thumb.a(small_dtoa.o)
 .v4_bx         0x20000000        0x0 C:\Program Files\Raisonance\Ride\Lib\ARM\e_stdio_thumb.a(small_wcsrtombs.o)
 .v4_bx         0x20000000        0x0 C:\Program Files\Raisonance\Ride\Lib\ARM\e_stdio_thumb.a(small_wcrtomb.o)
 .v4_bx         0x20000000        0x0 C:\Program Files\Raisonance\Ride\Lib\ARM\e_stdio_thumb.a(small_mprec.o)
 .v4_bx         0x20000000        0x0 C:\Program Files\Raisonance\Ride\Lib\ARM\STM32F10x_thumb.lib(stm32f10x_dma.o)
 .v4_bx         0x20000000        0x0 C:\Program Files\Raisonance\Ride\Lib\ARM\STM32F10x_thumb.lib(stm32f10x_flash.o)
 .v4_bx         0x20000000        0x0 C:\Program Files\Raisonance\Ride\Lib\ARM\STM32F10x_thumb.lib(stm32f10x_gpio.o)
 .v4_bx         0x20000000        0x0 C:\Program Files\Raisonance\Ride\Lib\ARM\STM32F10x_thumb.lib(stm32f10x_nvic.o)
 .v4_bx         0x20000000        0x0 C:\Program Files\Raisonance\Ride\Lib\ARM\STM32F10x_thumb.lib(stm32f10x_wwdg.o)
 .v4_bx         0x20000000        0x0 C:\Program Files\Raisonance\Ride\Lib\ARM\STM32F10x_thumb.lib(cortexm3_macro.o)

.flashpatch     0x00000000        0x0
                0x00000000                . = ALIGN (0x4)
 *(.flashpatch)
                0x00000000                . = ALIGN (0x4)

.endflash       0x00000000        0x0
                0x00000000                . = ALIGN (0x4)
 *(.endflash)
                0x00000000                . = ALIGN (0x4)
                0x00000000                _e_endflash = .

.data           0x20000000       0xf4 load address 0x080049a4
                0x20000000                . = ALIGN (0x4)
                0x20000000                _sdata = .
                0x20000000                _data = .
 *(.data)
 .data          0x20000000       0xf4 c:/program files/raisonance/ride/arm-gcc/bin/../lib/gcc/arm-none-eabi/4.3.2/../../../../arm-none-eabi/lib/thumb2\libc.a(lib_a-impure.o)
                0x20000000                _impure_ptr
 *(.data.*)
 *(.RAMtext)
                0x200000f4                . = ALIGN (0x4)
                0x200000f4                _edata = .
                0x08004a98                _eidata = ((_sidata + _edata) - _sdata)
                0x08008000                _lastdataromaddress = 0x8008000
                0x00000000                toobig = (_eidata > _lastdataromaddress)?!!!!!!!!! FLASH IS FULL !!!!!!!!!:0x0

.bss            0x200000f4      0x4f4 load address 0x08004a98
                0x200000f4                . = ALIGN (0x4)
                0x200000f4                _sbss = .
                0x200000f4                _bss = .
 *(.bss)
 .bss           0x200000f4        0x8 C:\cortex\gateway\stm32f10x_it.o
                0x200000f8                RxCounter
 .bss           0x200000fc        0xc C:\cortex\gateway\main.o
                0x200000fc                ReceivedOK
                0x20000102                I2CRxDone
                0x20000106                TransferStatus1
                0x20000104                RxIdx
                0x20000100                TxIdx
                0x200000fd                Transmitter
                0x200000fe                I2CTxDone
                0x20000107                TransferStatus2
 *(COMMON)
 COMMON         0x20000108      0x4e0 C:\cortex\gateway\main.o
                0x20000108                HSEStartUpStatus
                0x2000010c                I2C_InitStructure
                0x2000011c                Commands
                0x2000051c                ExternData
                0x20000570                InternData
                0x200005c4                USART_InitStructure
                0x200005d4                NVIC_InitStructure
                0x200005d8                Command
                0x200005e8                . = ALIGN (0x4)
                0x200005e8                _ebss = .
                0x200005e8                PROVIDE (end, _ebss)
                0x200005e8                PROVIDE (_end, _ebss)

._usrstack      0x200005e8      0x100 load address 0x08004f8c
                0x200005e8                . = ALIGN (0x4)
                0x200005e8                _susrstack = .
                0x200006e8                . = (. + _Minimum_Stack_Size)
 *fill*         0x200005e8      0x100 00
                0x200006e8                . = ALIGN (0x4)
                0x200006e8                _eusrstack = .

.b1text
 *(.b1text)
 *(.b1rodata)
 *(.b1rodata*)

.eb0text
 *(.eb0text)
 *(.eb0rodata)
 *(.eb0rodata*)

.eb1text
 *(.eb1text)
 *(.eb1rodata)
 *(.eb1rodata*)

.eb2text
 *(.eb2text)
 *(.eb2rodata)
 *(.eb2rodata*)

.eb3text
 *(.eb3text)
 *(.eb3rodata)
 *(.eb3rodata*)
                0x200006e8                __exidx_start = .
                0x200006e8                __exidx_end = .

/DISCARD/
 libc.a(*)
 libm.a(*)
 libgcc.a(*)

.stab
 *(.stab)

.stabstr
 *(.stabstr)

.stab.excl
 *(.stab.excl)

.stab.exclstr
 *(.stab.exclstr)

.stab.index
 *(.stab.index)

.stab.indexstr
 *(.stab.indexstr)

.comment        0x00000000      0x2f4
 *(.comment)
 .comment       0x00000000       0x2a C:\Program Files\Raisonance\Ride\Lib\ARM\crt0_STM32x_HD.o
 .comment       0x0000002a       0x2a C:\cortex\gateway\stm32f10x_it.o
 .comment       0x00000054       0x2a C:\cortex\gateway\main.o
 .comment       0x0000007e       0x2a C:\cortex\gateway\stm32f10x_rcc.o
 .comment       0x000000a8       0x2a C:\cortex\gateway\stm32f10x_usart.o
 .comment       0x000000d2       0x2a C:\cortex\gateway\stm32f10x_i2c.o
 .comment       0x000000fc       0x2a C:\Program Files\Raisonance\Ride\Lib\ARM\e_stdio_thumb.a(_sp_printf.o)
 .comment       0x00000126       0x2a C:\Program Files\Raisonance\Ride\Lib\ARM\e_stdio_thumb.a(_sp_vfprintf.o)
 .comment       0x00000150       0x2a C:\Program Files\Raisonance\Ride\Lib\ARM\e_stdio_thumb.a(_sp_puts.o)
 .comment       0x0000017a       0x2a C:\Program Files\Raisonance\Ride\Lib\ARM\e_stdio_thumb.a(small_dtoa.o)
 .comment       0x000001a4       0x2a C:\Program Files\Raisonance\Ride\Lib\ARM\e_stdio_thumb.a(small_wcsrtombs.o)
 .comment       0x000001ce       0x2a C:\Program Files\Raisonance\Ride\Lib\ARM\e_stdio_thumb.a(small_wcrtomb.o)
 .comment       0x000001f8       0x2a C:\Program Files\Raisonance\Ride\Lib\ARM\e_stdio_thumb.a(small_mprec.o)
 .comment       0x00000222       0x2a C:\Program Files\Raisonance\Ride\Lib\ARM\STM32F10x_thumb.lib(stm32f10x_dma.o)
 .comment       0x0000024c       0x2a C:\Program Files\Raisonance\Ride\Lib\ARM\STM32F10x_thumb.lib(stm32f10x_flash.o)
 .comment       0x00000276       0x2a C:\Program Files\Raisonance\Ride\Lib\ARM\STM32F10x_thumb.lib(stm32f10x_gpio.o)
 .comment       0x000002a0       0x2a C:\Program Files\Raisonance\Ride\Lib\ARM\STM32F10x_thumb.lib(stm32f10x_nvic.o)
 .comment       0x000002ca       0x2a C:\Program Files\Raisonance\Ride\Lib\ARM\STM32F10x_thumb.lib(stm32f10x_wwdg.o)

.debug
 *(.debug)

.line
 *(.line)

.debug_srcinfo
 *(.debug_srcinfo)

.debug_sfnames
 *(.debug_sfnames)

.debug_aranges  0x00000000      0x5d8
 *(.debug_aranges)
 .debug_aranges
                0x00000000      0x240 C:\cortex\gateway\stm32f10x_it.o
 .debug_aranges
                0x00000240       0x78 C:\cortex\gateway\main.o
 .debug_aranges
                0x000002b8      0x118 C:\cortex\gateway\stm32f10x_rcc.o
 .debug_aranges
                0x000003d0       0xf0 C:\cortex\gateway\stm32f10x_usart.o
 .debug_aranges
                0x000004c0      0x118 C:\cortex\gateway\stm32f10x_i2c.o

.debug_pubnames
                0x00000000     0x101d
 *(.debug_pubnames)
 .debug_pubnames
                0x00000000      0x661 C:\cortex\gateway\stm32f10x_it.o
 .debug_pubnames
                0x00000661      0x1e9 C:\cortex\gateway\main.o
 .debug_pubnames
                0x0000084a      0x2c4 C:\cortex\gateway\stm32f10x_rcc.o
 .debug_pubnames
                0x00000b0e      0x25f C:\cortex\gateway\stm32f10x_usart.o
 .debug_pubnames
                0x00000d6d      0x2b0 C:\cortex\gateway\stm32f10x_i2c.o

.debug_info     0x00000000     0x2f8e
 *(.debug_info .gnu.linkonce.wi.*)
 .debug_info    0x00000000      0x93b C:\cortex\gateway\stm32f10x_it.o
 .debug_info    0x0000093b      0xa3a C:\cortex\gateway\main.o
 .debug_info    0x00001375      0x83a C:\cortex\gateway\stm32f10x_rcc.o
 .debug_info    0x00001baf      0x958 C:\cortex\gateway\stm32f10x_usart.o
 .debug_info    0x00002507      0xa87 C:\cortex\gateway\stm32f10x_i2c.o

.debug_abbrev   0x00000000      0x8fb
 *(.debug_abbrev)
 .debug_abbrev  0x00000000      0x161 C:\cortex\gateway\stm32f10x_it.o
 .debug_abbrev  0x00000161      0x1d7 C:\cortex\gateway\main.o
 .debug_abbrev  0x00000338      0x228 C:\cortex\gateway\stm32f10x_rcc.o
 .debug_abbrev  0x00000560      0x1fa C:\cortex\gateway\stm32f10x_usart.o
 .debug_abbrev  0x0000075a      0x1a1 C:\cortex\gateway\stm32f10x_i2c.o

.debug_line     0x00000000     0x12fe
 *(.debug_line)
 .debug_line    0x00000000      0x59c C:\cortex\gateway\stm32f10x_it.o
 .debug_line    0x0000059c      0x2f8 C:\cortex\gateway\main.o
 .debug_line    0x00000894      0x353 C:\cortex\gateway\stm32f10x_rcc.o
 .debug_line    0x00000be7      0x375 C:\cortex\gateway\stm32f10x_usart.o
 .debug_line    0x00000f5c      0x3a2 C:\cortex\gateway\stm32f10x_i2c.o

.debug_frame    0x00000000      0xc34
 *(.debug_frame)
 .debug_frame   0x00000000      0x48c C:\cortex\gateway\stm32f10x_it.o
 .debug_frame   0x0000048c      0x164 C:\cortex\gateway\main.o
 .debug_frame   0x000005f0      0x224 C:\cortex\gateway\stm32f10x_rcc.o
 .debug_frame   0x00000814      0x1ec C:\cortex\gateway\stm32f10x_usart.o
 .debug_frame   0x00000a00      0x234 C:\cortex\gateway\stm32f10x_i2c.o

.debug_str      0x00000000     0x1694
 *(.debug_str)
 .debug_str     0x00000000      0x6dd C:\cortex\gateway\stm32f10x_it.o
                                0x731 (size before relaxing)
 .debug_str     0x000006dd      0x508 C:\cortex\gateway\main.o
                                0x6e1 (size before relaxing)
 .debug_str     0x00000be5      0x42b C:\cortex\gateway\stm32f10x_rcc.o
                                0x4f7 (size before relaxing)
 .debug_str     0x00001010      0x36f C:\cortex\gateway\stm32f10x_usart.o
                                0x54c (size before relaxing)
 .debug_str     0x0000137f      0x315 C:\cortex\gateway\stm32f10x_i2c.o
                                0x527 (size before relaxing)

.debug_loc      0x00000000      0xa7a
 *(.debug_loc)
 .debug_loc     0x00000000       0x9b C:\cortex\gateway\stm32f10x_it.o
 .debug_loc     0x0000009b      0x21a C:\cortex\gateway\main.o
 .debug_loc     0x000002b5      0x20f C:\cortex\gateway\stm32f10x_rcc.o
 .debug_loc     0x000004c4      0x2e6 C:\cortex\gateway\stm32f10x_usart.o
 .debug_loc     0x000007aa      0x2d0 C:\cortex\gateway\stm32f10x_i2c.o

.debug_macinfo
 *(.debug_macinfo)

.debug_weaknames
 *(.debug_weaknames)

.debug_funcnames
 *(.debug_funcnames)

.debug_typenames
 *(.debug_typenames)

.debug_varnames
 *(.debug_varnames)
START GROUP
LOAD c:/program files/raisonance/ride/arm-gcc/bin/../lib/gcc/arm-none-eabi/4.3.2/thumb2\libgcc.a
LOAD c:/program files/raisonance/ride/arm-gcc/bin/../lib/gcc/arm-none-eabi/4.3.2/../../../../arm-none-eabi/lib/thumb2\libc.a
END GROUP
OUTPUT(C:\cortex\gateway\gateway.elf elf32-littlearm)

.ARM.attributes
                0x00000000       0x31
 .ARM.attributes
                0x00000000       0x31 C:\Program Files\Raisonance\Ride\Lib\ARM\crt0_STM32x_HD.o
 .ARM.attributes
                0x00000031       0x31 C:\cortex\gateway\stm32f10x_it.o
 .ARM.attributes
                0x00000062       0x31 C:\cortex\gateway\main.o
 .ARM.attributes
                0x00000093       0x31 C:\cortex\gateway\stm32f10x_rcc.o
 .ARM.attributes
                0x000000c4       0x31 C:\cortex\gateway\stm32f10x_usart.o
 .ARM.attributes
                0x000000f5       0x31 C:\cortex\gateway\stm32f10x_i2c.o
 .ARM.attributes
                0x00000126       0x2e C:\Program Files\Raisonance\Ride\Lib\ARM\e_stdio_thumb.a(_sp_printf.o)
 .ARM.attributes
                0x00000154       0x2e C:\Program Files\Raisonance\Ride\Lib\ARM\e_stdio_thumb.a(_sp_vfprintf.o)
 .ARM.attributes
                0x00000182       0x2e C:\Program Files\Raisonance\Ride\Lib\ARM\e_stdio_thumb.a(_sp_puts.o)
 .ARM.attributes
                0x000001b0       0x2e C:\Program Files\Raisonance\Ride\Lib\ARM\e_stdio_thumb.a(small_dtoa.o)
 .ARM.attributes
                0x000001de       0x2e C:\Program Files\Raisonance\Ride\Lib\ARM\e_stdio_thumb.a(small_wcsrtombs.o)
 .ARM.attributes
                0x0000020c       0x2e C:\Program Files\Raisonance\Ride\Lib\ARM\e_stdio_thumb.a(small_wcrtomb.o)
 .ARM.attributes
                0x0000023a       0x2e C:\Program Files\Raisonance\Ride\Lib\ARM\e_stdio_thumb.a(small_mprec.o)
 .ARM.attributes
                0x00000268       0x31 C:\Program Files\Raisonance\Ride\Lib\ARM\STM32F10x_thumb.lib(stm32f10x_dma.o)
 .ARM.attributes
                0x00000299       0x31 C:\Program Files\Raisonance\Ride\Lib\ARM\STM32F10x_thumb.lib(stm32f10x_flash.o)
 .ARM.attributes
                0x000002ca       0x31 C:\Program Files\Raisonance\Ride\Lib\ARM\STM32F10x_thumb.lib(stm32f10x_gpio.o)
 .ARM.attributes
                0x000002fb       0x31 C:\Program Files\Raisonance\Ride\Lib\ARM\STM32F10x_thumb.lib(stm32f10x_nvic.o)
 .ARM.attributes
                0x0000032c       0x31 C:\Program Files\Raisonance\Ride\Lib\ARM\STM32F10x_thumb.lib(stm32f10x_wwdg.o)
 .ARM.attributes
                0x0000035d       0x21 C:\Program Files\Raisonance\Ride\Lib\ARM\STM32F10x_thumb.lib(cortexm3_macro.o)

.debug_ranges   0x00000000      0x5b0
 .debug_ranges  0x00000000      0x238 C:\cortex\gateway\stm32f10x_it.o
 .debug_ranges  0x00000238       0x70 C:\cortex\gateway\main.o
 .debug_ranges  0x000002a8      0x110 C:\cortex\gateway\stm32f10x_rcc.o
 .debug_ranges  0x000003b8       0xe8 C:\cortex\gateway\stm32f10x_usart.o
 .debug_ranges  0x000004a0      0x110 C:\cortex\gateway\stm32f10x_i2c.o
