Archive member included because of file (symbol)

c:/program files (x86)/raisonance/ride/arm-gcc/bin/../lib/gcc/arm-none-eabi/4.5.1/../../../../arm-none-eabi/lib/thumb2\libc.a(lib_a-memcpy.o)
                              C:\cortex\dimmers\hex\dimmers_bkp.o (memcpy)
c:/program files (x86)/raisonance/ride/arm-gcc/bin/../lib/gcc/arm-none-eabi/4.5.1/../../../../arm-none-eabi/lib/thumb2\libc.a(lib_a-memset.o)
                              C:\cortex\dimmers\hex\tasks.o (memset)
c:/program files (x86)/raisonance/ride/arm-gcc/bin/../lib/gcc/arm-none-eabi/4.5.1/../../../../arm-none-eabi/lib/thumb2\libc.a(lib_a-strncpy.o)
                              C:\cortex\dimmers\hex\tasks.o (strncpy)
c:/program files (x86)/raisonance/ride/arm-gcc/bin/../lib/gcc/arm-none-eabi/4.5.1/../../../../arm-none-eabi/lib/thumb2\libm.a(lib_a-s_tanh.o)
                              C:\cortex\dimmers\hex\dimmers_tim.o (tanh)
c:/program files (x86)/raisonance/ride/arm-gcc/bin/../lib/gcc/arm-none-eabi/4.5.1/../../../../arm-none-eabi/lib/thumb2\libm.a(lib_a-s_expm1.o)
                              c:/program files (x86)/raisonance/ride/arm-gcc/bin/../lib/gcc/arm-none-eabi/4.5.1/../../../../arm-none-eabi/lib/thumb2\libm.a(lib_a-s_tanh.o) (expm1)
c:/program files (x86)/raisonance/ride/arm-gcc/bin/../lib/gcc/arm-none-eabi/4.5.1/../../../../arm-none-eabi/lib/thumb2\libm.a(lib_a-s_fabs.o)
                              c:/program files (x86)/raisonance/ride/arm-gcc/bin/../lib/gcc/arm-none-eabi/4.5.1/../../../../arm-none-eabi/lib/thumb2\libm.a(lib_a-s_tanh.o) (fabs)
c:/program files (x86)/raisonance/ride/arm-gcc/bin/../lib/gcc/arm-none-eabi/4.5.1/thumb2\libgcc.a(_arm_addsubdf3.o)
                              C:\cortex\dimmers\hex\dimmers_tim.o (__aeabi_dsub)
c:/program files (x86)/raisonance/ride/arm-gcc/bin/../lib/gcc/arm-none-eabi/4.5.1/thumb2\libgcc.a(_arm_muldivdf3.o)
                              C:\cortex\dimmers\hex\dimmers_tim.o (__aeabi_dmul)
c:/program files (x86)/raisonance/ride/arm-gcc/bin/../lib/gcc/arm-none-eabi/4.5.1/thumb2\libgcc.a(_arm_cmpdf2.o)
                              c:/program files (x86)/raisonance/ride/arm-gcc/bin/../lib/gcc/arm-none-eabi/4.5.1/../../../../arm-none-eabi/lib/thumb2\libm.a(lib_a-s_expm1.o) (__aeabi_dcmplt)
c:/program files (x86)/raisonance/ride/arm-gcc/bin/../lib/gcc/arm-none-eabi/4.5.1/thumb2\libgcc.a(_arm_fixdfsi.o)
                              c:/program files (x86)/raisonance/ride/arm-gcc/bin/../lib/gcc/arm-none-eabi/4.5.1/../../../../arm-none-eabi/lib/thumb2\libm.a(lib_a-s_expm1.o) (__aeabi_d2iz)
c:/program files (x86)/raisonance/ride/arm-gcc/bin/../lib/gcc/arm-none-eabi/4.5.1/thumb2\libgcc.a(_arm_fixunsdfsi.o)
                              C:\cortex\dimmers\hex\dimmers_tim.o (__aeabi_d2uiz)

Allocating common symbols
Common symbol       size              file

xSendStatusTaskHandle
                    0x4               C:\cortex\dimmers\hex\dimmers_storage.o
xSendUpdateTaskHandle
                    0x4               C:\cortex\dimmers\hex\dimmers_storage.o
xRefreshTaskHandle  0x4               C:\cortex\dimmers\hex\dimmers_storage.o
Compares            0x18              C:\cortex\dimmers\hex\dimmers_storage.o
Yi                  0x10              C:\cortex\dimmers\hex\dimmers_storage.o
xI2CRecvSync        0x4               C:\cortex\dimmers\hex\dimmers_storage.o
Lights              0xa8              C:\cortex\dimmers\hex\dimmers_storage.o
TempSensor          0x2               C:\cortex\dimmers\hex\dimmers_storage.o
I2C2Adr             0x2               C:\cortex\dimmers\hex\dimmers_i2c.o
xBKPsync            0x4               C:\cortex\dimmers\hex\dimmers_storage.o
I2C1Adr             0x2               C:\cortex\dimmers\hex\dimmers_i2c.o
HoursCount          0x2               C:\cortex\dimmers\hex\dimmers_storage.o
DimmerCount         0x2               C:\cortex\dimmers\hex\dimmers_storage.o
xButtonTaskHandle   0x18              C:\cortex\dimmers\hex\dimmers_storage.o
ZeroCross           0x2               C:\cortex\dimmers\hex\dimmers_storage.o
xI2C2ReceiveTaskHandle
                    0x4               C:\cortex\dimmers\hex\dimmers_storage.o
xI2CSendSync        0x4               C:\cortex\dimmers\hex\dimmers_storage.o
xSemaphoreButtonArrayHandle
                    0x18              C:\cortex\dimmers\hex\dimmers_storage.o
BkpMemoryMap        0x54              C:\cortex\dimmers\hex\dimmers_storage.o
ExternData          0x54              C:\cortex\dimmers\hex\dimmers_storage.o
ToggleCount         0x2               C:\cortex\dimmers\hex\dimmers_storage.o
GPIO_InitStructure  0x4               C:\cortex\dimmers\hex\dimmers_gpio.o
InternData          0x54              C:\cortex\dimmers\hex\dimmers_storage.o
CompareStates       0x18              C:\cortex\dimmers\hex\dimmers_storage.o
Xi                  0x46              C:\cortex\dimmers\hex\dimmers_storage.o
xI2C1SendTaskHandle
[...]
Memory Configuration

Name             Origin             Length             Attributes
RAM              0x20000000         0x00010000         xrw
FLASH            0x08000000         0x00080000         xr
STARTFLASH       0x00000000         0x00000000         xr
CRPPATCH         0x00000000         0x00000000         r
FLASHPATCH       0x00000000         0x00000000         r
ENDFLASH         0x00000000         0x00000000         xr
FLASHB1          0x00000000         0x00000000         xr
EXTMEMB0         0x00000000         0x00000000         xr
EXTMEMB1         0x00000000         0x00000000         xr
EXTMEMB2         0x00000000         0x00000000         xr
EXTMEMB3         0x00000000         0x00000000         xr
*default*        0x00000000         0xffffffff

Linker script and memory map

LOAD C:\cortex\dimmers\hex\dimmers_adc.o
LOAD C:\cortex\dimmers\hex\dimmers_exti.o
LOAD C:\cortex\dimmers\hex\dimmers_gpio.o
LOAD C:\cortex\dimmers\hex\dimmers_nvic.o
LOAD C:\cortex\dimmers\hex\dimmers_rcc.o
LOAD C:\cortex\dimmers\hex\dimmers_tim.o
LOAD C:\cortex\dimmers\hex\dimmers_wdg.o
LOAD C:\cortex\dimmers\hex\fir_stm32.o
LOAD C:\cortex\dimmers\hex\main.o
LOAD C:\cortex\dimmers\hex\memshift.o
LOAD C:\cortex\dimmers\hex\stm32f10x_it.o
LOAD C:\cortex\dimmers\hex\stm32f10x_vector.o
LOAD C:\cortex\dimmers\hex\dimmers_i2c.o
LOAD C:\cortex\dimmers\hex\dimmers_bkp.o
LOAD C:\cortex\dimmers\hex\dimmers_rtc.o
LOAD C:\cortex\dimmers\hex\dimmers_storage.o
LOAD C:\cortex\dimmers\hex\croutine.o
LOAD C:\cortex\dimmers\hex\heap_2.o
LOAD C:\cortex\dimmers\hex\list.o
LOAD C:\cortex\dimmers\hex\port.o
LOAD C:\cortex\dimmers\hex\queue.o
LOAD C:\cortex\dimmers\hex\tasks.o
LOAD C:\cortex\dimmers\hex\stm32f10x_adc.o
LOAD C:\cortex\dimmers\hex\stm32f10x_bkp.o
LOAD C:\cortex\dimmers\hex\stm32f10x_can.o
LOAD C:\cortex\dimmers\hex\stm32f10x_crc.o
LOAD C:\cortex\dimmers\hex\stm32f10x_dac.o
LOAD C:\cortex\dimmers\hex\stm32f10x_dbgmcu.o
LOAD C:\cortex\dimmers\hex\stm32f10x_dma.o
LOAD C:\cortex\dimmers\hex\stm32f10x_exti.o
LOAD C:\cortex\dimmers\hex\stm32f10x_flash.o
LOAD C:\cortex\dimmers\hex\stm32f10x_fsmc.o
LOAD C:\cortex\dimmers\hex\stm32f10x_gpio.o
LOAD C:\cortex\dimmers\hex\stm32f10x_i2c.o
LOAD C:\cortex\dimmers\hex\stm32f10x_iwdg.o
LOAD C:\cortex\dimmers\hex\stm32f10x_lib.o
LOAD C:\cortex\dimmers\hex\stm32f10x_nvic.o
LOAD C:\cortex\dimmers\hex\stm32f10x_pwr.o
LOAD C:\cortex\dimmers\hex\stm32f10x_rcc.o
LOAD C:\cortex\dimmers\hex\stm32f10x_rtc.o
LOAD C:\cortex\dimmers\hex\stm32f10x_sdio.o
LOAD C:\cortex\dimmers\hex\stm32f10x_spi.o
LOAD C:\cortex\dimmers\hex\stm32f10x_systick.o
LOAD C:\cortex\dimmers\hex\stm32f10x_tim.o
LOAD C:\cortex\dimmers\hex\stm32f10x_usart.o
LOAD C:\cortex\dimmers\hex\stm32f10x_wwdg.o
START GROUP
LOAD C:\Program Files (x86)\Raisonance\Ride\Lib\ARM\std_sbrk_thumb.lib
LOAD C:\Program Files (x86)\Raisonance\Ride\Lib\ARM\smallprintf_thumb.a
LOAD c:/program files (x86)/raisonance/ride/arm-gcc/bin/../lib/gcc/arm-none-eabi/4.5.1/../../../../arm-none-eabi/lib/thumb2\libc.a
LOAD c:/program files (x86)/raisonance/ride/arm-gcc/bin/../lib/gcc/arm-none-eabi/4.5.1/../../../../arm-none-eabi/lib/thumb2\libm.a
END GROUP
                0x00000400                __Stack_Size = 0x400
                0x00000400                PROVIDE (_Stack_Size, __Stack_Size)
                0x2000fc00                __Stack_Init = (_estack - __Stack_Size)
                0x2000fc00                PROVIDE (_Stack_Init, __Stack_Init)
                0x00000100                _Minimum_Stack_Size = 0x100
                0x00000000                PROVIDE (Undefined_Handler, 0x0)
                0x00000000                PROVIDE (SWI_Handler, 0x0)
                0x00000000                PROVIDE (IRQ_Handler, 0x0)
                0x00000000                PROVIDE (Prefetch_Handler, 0x0)
                0x00000000                PROVIDE (Abort_Handler, 0x0)
                0x00000000                PROVIDE (FIQ_Handler, 0x0)
                0x00000000                PROVIDE (NMIException, 0x0)
                0x00000000                PROVIDE (NMI_Handler, 0x0)
                0x00000000                PROVIDE (HardFaultException, 0x0)
                0x00000000                PROVIDE (HardFault_Handler, 0x0)
                0x00000000                PROVIDE (MemManageException, 0x0)
                0x00000000                PROVIDE (MemManage_Handler, 0x0)
                0x00000000                PROVIDE (BusFaultException, 0x0)
                0x00000000                PROVIDE (BusFault_Handler, 0x0)
                0x00000000                PROVIDE (UsageFaultException, 0x0)
                0x00000000                PROVIDE (UsageFault_Handler, 0x0)
                0x00000000                PROVIDE (SVCHandler, 0x0)
                0x00000000                PROVIDE (SVC_Handler, 0x0)
                0x00000000                PROVIDE (DebugMonitor, 0x0)
                0x00000000                PROVIDE (DebugMon_Handler, 0x0)
                0x00000000                PROVIDE (PendSVC, 0x0)
                0x00000000                PROVIDE (PendSV_Handler, 0x0)
                0x00000000                PROVIDE (SysTickHandler, 0x0)
                0x00000000                PROVIDE (SysTick_Handler, 0x0)
                0x00000000                PROVIDE (WWDG_IRQHandler, 0x0)
                0x00000000                PROVIDE (PVD_IRQHandler, 0x0)
                0x00000000                PROVIDE (TAMPER_IRQHandler, 0x0)
                0x00000000                PROVIDE (RTC_IRQHandler, 0x0)
                0x00000000                PROVIDE (FLASH_IRQHandler, 0x0)
                0x00000000                PROVIDE (RCC_IRQHandler, 0x0)
                0x00000000                PROVIDE (EXTI0_IRQHandler, 0x0)
                0x00000000                PROVIDE (EXTI1_IRQHandler, 0x0)
                0x00000000                PROVIDE (EXTI2_IRQHandler, 0x0)
                0x00000000                PROVIDE (EXTI3_IRQHandler, 0x0)
                0x00000000                PROVIDE (EXTI4_IRQHandler, 0x0)
                0x00000000                PROVIDE (DMAChannel1_IRQHandler, 0x0)
                0x00000000                PROVIDE (DMAChannel2_IRQHandler, 0x0)
                0x00000000                PROVIDE (DMAChannel3_IRQHandler, 0x0)
                0x00000000                PROVIDE (DMAChannel4_IRQHandler, 0x0)
                0x00000000                PROVIDE (DMAChannel5_IRQHandler, 0x0)
                0x00000000                PROVIDE (DMAChannel6_IRQHandler, 0x0)
                0x00000000                PROVIDE (DMAChannel7_IRQHandler, 0x0)
                0x00000000                PROVIDE (DMA1_Channel1_IRQHandler, 0x0)
                0x00000000                PROVIDE (DMA1_Channel2_IRQHandler, 0x0)
                0x00000000                PROVIDE (DMA1_Channel3_IRQHandler, 0x0)
                0x00000000                PROVIDE (DMA1_Channel4_IRQHandler, 0x0)
                0x00000000                PROVIDE (DMA1_Channel5_IRQHandler, 0x0)
                0x00000000                PROVIDE (DMA1_Channel6_IRQHandler, 0x0)
                0x00000000                PROVIDE (DMA1_Channel7_IRQHandler, 0x0)
                0x00000000                PROVIDE (ADC_IRQHandler, 0x0)
                0x00000000                PROVIDE (ADC1_2_IRQHandler, 0x0)
                0x00000000                PROVIDE (USB_HP_CAN_TX_IRQHandler, 0x0)
                0x00000000                PROVIDE (USB_HP_CAN1_TX_IRQHandler, 0x0)
                0x00000000                PROVIDE (USB_LP_CAN_RX0_IRQHandler, 0x0)
                0x00000000                PROVIDE (USB_LP_CAN1_RX0_IRQHandler, 0x0)
                0x00000000                PROVIDE (CAN_RX1_IRQHandler, 0x0)
                0x00000000                PROVIDE (CAN1_RX1_IRQHandler, 0x0)
                0x00000000                PROVIDE (CAN_SCE_IRQHandler, 0x0)
                0x00000000                PROVIDE (CAN1_SCE_IRQHandler, 0x0)
                0x00000000                PROVIDE (EXTI9_5_IRQHandler, 0x0)
                0x00000000                PROVIDE (TIM1_BRK_IRQHandler, 0x0)
                0x00000000                PROVIDE (TIM1_UP_IRQHandler, 0x0)
                0x00000000                PROVIDE (TIM1_TRG_COM_IRQHandler, 0x0)
                0x00000000                PROVIDE (TIM1_CC_IRQHandler, 0x0)
                0x00000000                PROVIDE (TIM2_IRQHandler, 0x0)
                0x00000000                PROVIDE (TIM3_IRQHandler, 0x0)
                0x00000000                PROVIDE (TIM4_IRQHandler, 0x0)
                0x00000000                PROVIDE (I2C1_EV_IRQHandler, 0x0)
                0x00000000                PROVIDE (I2C1_ER_IRQHandler, 0x0)
                0x00000000                PROVIDE (I2C2_EV_IRQHandler, 0x0)
                0x00000000                PROVIDE (I2C2_ER_IRQHandler, 0x0)
                0x00000000                PROVIDE (SPI1_IRQHandler, 0x0)
                0x00000000                PROVIDE (SPI2_IRQHandler, 0x0)
                0x00000000                PROVIDE (USART1_IRQHandler, 0x0)
                0x00000000                PROVIDE (USART2_IRQHandler, 0x0)
                0x00000000                PROVIDE (USART3_IRQHandler, 0x0)
                0x00000000                PROVIDE (EXTI15_10_IRQHandler, 0x0)
                0x00000000                PROVIDE (RTCAlarm_IRQHandler, 0x0)
                0x00000000                PROVIDE (USBWakeUp_IRQHandler, 0x0)
                0x00000000                PROVIDE (TIM8_BRK_IRQHandler, 0x0)
                0x00000000                PROVIDE (TIM8_UP_IRQHandler, 0x0)
                0x00000000                PROVIDE (TIM8_TRG_COM_IRQHandler, 0x0)
                0x00000000                PROVIDE (TIM8_CC_IRQHandler, 0x0)
                0x00000000                PROVIDE (ADC3_IRQHandler, 0x0)
                0x00000000                PROVIDE (FSMC_IRQHandler, 0x0)
                0x00000000                PROVIDE (SDIO_IRQHandler, 0x0)
                0x00000000                PROVIDE (TIM5_IRQHandler, 0x0)
                0x00000000                PROVIDE (SPI3_IRQHandler, 0x0)
                0x00000000                PROVIDE (UART4_IRQHandler, 0x0)
                0x00000000                PROVIDE (UART5_IRQHandler, 0x0)
                0x00000000                PROVIDE (TIM6_IRQHandler, 0x0)
                0x00000000                PROVIDE (TIM7_IRQHandler, 0x0)
                0x00000000                PROVIDE (DMA2_Channel1_IRQHandler, 0x0)
                0x00000000                PROVIDE (DMA2_Channel2_IRQHandler, 0x0)
                0x00000000                PROVIDE (DMA2_Channel3_IRQHandler, 0x0)
                0x00000000                PROVIDE (DMA2_Channel4_5_IRQHandler, 0x0)
                0x42000000                PERIPH_BB_BASE = 0x42000000
                0x22000000                SRAM_BB_BASE = 0x22000000
                0x20000000                SRAM_BASE = 0x20000000
                0x40000000                PERIPH_BASE = 0x40000000
                0x40022000                PROVIDE (FLASH_BASE, 0x40022000)
                0x1ffff800                PROVIDE (OB_BASE, 0x1ffff800)
                0x40000000                APB1PERIPH_BASE = PERIPH_BASE
                0x40010000                APB2PERIPH_BASE = (PERIPH_BASE + 0x10000)
                0x40020000                AHBPERIPH_BASE = (PERIPH_BASE + 0x20000)
                0x40000000                PROVIDE (TIM2, (APB1PERIPH_BASE + 0x0))
                0x40000400                PROVIDE (TIM3, (APB1PERIPH_BASE + 0x400))
                0x40000800                PROVIDE (TIM4, (APB1PERIPH_BASE + 0x800))
                0x40002800                PROVIDE (RTC, (APB1PERIPH_BASE + 0x2800))
                0x40002c00                PROVIDE (WWDG, (APB1PERIPH_BASE + 0x2c00))
                0x40003000                PROVIDE (IWDG, (APB1PERIPH_BASE + 0x3000))
                0x40003800                PROVIDE (SPI2, (APB1PERIPH_BASE + 0x3800))
                0x40004400                PROVIDE (USART2, (APB1PERIPH_BASE + 0x4400))
                0x40004800                PROVIDE (USART3, (APB1PERIPH_BASE + 0x4800))
                0x40005400                PROVIDE (I2C1, (APB1PERIPH_BASE + 0x5400))
                0x40005800                PROVIDE (I2C2, (APB1PERIPH_BASE + 0x5800))
                0x40006400                PROVIDE (CAN, (APB1PERIPH_BASE + 0x6400))
                0x40006c00                PROVIDE (BKP, (APB1PERIPH_BASE + 0x6c00))
                0x40007000                PROVIDE (PWR, (APB1PERIPH_BASE + 0x7000))
                0x40010000                PROVIDE (AFIO, (APB2PERIPH_BASE + 0x0))
                0x40010400                PROVIDE (EXTI, (APB2PERIPH_BASE + 0x400))
                0x40010800                PROVIDE (GPIOA, (APB2PERIPH_BASE + 0x800))
                0x40010c00                PROVIDE (GPIOB, (APB2PERIPH_BASE + 0xc00))
                0x40011000                PROVIDE (GPIOC, (APB2PERIPH_BASE + 0x1000))
                0x40011400                PROVIDE (GPIOD, (APB2PERIPH_BASE + 0x1400))
                0x40011800                PROVIDE (GPIOE, (APB2PERIPH_BASE + 0x1800))
                0x40012400                PROVIDE (ADC1, (APB2PERIPH_BASE + 0x2400))
                0x40012800                PROVIDE (ADC2, (APB2PERIPH_BASE + 0x2800))
                0x40012c00                PROVIDE (TIM1, (APB2PERIPH_BASE + 0x2c00))
                0x40013000                PROVIDE (SPI1, (APB2PERIPH_BASE + 0x3000))
                0x40013800                PROVIDE (USART1, (APB2PERIPH_BASE + 0x3800))
                0x40020000                PROVIDE (DMA, (AHBPERIPH_BASE + 0x0))
                0x40020008                PROVIDE (DMA_Channel1, (AHBPERIPH_BASE + 0x8))
                0x4002001c                PROVIDE (DMA_Channel2, (AHBPERIPH_BASE + 0x1c))
                0x40020030                PROVIDE (DMA_Channel3, (AHBPERIPH_BASE + 0x30))
                0x40020044                PROVIDE (DMA_Channel4, (AHBPERIPH_BASE + 0x44))
                0x40020058                PROVIDE (DMA_Channel5, (AHBPERIPH_BASE + 0x58))
                0x4002006c                PROVIDE (DMA_Channel6, (AHBPERIPH_BASE + 0x6c))
                0x40020080                PROVIDE (DMA_Channel7, (AHBPERIPH_BASE + 0x80))
                0x40021000                PROVIDE (RCC, (AHBPERIPH_BASE + 0x1000))
                0xe000e000                SCS_BASE = 0xe000e000
                0xe000e010                PROVIDE (SysTick, (SCS_BASE + 0x10))
                0xe000e100                PROVIDE (NVIC, (SCS_BASE + 0x100))
                0xe000ed00                PROVIDE (SCB, (SCS_BASE + 0xd00))
                0x20010000                _estack = 0x20010000

.isr_vector     0x08000000      0x130
                0x08000000                . = ALIGN (0x4)
 *(.isr_vector)
 .isr_vector    0x08000000      0x130 C:\cortex\dimmers\hex\stm32f10x_vector.o
                0x08000000                g_pfnVectors
                0x08000130                . = ALIGN (0x4)

.flash_start    0x00000000        0x0
                0x00000000                . = ALIGN (0x4)
 *(.flash_start)
 *(.flash_start.*)
                0x00000000                . = ALIGN (0x4)

.crp_patch      0x00000000        0x0
                0x00000000                . = ALIGN (0x4)
 *(.crp_patch)
                0x00000000                . = ALIGN (0x4)

.flashtext      0x08000130        0x0
                0x08000130                . = ALIGN (0x4)
 *(.flashtext)
                0x08000130                . = ALIGN (0x4)

.text           0x08000130     0x51dc
                0x08000130                . = ALIGN (0x4)
 *(.text)
 .text          0x08000130       0xa6 C:\cortex\dimmers\hex\fir_stm32.o
                0x08000130                fir_16by16_stm32
 .text          0x080001d6       0x1e C:\cortex\dimmers\hex\memshift.o
                0x080001d6                mem_shift
 .text          0x080001f4      0x150 c:/program files (x86)/raisonance/ride/arm-gcc/bin/../lib/gcc/arm-none-eabi/4.5.1/../../../../arm-none-eabi/lib/thumb2\libc.a(lib_a-memcpy.o)
                0x080001f4                memcpy
 .text          0x08000344       0xb4 c:/program files (x86)/raisonance/ride/arm-gcc/bin/../lib/gcc/arm-none-eabi/4.5.1/../../../../arm-none-eabi/lib/thumb2\libc.a(lib_a-memset.o)
                0x08000344                memset
 .text          0x080003f8       0x7c c:/program files (x86)/raisonance/ride/arm-gcc/bin/../lib/gcc/arm-none-eabi/4.5.1/../../../../arm-none-eabi/lib/thumb2\libc.a(lib_a-strncpy.o)
                0x080003f8                strncpy
 .text          0x08000474      0x12c c:/program files (x86)/raisonance/ride/arm-gcc/bin/../lib/gcc/arm-none-eabi/4.5.1/../../../../arm-none-eabi/lib/thumb2\libm.a(lib_a-s_tanh.o)
                0x08000474                tanh
 .text          0x080005a0      0x4b0 c:/program files (x86)/raisonance/ride/arm-gcc/bin/../lib/gcc/arm-none-eabi/4.5.1/../../../../arm-none-eabi/lib/thumb2\libm.a(lib_a-s_expm1.o)
                0x080005a0                expm1
 .text          0x08000a50        0x8 c:/program files (x86)/raisonance/ride/arm-gcc/bin/../lib/gcc/arm-none-eabi/4.5.1/../../../../arm-none-eabi/lib/thumb2\libm.a(lib_a-s_fabs.o)
                0x08000a50                fabs
 .text          0x08000a58      0x370 c:/program files (x86)/raisonance/ride/arm-gcc/bin/../lib/gcc/arm-none-eabi/4.5.1/thumb2\libgcc.a(_arm_addsubdf3.o)
                0x08000a58                __aeabi_drsub
                0x08000a60                __aeabi_dsub
                0x08000a60                __subdf3
                0x08000a64                __aeabi_dadd
                0x08000a64                __adddf3
                0x08000cdc                __floatunsidf
                0x08000cdc                __aeabi_ui2d
                0x08000cfc                __floatsidf
                0x08000cfc                __aeabi_i2d
                0x08000d20                __aeabi_f2d
                0x08000d20                __extendsfdf2
                0x08000d5c                __floatundidf
                0x08000d5c                __aeabi_ul2d
                0x08000d6c                __floatdidf
                0x08000d6c                __aeabi_l2d
 .text          0x08000dc8      0x424 c:/program files (x86)/raisonance/ride/arm-gcc/bin/../lib/gcc/arm-none-eabi/4.5.1/thumb2\libgcc.a(_arm_muldivdf3.o)
                0x08000dc8                __aeabi_dmul
                0x08000dc8                __muldf3
                0x0800101c                __divdf3
                0x0800101c                __aeabi_ddiv
 .text          0x080011ec      0x110 c:/program files (x86)/raisonance/ride/arm-gcc/bin/../lib/gcc/arm-none-eabi/4.5.1/thumb2\libgcc.a(_arm_cmpdf2.o)
                0x080011ec                __gtdf2
                0x080011ec                __gedf2
                0x080011f4                __ltdf2
                0x080011f4                __ledf2
                0x080011fc                __nedf2
                0x080011fc                __eqdf2
                0x080011fc                __cmpdf2
                0x08001278                __aeabi_cdrcmple
                0x08001288                __aeabi_cdcmpeq
                0x08001288                __aeabi_cdcmple
                0x08001298                __aeabi_dcmpeq
                0x080012ac                __aeabi_dcmplt
                0x080012c0                __aeabi_dcmple
                0x080012d4                __aeabi_dcmpge
                0x080012e8                __aeabi_dcmpgt
 .text          0x080012fc       0x50 c:/program files (x86)/raisonance/ride/arm-gcc/bin/../lib/gcc/arm-none-eabi/4.5.1/thumb2\libgcc.a(_arm_fixdfsi.o)
                0x080012fc                __aeabi_d2iz
                0x080012fc                __fixdfsi
 .text          0x0800134c       0x40 c:/program files (x86)/raisonance/ride/arm-gcc/bin/../lib/gcc/arm-none-eabi/4.5.1/thumb2\libgcc.a(_arm_fixunsdfsi.o)
                0x0800134c                __aeabi_d2uiz
                0x0800134c                __fixunsdfsi
 *(.text.*)
 .text.AdcDmaInit
                0x0800138c       0xb4 C:\cortex\dimmers\hex\dimmers_adc.o
                0x0800138c                AdcDmaInit
 .text.AdcInit  0x08001440       0x84 C:\cortex\dimmers\hex\dimmers_adc.o
                0x08001440                AdcInit
 .text.AdcCalibration
                0x080014c4       0x4c C:\cortex\dimmers\hex\dimmers_adc.o
                0x080014c4                AdcCalibration
 .text.AdcEnable
                0x08001510       0x20 C:\cortex\dimmers\hex\dimmers_adc.o
                0x08001510                AdcEnable
 .text.ExtiInit
                0x08001530       0x60 C:\cortex\dimmers\hex\dimmers_exti.o
                0x08001530                ExtiInit
 .text.GpioInit
                0x08001590       0x3c C:\cortex\dimmers\hex\dimmers_gpio.o
                0x08001590                GpioInit
 .text.GpioClockSet
                0x080015cc       0x1a C:\cortex\dimmers\hex\dimmers_gpio.o
                0x080015cc                GpioClockSet
 *fill*         0x080015e6        0x2 00
 .text.GpioGetDipState
                0x080015e8        0xc C:\cortex\dimmers\hex\dimmers_gpio.o
                0x080015e8                GpioGetDipState
 .text.NvicInit
                0x080015f4       0x44 C:\cortex\dimmers\hex\dimmers_nvic.o
                0x080015f4                NvicInit
 .text.RccInit  0x08001638       0x6e C:\cortex\dimmers\hex\dimmers_rcc.o
                0x08001638                RccInit
 *fill*         0x080016a6        0x2 00
 .text.SetTimIntCompare6
                0x080016a8       0x10 C:\cortex\dimmers\hex\dimmers_tim.o
                0x080016a8                SetTimIntCompare6
 .text.SetTimIntCompare5
                0x080016b8       0x10 C:\cortex\dimmers\hex\dimmers_tim.o
                0x080016b8                SetTimIntCompare5
 .text.SetTimIntCompare4
                0x080016c8       0x10 C:\cortex\dimmers\hex\dimmers_tim.o
                0x080016c8                SetTimIntCompare4
 .text.SetTimIntCompare3
                0x080016d8       0x10 C:\cortex\dimmers\hex\dimmers_tim.o
                0x080016d8                SetTimIntCompare3
 .text.SetTimIntCompare2
                0x080016e8        0xc C:\cortex\dimmers\hex\dimmers_tim.o
                0x080016e8                SetTimIntCompare2
 .text.SetTimIntCompare1
                0x080016f4        0xc C:\cortex\dimmers\hex\dimmers_tim.o
                0x080016f4                SetTimIntCompare1
 .text.TimSetClockTimer1
                0x08001700        0xa C:\cortex\dimmers\hex\dimmers_tim.o
                0x08001700                TimSetClockTimer1
 .text.TimSetClockTimer2
                0x0800170a        0x8 C:\cortex\dimmers\hex\dimmers_tim.o
                0x0800170a                TimSetClockTimer2
 .text.TimSetClockTimer3
                0x08001712        0x8 C:\cortex\dimmers\hex\dimmers_tim.o
                0x08001712                TimSetClockTimer3
 .text.TimSetClockTimer4
                0x0800171a        0x8 C:\cortex\dimmers\hex\dimmers_tim.o
                0x0800171a                TimSetClockTimer4
 *fill*         0x08001722        0x2 00
 .text.TimSetConfigTimer1
                0x08001724       0x2c C:\cortex\dimmers\hex\dimmers_tim.o
                0x08001724                TimSetConfigTimer1
 .text.TimSetConfigTimer2
                0x08001750       0x2a C:\cortex\dimmers\hex\dimmers_tim.o
                0x08001750                TimSetConfigTimer2
 *fill*         0x0800177a        0x2 00
 .text.TimSetConfigTimer3
                0x0800177c       0x2c C:\cortex\dimmers\hex\dimmers_tim.o
                0x0800177c                TimSetConfigTimer3
 .text.TimSetConfigTimer4
                0x080017a8       0x2c C:\cortex\dimmers\hex\dimmers_tim.o
                0x080017a8                TimSetConfigTimer4
 .text.TimStartAll
                0x080017d4       0x34 C:\cortex\dimmers\hex\dimmers_tim.o
                0x080017d4                TimStartAll
 .text.TimGetHoldValue
                0x08001808       0x54 C:\cortex\dimmers\hex\dimmers_tim.o
                0x08001808                TimGetHoldValue
 .text.TimSetCompareSetHold6
                0x0800185c       0x24 C:\cortex\dimmers\hex\dimmers_tim.o
                0x0800185c                TimSetCompareSetHold6
 .text.TimSetCompareSetHold5
                0x08001880       0x24 C:\cortex\dimmers\hex\dimmers_tim.o
                0x08001880                TimSetCompareSetHold5
 .text.TimSetCompareSetHold4
                0x080018a4       0x24 C:\cortex\dimmers\hex\dimmers_tim.o
                0x080018a4                TimSetCompareSetHold4
 .text.TimSetCompareSetHold3
                0x080018c8       0x24 C:\cortex\dimmers\hex\dimmers_tim.o
                0x080018c8                TimSetCompareSetHold3
 .text.TimSetCompareSetHold2
                0x080018ec       0x24 C:\cortex\dimmers\hex\dimmers_tim.o
                0x080018ec                TimSetCompareSetHold2
 .text.TimSetCompareSetHold1
                0x08001910       0x24 C:\cortex\dimmers\hex\dimmers_tim.o
                0x08001910                TimSetCompareSetHold1
 .text.TimSetInitCompareSetHold6
                0x08001934       0x50 C:\cortex\dimmers\hex\dimmers_tim.o
                0x08001934                TimSetInitCompareSetHold6
 .text.TimSetInitCompareSetHold5
                0x08001984       0x50 C:\cortex\dimmers\hex\dimmers_tim.o
                0x08001984                TimSetInitCompareSetHold5
 .text.TimSetInitCompareSetHold4
                0x080019d4       0x50 C:\cortex\dimmers\hex\dimmers_tim.o
                0x080019d4                TimSetInitCompareSetHold4
 .text.TimSetInitCompareSetHold3
                0x08001a24       0x50 C:\cortex\dimmers\hex\dimmers_tim.o
                0x08001a24                TimSetInitCompareSetHold3
 .text.TimSetInitCompareSetHold2
                0x08001a74       0x52 C:\cortex\dimmers\hex\dimmers_tim.o
                0x08001a74                TimSetInitCompareSetHold2
 .text.TimSetInitCompareSetHold1
                0x08001ac6       0x52 C:\cortex\dimmers\hex\dimmers_tim.o
                0x08001ac6                TimSetInitCompareSetHold1
 .text.ComparesToArrayOfFunctions
                0x08001b18       0x38 C:\cortex\dimmers\hex\dimmers_tim.o
                0x08001b18                ComparesToArrayOfFunctions
 .text.CompareStatesToArrayOfFunctions
                0x08001b50       0x38 C:\cortex\dimmers\hex\dimmers_tim.o
                0x08001b50                CompareStatesToArrayOfFunctions
 .text.TimResetAll
                0x08001b88       0x28 C:\cortex\dimmers\hex\dimmers_tim.o
                0x08001b88                TimResetAll
 .text.WdgSet   0x08001bb0       0x2c C:\cortex\dimmers\hex\dimmers_wdg.o
                0x08001bb0                WdgSet
 .text.UtilUpdateLightFromButton
                0x08001bdc       0x16 C:\cortex\dimmers\hex\main.o
 *fill*         0x08001bf2        0x2 00
 .text.vSendUpdateTask
                0x08001bf4      0x128 C:\cortex\dimmers\hex\main.o
                0x08001bf4                vSendUpdateTask
 .text.vButtonToggleTask
                0x08001d1c       0x84 C:\cortex\dimmers\hex\main.o
                0x08001d1c                vButtonToggleTask
 .text.vButtonDimmerTask
                0x08001da0      0x1dc C:\cortex\dimmers\hex\main.o
                0x08001da0                vButtonDimmerTask
 .text.vRefreshTask
                0x08001f7c      0x120 C:\cortex\dimmers\hex\main.o
                0x08001f7c                vRefreshTask
 .text.vI2C2ReceiveTask
                0x0800209c       0x2c C:\cortex\dimmers\hex\main.o
                0x0800209c                vI2C2ReceiveTask
 .text.vInitDimmerValues
                0x080020c8       0x98 C:\cortex\dimmers\hex\main.o
                0x080020c8                vInitDimmerValues
 .text.vTaskInitSystem
                0x08002160      0x2fc C:\cortex\dimmers\hex\main.o
                0x08002160                vTaskInitSystem
 .text.main     0x0800245c       0x28 C:\cortex\dimmers\hex\main.o
                0x0800245c                main
 .text.NMIException
                0x08002484        0x2 C:\cortex\dimmers\hex\stm32f10x_it.o
                0x08002484                NMIException
 *fill*         0x08002486        0x2 00
 .text.HardFaultException
                0x08002488       0x1c C:\cortex\dimmers\hex\stm32f10x_it.o
                0x08002488                HardFaultException
 .text.MemManageException
                0x080024a4        0x2 C:\cortex\dimmers\hex\stm32f10x_it.o
                0x080024a4                MemManageException
 .text.BusFaultException
                0x080024a6        0x2 C:\cortex\dimmers\hex\stm32f10x_it.o
                0x080024a6                BusFaultException
 .text.UsageFaultException
                0x080024a8        0x2 C:\cortex\dimmers\hex\stm32f10x_it.o
                0x080024a8                UsageFaultException
 .text.DebugMonitor
                0x080024aa        0x2 C:\cortex\dimmers\hex\stm32f10x_it.o
                0x080024aa                DebugMonitor
 .text.WWDG_IRQHandler
                0x080024ac       0x10 C:\cortex\dimmers\hex\stm32f10x_it.o
                0x080024ac                WWDG_IRQHandler
 .text.PVD_IRQHandler
                0x080024bc       0x20 C:\cortex\dimmers\hex\stm32f10x_it.o
                0x080024bc                PVD_IRQHandler
 .text.TAMPER_IRQHandler
                0x080024dc        0x2 C:\cortex\dimmers\hex\stm32f10x_it.o
                0x080024dc                TAMPER_IRQHandler
 *fill*         0x080024de        0x2 00
 .text.RTC_IRQHandler
                0x080024e0       0x60 C:\cortex\dimmers\hex\stm32f10x_it.o
                0x080024e0                RTC_IRQHandler
 .text.FLASH_IRQHandler
                0x08002540        0x2 C:\cortex\dimmers\hex\stm32f10x_it.o
                0x08002540                FLASH_IRQHandler
 .text.RCC_IRQHandler
                0x08002542        0x2 C:\cortex\dimmers\hex\stm32f10x_it.o
                0x08002542                RCC_IRQHandler
 .text.EXTI0_IRQHandler
                0x08002544        0x2 C:\cortex\dimmers\hex\stm32f10x_it.o
                0x08002544                EXTI0_IRQHandler
 .text.EXTI1_IRQHandler
                0x08002546        0x2 C:\cortex\dimmers\hex\stm32f10x_it.o
                0x08002546                EXTI1_IRQHandler
 .text.EXTI2_IRQHandler
                0x08002548        0x2 C:\cortex\dimmers\hex\stm32f10x_it.o
                0x08002548                EXTI2_IRQHandler
 .text.EXTI3_IRQHandler
                0x0800254a        0x2 C:\cortex\dimmers\hex\stm32f10x_it.o
                0x0800254a                EXTI3_IRQHandler
 .text.EXTI4_IRQHandler
                0x0800254c        0x2 C:\cortex\dimmers\hex\stm32f10x_it.o
                0x0800254c                EXTI4_IRQHandler
 .text.DMA1_Channel1_IRQHandler
                0x0800254e        0x2 C:\cortex\dimmers\hex\stm32f10x_it.o
                0x0800254e                DMA1_Channel1_IRQHandler
 .text.DMA1_Channel2_IRQHandler
                0x08002550        0x2 C:\cortex\dimmers\hex\stm32f10x_it.o
                0x08002550                DMA1_Channel2_IRQHandler
 .text.DMA1_Channel3_IRQHandler
                0x08002552        0x2 C:\cortex\dimmers\hex\stm32f10x_it.o
                0x08002552                DMA1_Channel3_IRQHandler
 .text.DMA1_Channel4_IRQHandler
                0x08002554        0x2 C:\cortex\dimmers\hex\stm32f10x_it.o
                0x08002554                DMA1_Channel4_IRQHandler
 .text.DMA1_Channel5_IRQHandler
                0x08002556        0x2 C:\cortex\dimmers\hex\stm32f10x_it.o
                0x08002556                DMA1_Channel5_IRQHandler
 .text.DMA1_Channel6_IRQHandler
                0x08002558        0x2 C:\cortex\dimmers\hex\stm32f10x_it.o
                0x08002558                DMA1_Channel6_IRQHandler
 .text.DMA1_Channel7_IRQHandler
                0x0800255a        0x2 C:\cortex\dimmers\hex\stm32f10x_it.o
                0x0800255a                DMA1_Channel7_IRQHandler
 *fill*         0x0800255c        0x4 00
 .text.ADC1_2_IRQHandler
                0x08002560       0x80 C:\cortex\dimmers\hex\stm32f10x_it.o
                0x08002560                ADC1_2_IRQHandler
 .text.USB_HP_CAN_TX_IRQHandler
                0x080025e0        0x2 C:\cortex\dimmers\hex\stm32f10x_it.o
                0x080025e0                USB_HP_CAN_TX_IRQHandler
 .text.USB_LP_CAN_RX0_IRQHandler
                0x080025e2        0x2 C:\cortex\dimmers\hex\stm32f10x_it.o
                0x080025e2                USB_LP_CAN_RX0_IRQHandler
 .text.CAN_RX1_IRQHandler
                0x080025e4        0x2 C:\cortex\dimmers\hex\stm32f10x_it.o
                0x080025e4                CAN_RX1_IRQHandler
 .text.CAN_SCE_IRQHandler
                0x080025e6        0x2 C:\cortex\dimmers\hex\stm32f10x_it.o
                0x080025e6                CAN_SCE_IRQHandler
 .text.EXTI9_5_IRQHandler
                0x080025e8       0xf4 C:\cortex\dimmers\hex\stm32f10x_it.o
                0x080025e8                EXTI9_5_IRQHandler
 .text.TIM1_BRK_IRQHandler
                0x080026dc        0x2 C:\cortex\dimmers\hex\stm32f10x_it.o
                0x080026dc                TIM1_BRK_IRQHandler
 *fill*         0x080026de        0x2 00
 .text.TIM1_UP_IRQHandler
                0x080026e0       0x20 C:\cortex\dimmers\hex\stm32f10x_it.o
                0x080026e0                TIM1_UP_IRQHandler
 .text.TIM1_TRG_COM_IRQHandler
                0x08002700        0x2 C:\cortex\dimmers\hex\stm32f10x_it.o
                0x08002700                TIM1_TRG_COM_IRQHandler
 .text.TIM1_CC_IRQHandler
                0x08002702        0x2 C:\cortex\dimmers\hex\stm32f10x_it.o
                0x08002702                TIM1_CC_IRQHandler
 .text.TIM2_IRQHandler
                0x08002704       0xec C:\cortex\dimmers\hex\stm32f10x_it.o
                0x08002704                TIM2_IRQHandler
 .text.TIM3_IRQHandler
                0x080027f0       0xe4 C:\cortex\dimmers\hex\stm32f10x_it.o
                0x080027f0                TIM3_IRQHandler
 .text.TIM4_IRQHandler
                0x080028d4       0xe8 C:\cortex\dimmers\hex\stm32f10x_it.o
                0x080028d4                TIM4_IRQHandler
 .text.I2C1_EV_IRQHandler
                0x080029bc       0xb4 C:\cortex\dimmers\hex\stm32f10x_it.o
                0x080029bc                I2C1_EV_IRQHandler
 .text.I2C1_ER_IRQHandler
                0x08002a70       0x64 C:\cortex\dimmers\hex\stm32f10x_it.o
                0x08002a70                I2C1_ER_IRQHandler
 .text.I2C2_EV_IRQHandler
                0x08002ad4      0x194 C:\cortex\dimmers\hex\stm32f10x_it.o
                0x08002ad4                I2C2_EV_IRQHandler
 .text.I2C2_ER_IRQHandler
                0x08002c68       0x64 C:\cortex\dimmers\hex\stm32f10x_it.o
                0x08002c68                I2C2_ER_IRQHandler
 .text.SPI1_IRQHandler
                0x08002ccc        0x2 C:\cortex\dimmers\hex\stm32f10x_it.o
                0x08002ccc                SPI1_IRQHandler
 .text.SPI2_IRQHandler
                0x08002cce        0x2 C:\cortex\dimmers\hex\stm32f10x_it.o
                0x08002cce                SPI2_IRQHandler
 .text.USART1_IRQHandler
                0x08002cd0        0x2 C:\cortex\dimmers\hex\stm32f10x_it.o
                0x08002cd0                USART1_IRQHandler
 .text.USART2_IRQHandler
                0x08002cd2        0x2 C:\cortex\dimmers\hex\stm32f10x_it.o
                0x08002cd2                USART2_IRQHandler
 .text.USART3_IRQHandler
                0x08002cd4        0x2 C:\cortex\dimmers\hex\stm32f10x_it.o
                0x08002cd4                USART3_IRQHandler
 *fill*         0x08002cd6        0x2 00
 .text.EXTI15_10_IRQHandler
                0x08002cd8       0x8c C:\cortex\dimmers\hex\stm32f10x_it.o
                0x08002cd8                EXTI15_10_IRQHandler
 .text.RTCAlarm_IRQHandler
                0x08002d64        0x2 C:\cortex\dimmers\hex\stm32f10x_it.o
                0x08002d64                RTCAlarm_IRQHandler
 .text.USBWakeUp_IRQHandler
                0x08002d66        0x2 C:\cortex\dimmers\hex\stm32f10x_it.o
                0x08002d66                USBWakeUp_IRQHandler
 .text.TIM8_BRK_IRQHandler
                0x08002d68        0x2 C:\cortex\dimmers\hex\stm32f10x_it.o
                0x08002d68                TIM8_BRK_IRQHandler
 .text.TIM8_UP_IRQHandler
                0x08002d6a        0x2 C:\cortex\dimmers\hex\stm32f10x_it.o
                0x08002d6a                TIM8_UP_IRQHandler
 .text.TIM8_TRG_COM_IRQHandler
                0x08002d6c        0x2 C:\cortex\dimmers\hex\stm32f10x_it.o
                0x08002d6c                TIM8_TRG_COM_IRQHandler
 .text.TIM8_CC_IRQHandler
                0x08002d6e        0x2 C:\cortex\dimmers\hex\stm32f10x_it.o
                0x08002d6e                TIM8_CC_IRQHandler
 .text.ADC3_IRQHandler
                0x08002d70       0xdc C:\cortex\dimmers\hex\stm32f10x_it.o
                0x08002d70                ADC3_IRQHandler
 .text.FSMC_IRQHandler
                0x08002e4c        0x2 C:\cortex\dimmers\hex\stm32f10x_it.o
                0x08002e4c                FSMC_IRQHandler
 .text.SDIO_IRQHandler
                0x08002e4e        0x2 C:\cortex\dimmers\hex\stm32f10x_it.o
                0x08002e4e                SDIO_IRQHandler
 .text.TIM5_IRQHandler
                0x08002e50        0x2 C:\cortex\dimmers\hex\stm32f10x_it.o
                0x08002e50                TIM5_IRQHandler
 .text.SPI3_IRQHandler
                0x08002e52        0x2 C:\cortex\dimmers\hex\stm32f10x_it.o
                0x08002e52                SPI3_IRQHandler
 .text.UART4_IRQHandler
                0x08002e54        0x2 C:\cortex\dimmers\hex\stm32f10x_it.o
                0x08002e54                UART4_IRQHandler
 .text.UART5_IRQHandler
                0x08002e56        0x2 C:\cortex\dimmers\hex\stm32f10x_it.o
                0x08002e56                UART5_IRQHandler
 .text.TIM6_IRQHandler
                0x08002e58        0x2 C:\cortex\dimmers\hex\stm32f10x_it.o
                0x08002e58                TIM6_IRQHandler
 .text.TIM7_IRQHandler
                0x08002e5a        0x2 C:\cortex\dimmers\hex\stm32f10x_it.o
                0x08002e5a                TIM7_IRQHandler
 .text.DMA2_Channel1_IRQHandler
                0x08002e5c        0x2 C:\cortex\dimmers\hex\stm32f10x_it.o
                0x08002e5c                DMA2_Channel1_IRQHandler
 .text.DMA2_Channel2_IRQHandler
                0x08002e5e        0x2 C:\cortex\dimmers\hex\stm32f10x_it.o
                0x08002e5e                DMA2_Channel2_IRQHandler
 .text.DMA2_Channel3_IRQHandler
                0x08002e60        0x2 C:\cortex\dimmers\hex\stm32f10x_it.o
                0x08002e60                DMA2_Channel3_IRQHandler
 .text.DMA2_Channel4_5_IRQHandler
                0x08002e62        0x2 C:\cortex\dimmers\hex\stm32f10x_it.o
                0x08002e62                DMA2_Channel4_5_IRQHandler
 .text.Reset_Handler
                0x08002e64       0x6c C:\cortex\dimmers\hex\stm32f10x_vector.o
                0x08002e64                Reset_Handler
 .text.I2CInit  0x08002ed0      0x184 C:\cortex\dimmers\hex\dimmers_i2c.o
                0x08002ed0                I2CInit
 .text.BkpInit  0x08003054       0x1a C:\cortex\dimmers\hex\dimmers_bkp.o
                0x08003054                BkpInit
 .text.BkpLock  0x0800306e       0x10 C:\cortex\dimmers\hex\dimmers_bkp.o
                0x0800306e                BkpLock
 .text.BkpUnlock
                0x0800307e       0x10 C:\cortex\dimmers\hex\dimmers_bkp.o
                0x0800307e                BkpUnlock
 .text.BkpSetFactoryDefaultsForLight
                0x0800308e      0x15a C:\cortex\dimmers\hex\dimmers_bkp.o
                0x0800308e                BkpSetFactoryDefaultsForLight
 .text.BkpSetFactoryDefaultsGeneral
                0x080031e8       0x36 C:\cortex\dimmers\hex\dimmers_bkp.o
                0x080031e8                BkpSetFactoryDefaultsGeneral
 *fill*         0x0800321e        0x2 00
 .text.BkpGetSwitcherType
                0x08003220       0x94 C:\cortex\dimmers\hex\dimmers_bkp.o
                0x08003220                BkpGetSwitcherType
 .text.BkpWriteGeneralToMemory
                0x080032b4       0x58 C:\cortex\dimmers\hex\dimmers_bkp.o
                0x080032b4                BkpWriteGeneralToMemory
 .text.BkpWriteLightPropertiesToMemory
                0x0800330c      0x14a C:\cortex\dimmers\hex\dimmers_bkp.o
                0x0800330c                BkpWriteLightPropertiesToMemory
 *fill*         0x08003456        0x2 00
 .text.BkpSetFactoryDefaultsToLights
                0x08003458       0x50 C:\cortex\dimmers\hex\dimmers_bkp.o
                0x08003458                BkpSetFactoryDefaultsToLights
 .text.BkpFullReadToMemory
                0x080034a8       0x44 C:\cortex\dimmers\hex\dimmers_bkp.o
                0x080034a8                BkpFullReadToMemory
 .text.BkpCopyIntExtMemory
                0x080034ec       0x18 C:\cortex\dimmers\hex\dimmers_bkp.o
                0x080034ec                BkpCopyIntExtMemory
 .text.UtilSwab
                0x08003504        0x4 C:\cortex\dimmers\hex\dimmers_bkp.o
                0x08003504                UtilSwab
 .text.BkpFullWriteToBkp
                0x08003508      0x12c C:\cortex\dimmers\hex\dimmers_bkp.o
                0x08003508                BkpFullWriteToBkp
 .text.RtcInit  0x08003634       0x54 C:\cortex\dimmers\hex\dimmers_rtc.o
                0x08003634                RtcInit
 .text.pvPortMalloc
                0x08003688       0xa8 C:\cortex\dimmers\hex\heap_2.o
                0x08003688                pvPortMalloc
 .text.vPortFree
                0x08003730       0x34 C:\cortex\dimmers\hex\heap_2.o
                0x08003730                vPortFree
 .text.vListInitialise
                0x08003764       0x16 C:\cortex\dimmers\hex\list.o
                0x08003764                vListInitialise
 .text.vListInitialiseItem
                0x0800377a        0x6 C:\cortex\dimmers\hex\list.o
                0x0800377a                vListInitialiseItem
 .text.vListInsertEnd
                0x08003780       0x1a C:\cortex\dimmers\hex\list.o
                0x08003780                vListInsertEnd
 .text.vListInsert
                0x0800379a       0x32 C:\cortex\dimmers\hex\list.o
                0x0800379a                vListInsert
 .text.vListRemove
                0x080037cc       0x20 C:\cortex\dimmers\hex\list.o
                0x080037cc                vListRemove
 .text.pxPortInitialiseStack
                0x080037ec       0x1e C:\cortex\dimmers\hex\port.o
                0x080037ec                pxPortInitialiseStack
 *fill*         0x0800380a        0x2 00
 .text.vPortSVCHandler
                0x0800380c       0x20 C:\cortex\dimmers\hex\port.o
                0x0800380c                vPortSVCHandler
 .text.vPortStartFirstTask
                0x0800382c       0x10 C:\cortex\dimmers\hex\port.o
                0x0800382c                vPortStartFirstTask
 .text.xPortStartScheduler
                0x0800383c       0x40 C:\cortex\dimmers\hex\port.o
                0x0800383c                xPortStartScheduler
 .text.vPortYieldFromISR
                0x0800387c       0x10 C:\cortex\dimmers\hex\port.o
                0x0800387c                vPortYieldFromISR
 .text.vPortEnterCritical
                0x0800388c       0x18 C:\cortex\dimmers\hex\port.o
                0x0800388c                vPortEnterCritical
 .text.vPortExitCritical
                0x080038a4       0x18 C:\cortex\dimmers\hex\port.o
                0x080038a4                vPortExitCritical
 .text.xPortPendSVHandler
                0x080038bc       0x3c C:\cortex\dimmers\hex\port.o
                0x080038bc                xPortPendSVHandler
 .text.xPortSysTickHandler
                0x080038f8       0x24 C:\cortex\dimmers\hex\port.o
                0x080038f8                xPortSysTickHandler
 .text.prvCopyDataFromQueue
                0x0800391c       0x26 C:\cortex\dimmers\hex\queue.o
 .text.prvUnlockQueue
                0x08003942       0x64 C:\cortex\dimmers\hex\queue.o
 .text.prvCopyDataToQueue
                0x080039a6       0x58 C:\cortex\dimmers\hex\queue.o
 .text.xQueueCreate
                0x080039fe       0x6a C:\cortex\dimmers\hex\queue.o
                0x080039fe                xQueueCreate
 .text.xQueueGenericSend
                0x08003a68       0xe0 C:\cortex\dimmers\hex\queue.o
                0x08003a68                xQueueGenericSend
 .text.xQueueCreateMutex
                0x08003b48       0x42 C:\cortex\dimmers\hex\queue.o
                0x08003b48                xQueueCreateMutex
 .text.xQueueGenericSendFromISR
                0x08003b8a       0x52 C:\cortex\dimmers\hex\queue.o
                0x08003b8a                xQueueGenericSendFromISR
 .text.xQueueGenericReceive
                0x08003bdc      0x10c C:\cortex\dimmers\hex\queue.o
                0x08003bdc                xQueueGenericReceive
 .text.xTaskCreate
                0x08003ce8      0x170 C:\cortex\dimmers\hex\tasks.o
                0x08003ce8                xTaskCreate
 .text.vTaskDelete
                0x08003e58       0x6c C:\cortex\dimmers\hex\tasks.o
                0x08003e58                vTaskDelete
 .text.vTaskSuspend
                0x08003ec4       0x50 C:\cortex\dimmers\hex\tasks.o
                0x08003ec4                vTaskSuspend
 .text.xTaskIsTaskSuspended
                0x08003f14       0x28 C:\cortex\dimmers\hex\tasks.o
                0x08003f14                xTaskIsTaskSuspended
 .text.vTaskResume
                0x08003f3c       0x64 C:\cortex\dimmers\hex\tasks.o
                0x08003f3c                vTaskResume
 .text.vTaskStartScheduler
                0x08003fa0       0x48 C:\cortex\dimmers\hex\tasks.o
                0x08003fa0                vTaskStartScheduler
 .text.vTaskSuspendAll
                0x08003fe8       0x14 C:\cortex\dimmers\hex\tasks.o
                0x08003fe8                vTaskSuspendAll
 .text.vTaskIncrementTick
                0x08003ffc       0xa4 C:\cortex\dimmers\hex\tasks.o
                0x08003ffc                vTaskIncrementTick
 .text.xTaskResumeAll
                0x080040a0       0xc4 C:\cortex\dimmers\hex\tasks.o
                0x080040a0                xTaskResumeAll
 .text.prvIdleTask
                0x08004164       0x60 C:\cortex\dimmers\hex\tasks.o
 .text.vTaskDelay
                0x080041c4       0x4c C:\cortex\dimmers\hex\tasks.o
                0x080041c4                vTaskDelay
 .text.vTaskSwitchContext
                0x08004210       0x5c C:\cortex\dimmers\hex\tasks.o
                0x08004210                vTaskSwitchContext
 .text.vTaskPlaceOnEventList
                0x0800426c       0x58 C:\cortex\dimmers\hex\tasks.o
                0x0800426c                vTaskPlaceOnEventList
 .text.xTaskRemoveFromEventList
                0x080042c4       0x60 C:\cortex\dimmers\hex\tasks.o
                0x080042c4                xTaskRemoveFromEventList
 .text.vTaskSetTimeOutState
                0x08004324       0x14 C:\cortex\dimmers\hex\tasks.o
                0x08004324                vTaskSetTimeOutState
 .text.xTaskCheckForTimeOut
                0x08004338       0x5c C:\cortex\dimmers\hex\tasks.o
                0x08004338                xTaskCheckForTimeOut
 .text.vTaskMissedYield
                0x08004394       0x10 C:\cortex\dimmers\hex\tasks.o
                0x08004394                vTaskMissedYield
 .text.xTaskGetCurrentTaskHandle
                0x080043a4        0xc C:\cortex\dimmers\hex\tasks.o
                0x080043a4                xTaskGetCurrentTaskHandle
 .text.xTaskGetSchedulerState
                0x080043b0       0x1c C:\cortex\dimmers\hex\tasks.o
                0x080043b0                xTaskGetSchedulerState
 .text.vTaskPriorityInherit
                0x080043cc       0x64 C:\cortex\dimmers\hex\tasks.o
                0x080043cc                vTaskPriorityInherit
 .text.vTaskPriorityDisinherit
                0x08004430       0x4c C:\cortex\dimmers\hex\tasks.o
                0x08004430                vTaskPriorityDisinherit
 .text.ADC_Init
                0x0800447c       0x4c C:\cortex\dimmers\hex\stm32f10x_adc.o
                0x0800447c                ADC_Init
 .text.ADC_Cmd  0x080044c8       0x14 C:\cortex\dimmers\hex\stm32f10x_adc.o
                0x080044c8                ADC_Cmd
 .text.ADC_DMACmd
                0x080044dc       0x14 C:\cortex\dimmers\hex\stm32f10x_adc.o
                0x080044dc                ADC_DMACmd
 .text.ADC_ITConfig
                0x080044f0       0x14 C:\cortex\dimmers\hex\stm32f10x_adc.o
                0x080044f0                ADC_ITConfig
 .text.ADC_ResetCalibration
                0x08004504        0xa C:\cortex\dimmers\hex\stm32f10x_adc.o
                0x08004504                ADC_ResetCalibration
 .text.ADC_GetResetCalibrationStatus
                0x0800450e        0x8 C:\cortex\dimmers\hex\stm32f10x_adc.o
                0x0800450e                ADC_GetResetCalibrationStatus
 .text.ADC_StartCalibration
                0x08004516        0xa C:\cortex\dimmers\hex\stm32f10x_adc.o
                0x08004516                ADC_StartCalibration
 .text.ADC_GetCalibrationStatus
                0x08004520        0x8 C:\cortex\dimmers\hex\stm32f10x_adc.o
                0x08004520                ADC_GetCalibrationStatus
 .text.ADC_SoftwareStartConvCmd
                0x08004528       0x14 C:\cortex\dimmers\hex\stm32f10x_adc.o
                0x08004528                ADC_SoftwareStartConvCmd
 .text.ADC_RegularChannelConfig
                0x0800453c       0x8e C:\cortex\dimmers\hex\stm32f10x_adc.o
                0x0800453c                ADC_RegularChannelConfig
 *fill*         0x080045ca        0x2 00
 .text.ADC_TempSensorVrefintCmd
                0x080045cc       0x1c C:\cortex\dimmers\hex\stm32f10x_adc.o
                0x080045cc                ADC_TempSensorVrefintCmd
 .text.ADC_ClearITPendingBit
                0x080045e8        0x8 C:\cortex\dimmers\hex\stm32f10x_adc.o
                0x080045e8                ADC_ClearITPendingBit
 .text.BKP_WriteBackupRegister
                0x080045f0        0xc C:\cortex\dimmers\hex\stm32f10x_bkp.o
                0x080045f0                BKP_WriteBackupRegister
 .text.BKP_ReadBackupRegister
                0x080045fc        0xe C:\cortex\dimmers\hex\stm32f10x_bkp.o
                0x080045fc                BKP_ReadBackupRegister
 *fill*         0x0800460a        0x2 00
 .text.BKP_ClearFlag
                0x0800460c       0x14 C:\cortex\dimmers\hex\stm32f10x_bkp.o
                0x0800460c                BKP_ClearFlag
 .text.DMA_DeInit
                0x08004620       0xec C:\cortex\dimmers\hex\stm32f10x_dma.o
                0x08004620                DMA_DeInit
 .text.DMA_Init
                0x0800470c       0x40 C:\cortex\dimmers\hex\stm32f10x_dma.o
                0x0800470c                DMA_Init
 .text.DMA_Cmd  0x0800474c       0x14 C:\cortex\dimmers\hex\stm32f10x_dma.o
                0x0800474c                DMA_Cmd
 .text.EXTI_Init
                0x08004760       0x7c C:\cortex\dimmers\hex\stm32f10x_exti.o
                0x08004760                EXTI_Init
 .text.EXTI_GetITStatus
                0x080047dc       0x1c C:\cortex\dimmers\hex\stm32f10x_exti.o
                0x080047dc                EXTI_GetITStatus
 .text.EXTI_ClearITPendingBit
                0x080047f8        0xc C:\cortex\dimmers\hex\stm32f10x_exti.o
                0x080047f8                EXTI_ClearITPendingBit
 .text.FLASH_SetLatency
                0x08004804       0x18 C:\cortex\dimmers\hex\stm32f10x_flash.o
                0x08004804                FLASH_SetLatency
 .text.FLASH_PrefetchBufferCmd
                0x0800481c       0x18 C:\cortex\dimmers\hex\stm32f10x_flash.o
                0x0800481c                FLASH_PrefetchBufferCmd
 .text.GPIO_Init
                0x08004834       0x9e C:\cortex\dimmers\hex\stm32f10x_gpio.o
                0x08004834                GPIO_Init
 .text.GPIO_ReadInputDataBit
                0x080048d2        0xc C:\cortex\dimmers\hex\stm32f10x_gpio.o
                0x080048d2                GPIO_ReadInputDataBit
 .text.GPIO_ReadOutputDataBit
                0x080048de        0xc C:\cortex\dimmers\hex\stm32f10x_gpio.o
                0x080048de                GPIO_ReadOutputDataBit
 .text.GPIO_SetBits
                0x080048ea        0x4 C:\cortex\dimmers\hex\stm32f10x_gpio.o
                0x080048ea                GPIO_SetBits
 .text.GPIO_ResetBits
                0x080048ee        0x4 C:\cortex\dimmers\hex\stm32f10x_gpio.o
                0x080048ee                GPIO_ResetBits
 .text.GPIO_WriteBit
                0x080048f2        0xa C:\cortex\dimmers\hex\stm32f10x_gpio.o
                0x080048f2                GPIO_WriteBit
 .text.GPIO_EXTILineConfig
                0x080048fc       0x34 C:\cortex\dimmers\hex\stm32f10x_gpio.o
                0x080048fc                GPIO_EXTILineConfig
 .text.I2C_Init
                0x08004930       0xd8 C:\cortex\dimmers\hex\stm32f10x_i2c.o
                0x08004930                I2C_Init
 .text.I2C_Cmd  0x08004a08       0x1a C:\cortex\dimmers\hex\stm32f10x_i2c.o
                0x08004a08                I2C_Cmd
 .text.I2C_GenerateSTOP
                0x08004a22       0x1a C:\cortex\dimmers\hex\stm32f10x_i2c.o
                0x08004a22                I2C_GenerateSTOP
 .text.I2C_AcknowledgeConfig
                0x08004a3c       0x1a C:\cortex\dimmers\hex\stm32f10x_i2c.o
                0x08004a3c                I2C_AcknowledgeConfig
 .text.I2C_ITConfig
                0x08004a56       0x16 C:\cortex\dimmers\hex\stm32f10x_i2c.o
                0x08004a56                I2C_ITConfig
 .text.I2C_SendData
                0x08004a6c        0x4 C:\cortex\dimmers\hex\stm32f10x_i2c.o
                0x08004a6c                I2C_SendData
 .text.I2C_ReceiveData
                0x08004a70        0x6 C:\cortex\dimmers\hex\stm32f10x_i2c.o
                0x08004a70                I2C_ReceiveData
 .text.I2C_Send7bitAddress
                0x08004a76       0x10 C:\cortex\dimmers\hex\stm32f10x_i2c.o
                0x08004a76                I2C_Send7bitAddress
 .text.I2C_StretchClockCmd
                0x08004a86       0x1a C:\cortex\dimmers\hex\stm32f10x_i2c.o
                0x08004a86                I2C_StretchClockCmd
 .text.I2C_GetLastEvent
                0x08004aa0       0x10 C:\cortex\dimmers\hex\stm32f10x_i2c.o
                0x08004aa0                I2C_GetLastEvent
 .text.I2C_ClearFlag
                0x08004ab0        0x8 C:\cortex\dimmers\hex\stm32f10x_i2c.o
                0x08004ab0                I2C_ClearFlag
 .text.I2C_GetITStatus
                0x08004ab8       0x1c C:\cortex\dimmers\hex\stm32f10x_i2c.o
                0x08004ab8                I2C_GetITStatus
 .text.I2C_ClearITPendingBit
                0x08004ad4        0x8 C:\cortex\dimmers\hex\stm32f10x_i2c.o
                0x08004ad4                I2C_ClearITPendingBit
 .text.NVIC_PriorityGroupConfig
                0x08004adc       0x14 C:\cortex\dimmers\hex\stm32f10x_nvic.o
                0x08004adc                NVIC_PriorityGroupConfig
 .text.NVIC_Init
                0x08004af0       0x84 C:\cortex\dimmers\hex\stm32f10x_nvic.o
                0x08004af0                NVIC_Init
 .text.NVIC_SetVectorTable
                0x08004b74       0x14 C:\cortex\dimmers\hex\stm32f10x_nvic.o
                0x08004b74                NVIC_SetVectorTable
 .text.PWR_BackupAccessCmd
                0x08004b88        0xc C:\cortex\dimmers\hex\stm32f10x_pwr.o
                0x08004b88                PWR_BackupAccessCmd
 .text.PWR_GetFlagStatus
                0x08004b94       0x14 C:\cortex\dimmers\hex\stm32f10x_pwr.o
                0x08004b94                PWR_GetFlagStatus
 .text.PWR_ClearFlag
                0x08004ba8       0x10 C:\cortex\dimmers\hex\stm32f10x_pwr.o
                0x08004ba8                PWR_ClearFlag
 .text.RCC_DeInit
                0x08004bb8       0x40 C:\cortex\dimmers\hex\stm32f10x_rcc.o
                0x08004bb8                RCC_DeInit
 .text.RCC_HSEConfig
                0x08004bf8       0x38 C:\cortex\dimmers\hex\stm32f10x_rcc.o
                0x08004bf8                RCC_HSEConfig
 .text.RCC_PLLConfig
                0x08004c30       0x18 C:\cortex\dimmers\hex\stm32f10x_rcc.o
                0x08004c30                RCC_PLLConfig
 .text.RCC_PLLCmd
                0x08004c48        0xc C:\cortex\dimmers\hex\stm32f10x_rcc.o
                0x08004c48                RCC_PLLCmd
 .text.RCC_SYSCLKConfig
                0x08004c54       0x14 C:\cortex\dimmers\hex\stm32f10x_rcc.o
                0x08004c54                RCC_SYSCLKConfig
 .text.RCC_GetSYSCLKSource
                0x08004c68       0x10 C:\cortex\dimmers\hex\stm32f10x_rcc.o
                0x08004c68                RCC_GetSYSCLKSource
 .text.RCC_HCLKConfig
                0x08004c78       0x14 C:\cortex\dimmers\hex\stm32f10x_rcc.o
                0x08004c78                RCC_HCLKConfig
 .text.RCC_PCLK1Config
                0x08004c8c       0x14 C:\cortex\dimmers\hex\stm32f10x_rcc.o
                0x08004c8c                RCC_PCLK1Config
 .text.RCC_PCLK2Config
                0x08004ca0       0x14 C:\cortex\dimmers\hex\stm32f10x_rcc.o
                0x08004ca0                RCC_PCLK2Config
 .text.RCC_ADCCLKConfig
                0x08004cb4       0x14 C:\cortex\dimmers\hex\stm32f10x_rcc.o
                0x08004cb4                RCC_ADCCLKConfig
 .text.RCC_LSEConfig
                0x08004cc8       0x20 C:\cortex\dimmers\hex\stm32f10x_rcc.o
                0x08004cc8                RCC_LSEConfig
 .text.RCC_RTCCLKConfig
                0x08004ce8       0x10 C:\cortex\dimmers\hex\stm32f10x_rcc.o
                0x08004ce8                RCC_RTCCLKConfig
 .text.RCC_RTCCLKCmd
                0x08004cf8        0xc C:\cortex\dimmers\hex\stm32f10x_rcc.o
                0x08004cf8                RCC_RTCCLKCmd
 .text.RCC_GetClocksFreq
                0x08004d04       0x94 C:\cortex\dimmers\hex\stm32f10x_rcc.o
                0x08004d04                RCC_GetClocksFreq
 .text.RCC_AHBPeriphClockCmd
                0x08004d98       0x18 C:\cortex\dimmers\hex\stm32f10x_rcc.o
                0x08004d98                RCC_AHBPeriphClockCmd
 .text.RCC_APB2PeriphClockCmd
                0x08004db0       0x18 C:\cortex\dimmers\hex\stm32f10x_rcc.o
                0x08004db0                RCC_APB2PeriphClockCmd
 .text.RCC_APB1PeriphClockCmd
                0x08004dc8       0x18 C:\cortex\dimmers\hex\stm32f10x_rcc.o
                0x08004dc8                RCC_APB1PeriphClockCmd
 .text.RCC_GetFlagStatus
                0x08004de0       0x28 C:\cortex\dimmers\hex\stm32f10x_rcc.o
                0x08004de0                RCC_GetFlagStatus
 .text.RCC_WaitForHSEStartUp
                0x08004e08       0x2a C:\cortex\dimmers\hex\stm32f10x_rcc.o
                0x08004e08                RCC_WaitForHSEStartUp
 *fill*         0x08004e32        0x2 00
 .text.RTC_ITConfig
                0x08004e34       0x1c C:\cortex\dimmers\hex\stm32f10x_rtc.o
                0x08004e34                RTC_ITConfig
 .text.RTC_EnterConfigMode
                0x08004e50       0x14 C:\cortex\dimmers\hex\stm32f10x_rtc.o
                0x08004e50                RTC_EnterConfigMode
 .text.RTC_ExitConfigMode
                0x08004e64       0x14 C:\cortex\dimmers\hex\stm32f10x_rtc.o
                0x08004e64                RTC_ExitConfigMode
 .text.RTC_SetPrescaler
                0x08004e78       0x24 C:\cortex\dimmers\hex\stm32f10x_rtc.o
                0x08004e78                RTC_SetPrescaler
 .text.RTC_WaitForLastTask
                0x08004e9c       0x10 C:\cortex\dimmers\hex\stm32f10x_rtc.o
                0x08004e9c                RTC_WaitForLastTask
 .text.RTC_WaitForSynchro
                0x08004eac       0x20 C:\cortex\dimmers\hex\stm32f10x_rtc.o
                0x08004eac                RTC_WaitForSynchro
 .text.RTC_GetITStatus
                0x08004ecc       0x24 C:\cortex\dimmers\hex\stm32f10x_rtc.o
                0x08004ecc                RTC_GetITStatus
 .text.RTC_ClearITPendingBit
                0x08004ef0       0x14 C:\cortex\dimmers\hex\stm32f10x_rtc.o
                0x08004ef0                RTC_ClearITPendingBit
 .text.TIM_TimeBaseInit
                0x08004f04       0x44 C:\cortex\dimmers\hex\stm32f10x_tim.o
                0x08004f04                TIM_TimeBaseInit
 .text.TIM_OC1Init
                0x08004f48       0x84 C:\cortex\dimmers\hex\stm32f10x_tim.o
                0x08004f48                TIM_OC1Init
 .text.TIM_OC2Init
                0x08004fcc       0x94 C:\cortex\dimmers\hex\stm32f10x_tim.o
                0x08004fcc                TIM_OC2Init
 .text.TIM_OC3Init
                0x08005060       0x90 C:\cortex\dimmers\hex\stm32f10x_tim.o
                0x08005060                TIM_OC3Init
 .text.TIM_OC4Init
                0x080050f0       0x6c C:\cortex\dimmers\hex\stm32f10x_tim.o
                0x080050f0                TIM_OC4Init
 .text.TIM_TimeBaseStructInit
                0x0800515c       0x12 C:\cortex\dimmers\hex\stm32f10x_tim.o
                0x0800515c                TIM_TimeBaseStructInit
 .text.TIM_Cmd  0x0800516e       0x1a C:\cortex\dimmers\hex\stm32f10x_tim.o
                0x0800516e                TIM_Cmd
 .text.TIM_ITConfig
                0x08005188       0x16 C:\cortex\dimmers\hex\stm32f10x_tim.o
                0x08005188                TIM_ITConfig
 .text.TIM_OC1PreloadConfig
                0x0800519e       0x12 C:\cortex\dimmers\hex\stm32f10x_tim.o
                0x0800519e                TIM_OC1PreloadConfig
 .text.TIM_OC2PreloadConfig
                0x080051b0       0x14 C:\cortex\dimmers\hex\stm32f10x_tim.o
                0x080051b0                TIM_OC2PreloadConfig
 .text.TIM_OC3PreloadConfig
                0x080051c4       0x12 C:\cortex\dimmers\hex\stm32f10x_tim.o
                0x080051c4                TIM_OC3PreloadConfig
 .text.TIM_OC4PreloadConfig
                0x080051d6       0x14 C:\cortex\dimmers\hex\stm32f10x_tim.o
                0x080051d6                TIM_OC4PreloadConfig
 .text.TIM_SetCounter
                0x080051ea        0x4 C:\cortex\dimmers\hex\stm32f10x_tim.o
                0x080051ea                TIM_SetCounter
 .text.TIM_SetCompare1
                0x080051ee        0x4 C:\cortex\dimmers\hex\stm32f10x_tim.o
                0x080051ee                TIM_SetCompare1
 .text.TIM_SetCompare2
                0x080051f2        0x4 C:\cortex\dimmers\hex\stm32f10x_tim.o
                0x080051f2                TIM_SetCompare2
 .text.TIM_SetCompare3
                0x080051f6        0x4 C:\cortex\dimmers\hex\stm32f10x_tim.o
                0x080051f6                TIM_SetCompare3
 .text.TIM_SetCompare4
                0x080051fa        0x6 C:\cortex\dimmers\hex\stm32f10x_tim.o
                0x080051fa                TIM_SetCompare4
 .text.TIM_GetCounter
                0x08005200        0x6 C:\cortex\dimmers\hex\stm32f10x_tim.o
                0x08005200                TIM_GetCounter
 .text.TIM_GetITStatus
                0x08005206       0x16 C:\cortex\dimmers\hex\stm32f10x_tim.o
                0x08005206                TIM_GetITStatus
 .text.TIM_ClearITPendingBit
                0x0800521c        0x8 C:\cortex\dimmers\hex\stm32f10x_tim.o
                0x0800521c                TIM_ClearITPendingBit
 .text.WWDG_SetPrescaler
                0x08005224       0x14 C:\cortex\dimmers\hex\stm32f10x_wwdg.o
                0x08005224                WWDG_SetPrescaler
 .text.WWDG_SetWindowValue
                0x08005238       0x18 C:\cortex\dimmers\hex\stm32f10x_wwdg.o
                0x08005238                WWDG_SetWindowValue
 .text.WWDG_EnableIT
                0x08005250        0xc C:\cortex\dimmers\hex\stm32f10x_wwdg.o
                0x08005250                WWDG_EnableIT
 .text.WWDG_SetCounter
                0x0800525c       0x10 C:\cortex\dimmers\hex\stm32f10x_wwdg.o
                0x0800525c                WWDG_SetCounter
 .text.WWDG_Enable
                0x0800526c       0x10 C:\cortex\dimmers\hex\stm32f10x_wwdg.o
                0x0800526c                WWDG_Enable
 .text.WWDG_ClearFlag
                0x0800527c        0xc C:\cortex\dimmers\hex\stm32f10x_wwdg.o
                0x0800527c                WWDG_ClearFlag
 *(.rodata)
 .rodata        0x08005288       0x14 C:\cortex\dimmers\hex\stm32f10x_rcc.o
 *(.rodata*)
 .rodata.str1.1
                0x0800529c       0x6a C:\cortex\dimmers\hex\main.o
 .rodata.str1.1
                0x08005306        0x5 C:\cortex\dimmers\hex\tasks.o
 *(.glue_7)
 .glue_7        0x00000000        0x0 linker stubs
 *(.glue_7t)
 .glue_7t       0x00000000        0x0 linker stubs
                0x0800530c                . = ALIGN (0x4)
 *fill*         0x0800530b        0x1 00
                0x0800530c                _etext = .
                0x0800530c                _sidata = _etext

.vfp11_veneer   0x0800530c        0x0
 .vfp11_veneer  0x00000000        0x0 linker stubs

.v4_bx          0x0800530c        0x0
 .v4_bx         0x00000000        0x0 linker stubs

.flashpatch     0x00000000        0x0
                0x00000000                . = ALIGN (0x4)
 *(.flashpatch)
                0x00000000                . = ALIGN (0x4)

.endflash       0x00000000        0x0
                0x00000000                . = ALIGN (0x4)
 *(.endflash)
                0x00000000                . = ALIGN (0x4)
                0x00000000                _e_endflash = .

.data           0x20000000      0x1e8 load address 0x0800530c
                0x20000000                . = ALIGN (0x4)
                0x20000000                _sdata = .
                0x20000000                _data = .
 *(.data)
 .data          0x20000000       0x90 C:\cortex\dimmers\hex\dimmers_exti.o
                0x20000000                gx_extis_disable
                0x20000048                gx_extis
 .data          0x20000090       0xd0 C:\cortex\dimmers\hex\dimmers_gpio.o
                0x20000090                gx_gpios
 .data          0x20000160       0x38 C:\cortex\dimmers\hex\dimmers_nvic.o
                0x20000160                gx_nvics
 .data          0x20000198       0x4c C:\cortex\dimmers\hex\dimmers_storage.o
                0x20000198                Ci
                0x200001d8                co
                0x200001e0                theMin
                0x200001e2                ZeroCrossTreshold
 .data          0x200001e4        0x4 C:\cortex\dimmers\hex\port.o
 *(.data.*)
 *(.RAMtext)
                0x200001e8                . = ALIGN (0x4)
                0x200001e8                _edata = .
                0x080054f4                _eidata = ((_sidata + _edata) - _sdata)
                0x08080000                _lastdataromaddress = 0x8080000
                0x00000000                toobig = (_eidata > _lastdataromaddress)?!!!!!!!!! FLASH IS FULL !!!!!!!!!:0x0

.bss            0x200001e8     0x53f4 load address 0x080054f4
                0x200001e8                . = ALIGN (0x4)
                0x200001e8                _sbss = .
                0x200001e8                _bss = .
 *(.bss)
 .bss           0x200001e8        0x8 C:\cortex\dimmers\hex\main.o
                0x200001ec                count
 .bss           0x200001f0       0x28 C:\cortex\dimmers\hex\stm32f10x_it.o
                0x200001f8                SecTick
 .bss           0x20000218        0x1 C:\cortex\dimmers\hex\dimmers_bkp.o
 *fill*         0x20000219        0x3 00
 .bss           0x2000021c       0x14 C:\cortex\dimmers\hex\dimmers_storage.o
                0x2000021c                secs
                0x2000021e                theMax
                0x20000220                theZero
                0x20000222                counterMinMax
                0x20000224                PropertyFlags
                0x20000228                RxIdx
                0x2000022a                TxIdx
                0x2000022c                I2CRecReady
                0x2000022d                IsWatchdog
                0x2000022e                CountWatchdog
 .bss           0x20000230     0x5018 C:\cortex\dimmers\hex\heap_2.o
 .bss           0x20005248      0x100 C:\cortex\dimmers\hex\tasks.o
                0x2000524c                pxCurrentTCB
 *(COMMON)
 COMMON         0x20005348        0x4 C:\cortex\dimmers\hex\dimmers_i2c.o
                0x20005348                I2C2Adr
                0x2000534a                I2C1Adr
 COMMON         0x2000534c      0x290 C:\cortex\dimmers\hex\dimmers_storage.o
                0x2000534c                xSendStatusTaskHandle
                0x20005350                xSendUpdateTaskHandle
                0x20005354                xRefreshTaskHandle
                0x20005358                Compares
                0x20005370                Yi
                0x20005380                xI2CRecvSync
                0x20005384                Lights
                0x2000542c                TempSensor
                0x20005430                xBKPsync
                0x20005434                HoursCount
                0x20005436                DimmerCount
                0x20005438                xButtonTaskHandle
                0x20005450                ZeroCross
                0x20005454                xI2C2ReceiveTaskHandle
                0x20005458                xI2CSendSync
                0x2000545c                xSemaphoreButtonArrayHandle
                0x20005474                BkpMemoryMap
                0x200054c8                ExternData
                0x2000551c                ToggleCount
                0x2000551e                InternData
                0x20005574                CompareStates
                0x2000558c                Xi
                0x200055d4                xI2C1SendTaskHandle
                0x200055d8                xRefreshSync
                0x200055dc                . = ALIGN (0x4)
                0x200055dc                _ebss = .
                0x200055dc                PROVIDE (end, _ebss)
                0x200055dc                PROVIDE (_end, _ebss)

._usrstack      0x200055dc      0x100 load address 0x0800a8e8
                0x200055dc                . = ALIGN (0x4)
                0x200055dc                _susrstack = .
                0x200056dc                . = (. + _Minimum_Stack_Size)
 *fill*         0x200055dc      0x100 00
                0x200056dc                . = ALIGN (0x4)
                0x200056dc                _eusrstack = .

.b1text
 *(.b1text)
 *(.b1rodata)
 *(.b1rodata*)

.eb0text
 *(.eb0text)
 *(.eb0rodata)
 *(.eb0rodata*)

.eb1text
 *(.eb1text)
 *(.eb1rodata)
 *(.eb1rodata*)

.eb2text
 *(.eb2text)
 *(.eb2rodata)
 *(.eb2rodata*)

.eb3text
 *(.eb3text)
 *(.eb3rodata)
 *(.eb3rodata*)
                0x200056dc                __exidx_start = .
                0x200056dc                __exidx_end = .

/DISCARD/
 libc.a(*)
 libm.a(*)
 libgcc.a(*)

.stab
 *(.stab)

.stabstr
 *(.stabstr)

.stab.excl
 *(.stab.excl)

.stab.exclstr
 *(.stab.exclstr)

.stab.index
 *(.stab.index)

.stab.indexstr
 *(.stab.indexstr)

.ARM.attributes
                0x00000000       0x2f
 .ARM.attributes
                0x00000000       0x31 C:\cortex\dimmers\hex\dimmers_adc.o
 .ARM.attributes
                0x00000031       0x31 C:\cortex\dimmers\hex\dimmers_exti.o
 .ARM.attributes
                0x00000062       0x31 C:\cortex\dimmers\hex\dimmers_gpio.o
 .ARM.attributes
                0x00000093       0x31 C:\cortex\dimmers\hex\dimmers_nvic.o
 .ARM.attributes
                0x000000c4       0x31 C:\cortex\dimmers\hex\dimmers_rcc.o
 .ARM.attributes
                0x000000f5       0x31 C:\cortex\dimmers\hex\dimmers_tim.o
 .ARM.attributes
                0x00000126       0x31 C:\cortex\dimmers\hex\dimmers_wdg.o
 .ARM.attributes
                0x00000157       0x21 C:\cortex\dimmers\hex\fir_stm32.o
 .ARM.attributes
                0x00000178       0x31 C:\cortex\dimmers\hex\main.o
 .ARM.attributes
                0x000001a9       0x21 C:\cortex\dimmers\hex\memshift.o
 .ARM.attributes
                0x000001ca       0x31 C:\cortex\dimmers\hex\stm32f10x_it.o
 .ARM.attributes
                0x000001fb       0x31 C:\cortex\dimmers\hex\stm32f10x_vector.o
 .ARM.attributes
                0x0000022c       0x31 C:\cortex\dimmers\hex\dimmers_i2c.o
 .ARM.attributes
                0x0000025d       0x31 C:\cortex\dimmers\hex\dimmers_bkp.o
 .ARM.attributes
                0x0000028e       0x31 C:\cortex\dimmers\hex\dimmers_rtc.o
 .ARM.attributes
                0x000002bf       0x31 C:\cortex\dimmers\hex\dimmers_storage.o
 .ARM.attributes
                0x000002f0       0x31 C:\cortex\dimmers\hex\croutine.o
 .ARM.attributes
                0x00000321       0x31 C:\cortex\dimmers\hex\heap_2.o
 .ARM.attributes
                0x00000352       0x31 C:\cortex\dimmers\hex\list.o
 .ARM.attributes
                0x00000383       0x31 C:\cortex\dimmers\hex\port.o
 .ARM.attributes
                0x000003b4       0x31 C:\cortex\dimmers\hex\queue.o
 .ARM.attributes
                0x000003e5       0x31 C:\cortex\dimmers\hex\tasks.o
 .ARM.attributes
                0x00000416       0x31 C:\cortex\dimmers\hex\stm32f10x_adc.o
 .ARM.attributes
                0x00000447       0x31 C:\cortex\dimmers\hex\stm32f10x_bkp.o
 .ARM.attributes
                0x00000478       0x31 C:\cortex\dimmers\hex\stm32f10x_can.o
 .ARM.attributes
                0x000004a9       0x31 C:\cortex\dimmers\hex\stm32f10x_crc.o
 .ARM.attributes
                0x000004da       0x31 C:\cortex\dimmers\hex\stm32f10x_dac.o
 .ARM.attributes
                0x0000050b       0x31 C:\cortex\dimmers\hex\stm32f10x_dbgmcu.o
 .ARM.attributes
                0x0000053c       0x31 C:\cortex\dimmers\hex\stm32f10x_dma.o
 .ARM.attributes
                0x0000056d       0x31 C:\cortex\dimmers\hex\stm32f10x_exti.o
 .ARM.attributes
                0x0000059e       0x31 C:\cortex\dimmers\hex\stm32f10x_flash.o
 .ARM.attributes
                0x000005cf       0x31 C:\cortex\dimmers\hex\stm32f10x_fsmc.o
 .ARM.attributes
                0x00000600       0x31 C:\cortex\dimmers\hex\stm32f10x_gpio.o
 .ARM.attributes
                0x00000631       0x31 C:\cortex\dimmers\hex\stm32f10x_i2c.o
 .ARM.attributes
                0x00000662       0x31 C:\cortex\dimmers\hex\stm32f10x_iwdg.o
 .ARM.attributes
                0x00000693       0x31 C:\cortex\dimmers\hex\stm32f10x_lib.o
 .ARM.attributes
                0x000006c4       0x31 C:\cortex\dimmers\hex\stm32f10x_nvic.o
 .ARM.attributes
                0x000006f5       0x31 C:\cortex\dimmers\hex\stm32f10x_pwr.o
 .ARM.attributes
                0x00000726       0x31 C:\cortex\dimmers\hex\stm32f10x_rcc.o
 .ARM.attributes
                0x00000757       0x31 C:\cortex\dimmers\hex\stm32f10x_rtc.o
 .ARM.attributes
                0x00000788       0x31 C:\cortex\dimmers\hex\stm32f10x_sdio.o
 .ARM.attributes
                0x000007b9       0x31 C:\cortex\dimmers\hex\stm32f10x_spi.o
 .ARM.attributes
                0x000007ea       0x31 C:\cortex\dimmers\hex\stm32f10x_systick.o
 .ARM.attributes
                0x0000081b       0x31 C:\cortex\dimmers\hex\stm32f10x_tim.o
 .ARM.attributes
                0x0000084c       0x31 C:\cortex\dimmers\hex\stm32f10x_usart.o
 .ARM.attributes
                0x0000087d       0x31 C:\cortex\dimmers\hex\stm32f10x_wwdg.o

.comment        0x00000000       0x2a
 *(.comment)
 .comment       0x00000000       0x2a C:\cortex\dimmers\hex\dimmers_adc.o
                                 0x2b (size before relaxing)
 .comment       0x00000000       0x2b C:\cortex\dimmers\hex\dimmers_exti.o
 .comment       0x00000000       0x2b C:\cortex\dimmers\hex\dimmers_gpio.o
 .comment       0x00000000       0x2b C:\cortex\dimmers\hex\dimmers_nvic.o
 .comment       0x00000000       0x2b C:\cortex\dimmers\hex\dimmers_rcc.o
 .comment       0x00000000       0x2b C:\cortex\dimmers\hex\dimmers_tim.o
 .comment       0x00000000       0x2b C:\cortex\dimmers\hex\dimmers_wdg.o
 .comment       0x00000000       0x2b C:\cortex\dimmers\hex\main.o
 .comment       0x00000000       0x2b C:\cortex\dimmers\hex\stm32f10x_it.o
 .comment       0x00000000       0x2b C:\cortex\dimmers\hex\stm32f10x_vector.o
 .comment       0x00000000       0x2b C:\cortex\dimmers\hex\dimmers_i2c.o
 .comment       0x00000000       0x2b C:\cortex\dimmers\hex\dimmers_bkp.o
 .comment       0x00000000       0x2b C:\cortex\dimmers\hex\dimmers_rtc.o
 .comment       0x00000000       0x2b C:\cortex\dimmers\hex\dimmers_storage.o
 .comment       0x00000000       0x2b C:\cortex\dimmers\hex\croutine.o
 .comment       0x00000000       0x2b C:\cortex\dimmers\hex\heap_2.o
 .comment       0x00000000       0x2b C:\cortex\dimmers\hex\list.o
 .comment       0x00000000       0x2b C:\cortex\dimmers\hex\port.o
 .comment       0x00000000       0x2b C:\cortex\dimmers\hex\queue.o
 .comment       0x00000000       0x2b C:\cortex\dimmers\hex\tasks.o
 .comment       0x00000000       0x2b C:\cortex\dimmers\hex\stm32f10x_adc.o
 .comment       0x00000000       0x2b C:\cortex\dimmers\hex\stm32f10x_bkp.o
 .comment       0x00000000       0x2b C:\cortex\dimmers\hex\stm32f10x_can.o
 .comment       0x00000000       0x2b C:\cortex\dimmers\hex\stm32f10x_crc.o
 .comment       0x00000000       0x2b C:\cortex\dimmers\hex\stm32f10x_dac.o
 .comment       0x00000000       0x2b C:\cortex\dimmers\hex\stm32f10x_dbgmcu.o
 .comment       0x00000000       0x2b C:\cortex\dimmers\hex\stm32f10x_dma.o
 .comment       0x00000000       0x2b C:\cortex\dimmers\hex\stm32f10x_exti.o
 .comment       0x00000000       0x2b C:\cortex\dimmers\hex\stm32f10x_flash.o
 .comment       0x00000000       0x2b C:\cortex\dimmers\hex\stm32f10x_fsmc.o
 .comment       0x00000000       0x2b C:\cortex\dimmers\hex\stm32f10x_gpio.o
 .comment       0x00000000       0x2b C:\cortex\dimmers\hex\stm32f10x_i2c.o
 .comment       0x00000000       0x2b C:\cortex\dimmers\hex\stm32f10x_iwdg.o
 .comment       0x00000000       0x2b C:\cortex\dimmers\hex\stm32f10x_lib.o
 .comment       0x00000000       0x2b C:\cortex\dimmers\hex\stm32f10x_nvic.o
 .comment       0x00000000       0x2b C:\cortex\dimmers\hex\stm32f10x_pwr.o
 .comment       0x00000000       0x2b C:\cortex\dimmers\hex\stm32f10x_rcc.o
 .comment       0x00000000       0x2b C:\cortex\dimmers\hex\stm32f10x_rtc.o
 .comment       0x00000000       0x2b C:\cortex\dimmers\hex\stm32f10x_sdio.o
 .comment       0x00000000       0x2b C:\cortex\dimmers\hex\stm32f10x_spi.o
 .comment       0x00000000       0x2b C:\cortex\dimmers\hex\stm32f10x_systick.o
 .comment       0x00000000       0x2b C:\cortex\dimmers\hex\stm32f10x_tim.o
 .comment       0x00000000       0x2b C:\cortex\dimmers\hex\stm32f10x_usart.o
 .comment       0x00000000       0x2b C:\cortex\dimmers\hex\stm32f10x_wwdg.o

.debug
 *(.debug)

.line
 *(.line)

.debug_srcinfo
 *(.debug_srcinfo)

.debug_sfnames
 *(.debug_sfnames)

.debug_aranges  0x00000000     0x1a40
 *(.debug_aranges)
 .debug_aranges
                0x00000000       0x40 C:\cortex\dimmers\hex\dimmers_adc.o
 .debug_aranges
                0x00000040       0x28 C:\cortex\dimmers\hex\dimmers_exti.o
 .debug_aranges
                0x00000068       0x30 C:\cortex\dimmers\hex\dimmers_gpio.o
 .debug_aranges
                0x00000098       0x20 C:\cortex\dimmers\hex\dimmers_nvic.o
 .debug_aranges
                0x000000b8       0x30 C:\cortex\dimmers\hex\dimmers_rcc.o
 .debug_aranges
                0x000000e8      0x170 C:\cortex\dimmers\hex\dimmers_tim.o
 .debug_aranges
                0x00000258       0x20 C:\cortex\dimmers\hex\dimmers_wdg.o
 .debug_aranges
                0x00000278       0x20 C:\cortex\dimmers\hex\fir_stm32.o
 .debug_aranges
                0x00000298       0x90 C:\cortex\dimmers\hex\main.o
 .debug_aranges
                0x00000328       0x20 C:\cortex\dimmers\hex\memshift.o
 .debug_aranges
                0x00000348      0x240 C:\cortex\dimmers\hex\stm32f10x_it.o
 .debug_aranges
                0x00000588       0x20 C:\cortex\dimmers\hex\stm32f10x_vector.o
 .debug_aranges
                0x000005a8       0x78 C:\cortex\dimmers\hex\dimmers_i2c.o
 .debug_aranges
                0x00000620       0x90 C:\cortex\dimmers\hex\dimmers_bkp.o
 .debug_aranges
                0x000006b0       0x20 C:\cortex\dimmers\hex\dimmers_rtc.o
 .debug_aranges
                0x000006d0       0x38 C:\cortex\dimmers\hex\croutine.o
 .debug_aranges
                0x00000708       0x28 C:\cortex\dimmers\hex\heap_2.o
 .debug_aranges
                0x00000730       0x40 C:\cortex\dimmers\hex\list.o
 .debug_aranges
                0x00000770       0x68 C:\cortex\dimmers\hex\port.o
 .debug_aranges
                0x000007d8       0x88 C:\cortex\dimmers\hex\queue.o
 .debug_aranges
                0x00000860      0x108 C:\cortex\dimmers\hex\tasks.o
 .debug_aranges
                0x00000968      0x138 C:\cortex\dimmers\hex\stm32f10x_adc.o
 .debug_aranges
                0x00000aa0       0x78 C:\cortex\dimmers\hex\stm32f10x_bkp.o
 .debug_aranges
                0x00000b18       0xa8 C:\cortex\dimmers\hex\stm32f10x_can.o
 .debug_aranges
                0x00000bc0       0x48 C:\cortex\dimmers\hex\stm32f10x_crc.o
 .debug_aranges
                0x00000c08       0x78 C:\cortex\dimmers\hex\stm32f10x_dac.o
 .debug_aranges
                0x00000c80       0x30 C:\cortex\dimmers\hex\stm32f10x_dbgmcu.o
 .debug_aranges
                0x00000cb0       0x68 C:\cortex\dimmers\hex\stm32f10x_dma.o
 .debug_aranges
                0x00000d18       0x58 C:\cortex\dimmers\hex\stm32f10x_exti.o
 .debug_aranges
                0x00000d70       0xd0 C:\cortex\dimmers\hex\stm32f10x_flash.o
 .debug_aranges
                0x00000e40       0xb0 C:\cortex\dimmers\hex\stm32f10x_fsmc.o
 .debug_aranges
                0x00000ef0       0xa0 C:\cortex\dimmers\hex\stm32f10x_gpio.o
 .debug_aranges
                0x00000f90      0x118 C:\cortex\dimmers\hex\stm32f10x_i2c.o
 .debug_aranges
                0x000010a8       0x48 C:\cortex\dimmers\hex\stm32f10x_iwdg.o
 .debug_aranges
                0x000010f0      0x108 C:\cortex\dimmers\hex\stm32f10x_nvic.o
 .debug_aranges
                0x000011f8       0x60 C:\cortex\dimmers\hex\stm32f10x_pwr.o
 .debug_aranges
                0x00001258      0x118 C:\cortex\dimmers\hex\stm32f10x_rcc.o
 .debug_aranges
                0x00001370       0x88 C:\cortex\dimmers\hex\stm32f10x_rtc.o
 .debug_aranges
                0x000013f8      0x108 C:\cortex\dimmers\hex\stm32f10x_sdio.o
 .debug_aranges
                0x00001500       0xd0 C:\cortex\dimmers\hex\stm32f10x_spi.o
 .debug_aranges
                0x000015d0       0x48 C:\cortex\dimmers\hex\stm32f10x_systick.o
 .debug_aranges
                0x00001618      0x2e0 C:\cortex\dimmers\hex\stm32f10x_tim.o
 .debug_aranges
                0x000018f8       0xf0 C:\cortex\dimmers\hex\stm32f10x_usart.o
 .debug_aranges
                0x000019e8       0x58 C:\cortex\dimmers\hex\stm32f10x_wwdg.o

.debug_pubnames
                0x00000000     0x43c4
 *(.debug_pubnames)
 .debug_pubnames
                0x00000000       0x63 C:\cortex\dimmers\hex\dimmers_adc.o
 .debug_pubnames
                0x00000063       0x51 C:\cortex\dimmers\hex\dimmers_exti.o
 .debug_pubnames
                0x000000b4       0x68 C:\cortex\dimmers\hex\dimmers_gpio.o
 .debug_pubnames
                0x0000011c       0x2c C:\cortex\dimmers\hex\dimmers_nvic.o
 .debug_pubnames
                0x00000148       0x47 C:\cortex\dimmers\hex\dimmers_rcc.o
 .debug_pubnames
                0x0000018f      0x430 C:\cortex\dimmers\hex\dimmers_tim.o
 .debug_pubnames
                0x000005bf       0x1d C:\cortex\dimmers\hex\dimmers_wdg.o
 .debug_pubnames
                0x000005dc      0x140 C:\cortex\dimmers\hex\main.o
 .debug_pubnames
                0x0000071c      0x648 C:\cortex\dimmers\hex\stm32f10x_it.o
 .debug_pubnames
                0x00000d64       0x35 C:\cortex\dimmers\hex\stm32f10x_vector.o
 .debug_pubnames
                0x00000d99      0x130 C:\cortex\dimmers\hex\dimmers_i2c.o
 .debug_pubnames
                0x00000ec9      0x163 C:\cortex\dimmers\hex\dimmers_bkp.o
 .debug_pubnames
                0x0000102c       0x1e C:\cortex\dimmers\hex\dimmers_rtc.o
 .debug_pubnames
                0x0000104a      0x271 C:\cortex\dimmers\hex\dimmers_storage.o
 .debug_pubnames
                0x000012bb       0x96 C:\cortex\dimmers\hex\croutine.o
 .debug_pubnames
                0x00001351       0x31 C:\cortex\dimmers\hex\heap_2.o
 .debug_pubnames
                0x00001382       0x71 C:\cortex\dimmers\hex\list.o
 .debug_pubnames
                0x000013f3      0x10d C:\cortex\dimmers\hex\port.o
 .debug_pubnames
                0x00001500      0x127 C:\cortex\dimmers\hex\queue.o
 .debug_pubnames
                0x00001627      0x2c0 C:\cortex\dimmers\hex\tasks.o
 .debug_pubnames
                0x000018e7      0x401 C:\cortex\dimmers\hex\stm32f10x_adc.o
 .debug_pubnames
                0x00001ce8      0x128 C:\cortex\dimmers\hex\stm32f10x_bkp.o
 .debug_pubnames
                0x00001e10      0x152 C:\cortex\dimmers\hex\stm32f10x_can.o
 .debug_pubnames
                0x00001f62       0x82 C:\cortex\dimmers\hex\stm32f10x_crc.o
 .debug_pubnames
                0x00001fe4      0x116 C:\cortex\dimmers\hex\stm32f10x_dac.o
 .debug_pubnames
                0x000020fa       0x4c C:\cortex\dimmers\hex\stm32f10x_dbgmcu.o
 .debug_pubnames
                0x00002146       0xcf C:\cortex\dimmers\hex\stm32f10x_dma.o
 .debug_pubnames
                0x00002215       0xbb C:\cortex\dimmers\hex\stm32f10x_exti.o
 .debug_pubnames
                0x000022d0      0x26e C:\cortex\dimmers\hex\stm32f10x_flash.o
 .debug_pubnames
                0x0000253e      0x1a3 C:\cortex\dimmers\hex\stm32f10x_fsmc.o
 .debug_pubnames
                0x000026e1      0x17b C:\cortex\dimmers\hex\stm32f10x_gpio.o
 .debug_pubnames
                0x0000285c      0x2b0 C:\cortex\dimmers\hex\stm32f10x_i2c.o
 .debug_pubnames
                0x00002b0c       0x91 C:\cortex\dimmers\hex\stm32f10x_iwdg.o
 .debug_pubnames
                0x00002b9d      0x360 C:\cortex\dimmers\hex\stm32f10x_nvic.o
 .debug_pubnames
                0x00002efd       0xcb C:\cortex\dimmers\hex\stm32f10x_pwr.o
 .debug_pubnames
                0x00002fc8      0x2c4 C:\cortex\dimmers\hex\stm32f10x_rcc.o
 .debug_pubnames
                0x0000328c      0x136 C:\cortex\dimmers\hex\stm32f10x_rtc.o
 .debug_pubnames
                0x000033c2      0x2ac C:\cortex\dimmers\hex\stm32f10x_sdio.o
 .debug_pubnames
                0x0000366e      0x1f6 C:\cortex\dimmers\hex\stm32f10x_spi.o
 .debug_pubnames
                0x00003864       0xa1 C:\cortex\dimmers\hex\stm32f10x_systick.o
 .debug_pubnames
                0x00003905      0x7b0 C:\cortex\dimmers\hex\stm32f10x_tim.o
 .debug_pubnames
                0x000040b5      0x25f C:\cortex\dimmers\hex\stm32f10x_usart.o
 .debug_pubnames
                0x00004314       0xb0 C:\cortex\dimmers\hex\stm32f10x_wwdg.o

.debug_info     0x00000000    0x10eaf
 *(.debug_info .gnu.linkonce.wi.*)
 .debug_info    0x00000000      0x429 C:\cortex\dimmers\hex\dimmers_adc.o
 .debug_info    0x00000429      0x21c C:\cortex\dimmers\hex\dimmers_exti.o
 .debug_info    0x00000645      0x2d7 C:\cortex\dimmers\hex\dimmers_gpio.o
 .debug_info    0x0000091c      0x13e C:\cortex\dimmers\hex\dimmers_nvic.o
 .debug_info    0x00000a5a      0x1a7 C:\cortex\dimmers\hex\dimmers_rcc.o
 .debug_info    0x00000c01      0xb47 C:\cortex\dimmers\hex\dimmers_tim.o
 .debug_info    0x00001748       0x8c C:\cortex\dimmers\hex\dimmers_wdg.o
 .debug_info    0x000017d4       0x5d C:\cortex\dimmers\hex\fir_stm32.o
 .debug_info    0x00001831      0xd16 C:\cortex\dimmers\hex\main.o
 .debug_info    0x00002547       0x5c C:\cortex\dimmers\hex\memshift.o
 .debug_info    0x000025a3     0x10b5 C:\cortex\dimmers\hex\stm32f10x_it.o
 .debug_info    0x00003658      0x1a0 C:\cortex\dimmers\hex\stm32f10x_vector.o
 .debug_info    0x000037f8      0x39b C:\cortex\dimmers\hex\dimmers_i2c.o
 .debug_info    0x00003b93      0x6d9 C:\cortex\dimmers\hex\dimmers_bkp.o
 .debug_info    0x0000426c       0xb6 C:\cortex\dimmers\hex\dimmers_rtc.o
 .debug_info    0x00004322      0x689 C:\cortex\dimmers\hex\dimmers_storage.o
 .debug_info    0x000049ab      0x514 C:\cortex\dimmers\hex\croutine.o
 .debug_info    0x00004ebf      0x26a C:\cortex\dimmers\hex\heap_2.o
 .debug_info    0x00005129      0x29c C:\cortex\dimmers\hex\list.o
 .debug_info    0x000053c5      0x1e8 C:\cortex\dimmers\hex\port.o
 .debug_info    0x000055ad      0x79e C:\cortex\dimmers\hex\queue.o
 .debug_info    0x00005d4b      0xd8c C:\cortex\dimmers\hex\tasks.o
 .debug_info    0x00006ad7      0xb7c C:\cortex\dimmers\hex\stm32f10x_adc.o
 .debug_info    0x00007653      0x7ca C:\cortex\dimmers\hex\stm32f10x_bkp.o
 .debug_info    0x00007e1d      0x932 C:\cortex\dimmers\hex\stm32f10x_can.o
 .debug_info    0x0000874f      0x1be C:\cortex\dimmers\hex\stm32f10x_crc.o
 .debug_info    0x0000890d      0x444 C:\cortex\dimmers\hex\stm32f10x_dac.o
 .debug_info    0x00008d51      0x117 C:\cortex\dimmers\hex\stm32f10x_dbgmcu.o
 .debug_info    0x00008e68      0x417 C:\cortex\dimmers\hex\stm32f10x_dma.o
 .debug_info    0x0000927f      0x318 C:\cortex\dimmers\hex\stm32f10x_exti.o
 .debug_info    0x00009597      0x725 C:\cortex\dimmers\hex\stm32f10x_flash.o
 .debug_info    0x00009cbc      0x95d C:\cortex\dimmers\hex\stm32f10x_fsmc.o
 .debug_info    0x0000a619      0x690 C:\cortex\dimmers\hex\stm32f10x_gpio.o
 .debug_info    0x0000aca9      0xafc C:\cortex\dimmers\hex\stm32f10x_i2c.o
 .debug_info    0x0000b7a5      0x1bc C:\cortex\dimmers\hex\stm32f10x_iwdg.o
 .debug_info    0x0000b961       0x53 C:\cortex\dimmers\hex\stm32f10x_lib.o
 .debug_info    0x0000b9b4      0x95e C:\cortex\dimmers\hex\stm32f10x_nvic.o
 .debug_info    0x0000c312      0x264 C:\cortex\dimmers\hex\stm32f10x_pwr.o
 .debug_info    0x0000c576      0x8ac C:\cortex\dimmers\hex\stm32f10x_rcc.o
 .debug_info    0x0000ce22      0x41c C:\cortex\dimmers\hex\stm32f10x_rtc.o
 .debug_info    0x0000d23e      0x829 C:\cortex\dimmers\hex\stm32f10x_sdio.o
 .debug_info    0x0000da67      0x909 C:\cortex\dimmers\hex\stm32f10x_spi.o
 .debug_info    0x0000e370      0x209 C:\cortex\dimmers\hex\stm32f10x_systick.o
 .debug_info    0x0000e579     0x1d96 C:\cortex\dimmers\hex\stm32f10x_tim.o
 .debug_info    0x0001030f      0x99d C:\cortex\dimmers\hex\stm32f10x_usart.o
 .debug_info    0x00010cac      0x203 C:\cortex\dimmers\hex\stm32f10x_wwdg.o

.debug_abbrev   0x00000000     0x3eab
 *(.debug_abbrev)
 .debug_abbrev  0x00000000       0xf4 C:\cortex\dimmers\hex\dimmers_adc.o
 .debug_abbrev  0x000000f4       0xe3 C:\cortex\dimmers\hex\dimmers_exti.o
 .debug_abbrev  0x000001d7      0x180 C:\cortex\dimmers\hex\dimmers_gpio.o
 .debug_abbrev  0x00000357       0xd4 C:\cortex\dimmers\hex\dimmers_nvic.o
 .debug_abbrev  0x0000042b       0xe6 C:\cortex\dimmers\hex\dimmers_rcc.o
 .debug_abbrev  0x00000511      0x230 C:\cortex\dimmers\hex\dimmers_tim.o
 .debug_abbrev  0x00000741       0x57 C:\cortex\dimmers\hex\dimmers_wdg.o
 .debug_abbrev  0x00000798       0x14 C:\cortex\dimmers\hex\fir_stm32.o
 .debug_abbrev  0x000007ac      0x2bc C:\cortex\dimmers\hex\main.o
 .debug_abbrev  0x00000a68       0x14 C:\cortex\dimmers\hex\memshift.o
 .debug_abbrev  0x00000a7c      0x202 C:\cortex\dimmers\hex\stm32f10x_it.o
 .debug_abbrev  0x00000c7e       0xe7 C:\cortex\dimmers\hex\stm32f10x_vector.o
 .debug_abbrev  0x00000d65      0x127 C:\cortex\dimmers\hex\dimmers_i2c.o
 .debug_abbrev  0x00000e8c      0x1d8 C:\cortex\dimmers\hex\dimmers_bkp.o
 .debug_abbrev  0x00001064       0x60 C:\cortex\dimmers\hex\dimmers_rtc.o
 .debug_abbrev  0x000010c4       0xfe C:\cortex\dimmers\hex\dimmers_storage.o
 .debug_abbrev  0x000011c2      0x1eb C:\cortex\dimmers\hex\croutine.o
 .debug_abbrev  0x000013ad      0x136 C:\cortex\dimmers\hex\heap_2.o
 .debug_abbrev  0x000014e3       0xdc C:\cortex\dimmers\hex\list.o
 .debug_abbrev  0x000015bf      0x10e C:\cortex\dimmers\hex\port.o
 .debug_abbrev  0x000016cd      0x1b7 C:\cortex\dimmers\hex\queue.o
 .debug_abbrev  0x00001884      0x235 C:\cortex\dimmers\hex\tasks.o
 .debug_abbrev  0x00001ab9      0x1b4 C:\cortex\dimmers\hex\stm32f10x_adc.o
 .debug_abbrev  0x00001c6d      0x14f C:\cortex\dimmers\hex\stm32f10x_bkp.o
 .debug_abbrev  0x00001dbc      0x1ec C:\cortex\dimmers\hex\stm32f10x_can.o
 .debug_abbrev  0x00001fa8      0x116 C:\cortex\dimmers\hex\stm32f10x_crc.o
 .debug_abbrev  0x000020be      0x155 C:\cortex\dimmers\hex\stm32f10x_dac.o
 .debug_abbrev  0x00002213       0xcb C:\cortex\dimmers\hex\stm32f10x_dbgmcu.o
 .debug_abbrev  0x000022de      0x160 C:\cortex\dimmers\hex\stm32f10x_dma.o
 .debug_abbrev  0x0000243e      0x15a C:\cortex\dimmers\hex\stm32f10x_exti.o