
C:\cortex\dimmers\hex\stm32f10x_vector.o:     file format elf32-littlearm
C:\cortex\dimmers\hex\stm32f10x_vector.o


Disassembly of section .text.Reset_Handler:

00000000 <Reset_Handler>:
Reset_Handler():
C:\cortex\dimmers\src/stm32f10x_vector.c:154
* Input          :
* Output         :
* Return         :
*******************************************************************************/
void Reset_Handler(void)
{
   0:	4668      	mov	r0, sp
   2:	f020 0107 	bic.w	r1, r0, #7
   6:	468d      	mov	sp, r1
   8:	b501      	push	{r0, lr}
C:\cortex\dimmers\src/stm32f10x_vector.c:159
    unsigned long *pulSrc, *pulDest;

     /* Copy the data segment initializers from flash to SRAM */
    pulSrc = &_sidata;
    for(pulDest = &_sdata; pulDest < &_edata; )
   a:	4a11      	ldr	r2, [pc, #68]	; (50 <Reset_Handler+0x50>)
   c:	4b11      	ldr	r3, [pc, #68]	; (54 <Reset_Handler+0x54>)
   e:	e003      	b.n	18 <Reset_Handler+0x18>
C:\cortex\dimmers\src/stm32f10x_vector.c:161
    {
        *(pulDest++) = *(pulSrc++);
  10:	f852 1b04 	ldr.w	r1, [r2], #4
  14:	f843 1b04 	str.w	r1, [r3], #4
C:\cortex\dimmers\src/stm32f10x_vector.c:159
{
    unsigned long *pulSrc, *pulDest;

     /* Copy the data segment initializers from flash to SRAM */
    pulSrc = &_sidata;
    for(pulDest = &_sdata; pulDest < &_edata; )
  18:	490f      	ldr	r1, [pc, #60]	; (58 <Reset_Handler+0x58>)
  1a:	428b      	cmp	r3, r1
  1c:	d3f8      	bcc.n	10 <Reset_Handler+0x10>
  1e:	4b0f      	ldr	r3, [pc, #60]	; (5c <Reset_Handler+0x5c>)
  20:	e002      	b.n	28 <Reset_Handler+0x28>
C:\cortex\dimmers\src/stm32f10x_vector.c:166
        *(pulDest++) = *(pulSrc++);
    }
    /* Zero fill the bss segment.  */
    for(pulDest = &_sbss; pulDest < &_ebss; )
    {
        *(pulDest++) = 0;
  22:	2200      	movs	r2, #0
  24:	f843 2b04 	str.w	r2, [r3], #4
C:\cortex\dimmers\src/stm32f10x_vector.c:164
    for(pulDest = &_sdata; pulDest < &_edata; )
    {
        *(pulDest++) = *(pulSrc++);
    }
    /* Zero fill the bss segment.  */
    for(pulDest = &_sbss; pulDest < &_ebss; )
  28:	4a0d      	ldr	r2, [pc, #52]	; (60 <Reset_Handler+0x60>)
  2a:	4293      	cmp	r3, r2
  2c:	d3f9      	bcc.n	22 <Reset_Handler+0x22>
C:\cortex\dimmers\src/stm32f10x_vector.c:169
    {
        *(pulDest++) = 0;
    }

   if ( (RCC_CSR_ADR & RCC_CSR_WWDGRSTF) == RCC_CSR_WWDGRSTF ){
  2e:	4b0d      	ldr	r3, [pc, #52]	; (64 <Reset_Handler+0x64>)
  30:	681a      	ldr	r2, [r3, #0]
  32:	f012 4f80 	tst.w	r2, #1073741824	; 0x40000000
  36:	d005      	beq.n	44 <Reset_Handler+0x44>
C:\cortex\dimmers\src/stm32f10x_vector.c:170
        RCC_CSR_ADR |= RCC_CSR_RMVF;
  38:	f042 7280 	orr.w	r2, r2, #16777216	; 0x1000000
  3c:	601a      	str	r2, [r3, #0]
C:\cortex\dimmers\src/stm32f10x_vector.c:171
        IsWatchdog = TRUE;
  3e:	4b0a      	ldr	r3, [pc, #40]	; (68 <Reset_Handler+0x68>)
  40:	2201      	movs	r2, #1
  42:	701a      	strb	r2, [r3, #0]
C:\cortex\dimmers\src/stm32f10x_vector.c:175
    }

    /* Call the application's entry point.*/
    main();
  44:	f7ff fffe 	bl	0 <main>
C:\cortex\dimmers\src/stm32f10x_vector.c:176
}
  48:	e8bd 4001 	ldmia.w	sp!, {r0, lr}
  4c:	4685      	mov	sp, r0
  4e:	4770      	bx	lr
	...
  64:	40021024 	.word	0x40021024
  68:	00000000 	.word	0x00000000
